../Core/Src/main.c:49:5:__io_putchar	1
E:\stm32\stm32cubeIDE\STM32CubeIDE_1.19.0\STM32CubeIDE\plugins\com.st.stm32cube.ide.mcu.externaltools.gnu-tools-for-stm32.13.3.rel1.win32_1.0.0.202411081344\tools\bin/../lib/gcc/arm-none-eabi/13.3.1/../../../../arm-none-eabi/include/stdio.h:220:5:fputc	1
../Core/Src/main.c:79:5:main	1
../Core/Src/main.c:125:6:SystemClock_Config	4
../Core/Src/main.c:178:13:MX_USART1_UART_Init	2
../Core/Src/main.c:213:13:MX_GPIO_Init	1
../Core/Src/main.c:237:6:Error_Handler	1
