../Core/Src/main.c:56:5:__io_putchar	24	static
E:\stm32\stm32cubeIDE\STM32CubeIDE_1.19.0\STM32CubeIDE\plugins\com.st.stm32cube.ide.mcu.externaltools.gnu-tools-for-stm32.13.3.rel1.win32_1.0.0.202411081344\tools\bin/../lib/gcc/arm-none-eabi/13.3.1/../../../../arm-none-eabi/include/stdio.h:220:5:fputc	16	static
../Core/Src/main.c:85:5:main	816	static
../Core/Src/main.c:193:6:SystemClock_Config	88	static
../Core/Src/main.c:250:13:MX_SDMMC1_SD_Init	4	static
../Core/Src/main.c:278:13:MX_USART1_UART_Init	8	static
../Core/Src/main.c:311:13:MX_DMA_Init	16	static
../Core/Src/main.c:332:13:MX_GPIO_Init	72	static
../Core/Src/main.c:829:6:Error_Handler	8	static,ignoring_inline_asm
