Archive member included to satisfy reference by file (symbol)

E:/stm32/stm32cubeIDE/STM32CubeIDE_1.19.0/STM32CubeIDE/plugins/com.st.stm32cube.ide.mcu.externaltools.gnu-tools-for-stm32.13.3.rel1.win32_1.0.0.202411081344/tools/bin/../lib/gcc/arm-none-eabi/13.3.1/../../../../arm-none-eabi/lib/thumb/v7e-m+fp/hard\libc_nano.a(libc_a-exit.o)
                              E:/stm32/stm32cubeIDE/STM32CubeIDE_1.19.0/STM32CubeIDE/plugins/com.st.stm32cube.ide.mcu.externaltools.gnu-tools-for-stm32.13.3.rel1.win32_1.0.0.202411081344/tools/bin/../lib/gcc/arm-none-eabi/13.3.1/../../../../arm-none-eabi/lib/thumb/v7e-m+fp/hard/crt0.o (exit)
E:/stm32/stm32cubeIDE/STM32CubeIDE_1.19.0/STM32CubeIDE/plugins/com.st.stm32cube.ide.mcu.externaltools.gnu-tools-for-stm32.13.3.rel1.win32_1.0.0.202411081344/tools/bin/../lib/gcc/arm-none-eabi/13.3.1/../../../../arm-none-eabi/lib/thumb/v7e-m+fp/hard\libc_nano.a(libc_a-nano-vfprintf_float.o)
                              (_printf_float)
E:/stm32/stm32cubeIDE/STM32CubeIDE_1.19.0/STM32CubeIDE/plugins/com.st.stm32cube.ide.mcu.externaltools.gnu-tools-for-stm32.13.3.rel1.win32_1.0.0.202411081344/tools/bin/../lib/gcc/arm-none-eabi/13.3.1/../../../../arm-none-eabi/lib/thumb/v7e-m+fp/hard\libc_nano.a(libc_a-nano-vfprintf_i.o)
                              E:/stm32/stm32cubeIDE/STM32CubeIDE_1.19.0/STM32CubeIDE/plugins/com.st.stm32cube.ide.mcu.externaltools.gnu-tools-for-stm32.13.3.rel1.win32_1.0.0.202411081344/tools/bin/../lib/gcc/arm-none-eabi/13.3.1/../../../../arm-none-eabi/lib/thumb/v7e-m+fp/hard\libc_nano.a(libc_a-nano-vfprintf_float.o) (_printf_common)
E:/stm32/stm32cubeIDE/STM32CubeIDE_1.19.0/STM32CubeIDE/plugins/com.st.stm32cube.ide.mcu.externaltools.gnu-tools-for-stm32.13.3.rel1.win32_1.0.0.202411081344/tools/bin/../lib/gcc/arm-none-eabi/13.3.1/../../../../arm-none-eabi/lib/thumb/v7e-m+fp/hard\libc_nano.a(libc_a-findfp.o)
                              E:/stm32/stm32cubeIDE/STM32CubeIDE_1.19.0/STM32CubeIDE/plugins/com.st.stm32cube.ide.mcu.externaltools.gnu-tools-for-stm32.13.3.rel1.win32_1.0.0.202411081344/tools/bin/../lib/gcc/arm-none-eabi/13.3.1/../../../../arm-none-eabi/lib/thumb/v7e-m+fp/hard\libc_nano.a(libc_a-exit.o) (__stdio_exit_handler)
E:/stm32/stm32cubeIDE/STM32CubeIDE_1.19.0/STM32CubeIDE/plugins/com.st.stm32cube.ide.mcu.externaltools.gnu-tools-for-stm32.13.3.rel1.win32_1.0.0.202411081344/tools/bin/../lib/gcc/arm-none-eabi/13.3.1/../../../../arm-none-eabi/lib/thumb/v7e-m+fp/hard\libc_nano.a(libc_a-fwalk.o)
                              E:/stm32/stm32cubeIDE/STM32CubeIDE_1.19.0/STM32CubeIDE/plugins/com.st.stm32cube.ide.mcu.externaltools.gnu-tools-for-stm32.13.3.rel1.win32_1.0.0.202411081344/tools/bin/../lib/gcc/arm-none-eabi/13.3.1/../../../../arm-none-eabi/lib/thumb/v7e-m+fp/hard\libc_nano.a(libc_a-findfp.o) (_fwalk_sglue)
E:/stm32/stm32cubeIDE/STM32CubeIDE_1.19.0/STM32CubeIDE/plugins/com.st.stm32cube.ide.mcu.externaltools.gnu-tools-for-stm32.13.3.rel1.win32_1.0.0.202411081344/tools/bin/../lib/gcc/arm-none-eabi/13.3.1/../../../../arm-none-eabi/lib/thumb/v7e-m+fp/hard\libc_nano.a(libc_a-printf.o)
                              ./Core/Src/main.o (printf)
E:/stm32/stm32cubeIDE/STM32CubeIDE_1.19.0/STM32CubeIDE/plugins/com.st.stm32cube.ide.mcu.externaltools.gnu-tools-for-stm32.13.3.rel1.win32_1.0.0.202411081344/tools/bin/../lib/gcc/arm-none-eabi/13.3.1/../../../../arm-none-eabi/lib/thumb/v7e-m+fp/hard\libc_nano.a(libc_a-puts.o)
                              ./Core/Src/main.o (puts)
E:/stm32/stm32cubeIDE/STM32CubeIDE_1.19.0/STM32CubeIDE/plugins/com.st.stm32cube.ide.mcu.externaltools.gnu-tools-for-stm32.13.3.rel1.win32_1.0.0.202411081344/tools/bin/../lib/gcc/arm-none-eabi/13.3.1/../../../../arm-none-eabi/lib/thumb/v7e-m+fp/hard\libc_nano.a(libc_a-stdio.o)
                              E:/stm32/stm32cubeIDE/STM32CubeIDE_1.19.0/STM32CubeIDE/plugins/com.st.stm32cube.ide.mcu.externaltools.gnu-tools-for-stm32.13.3.rel1.win32_1.0.0.202411081344/tools/bin/../lib/gcc/arm-none-eabi/13.3.1/../../../../arm-none-eabi/lib/thumb/v7e-m+fp/hard\libc_nano.a(libc_a-findfp.o) (__sread)
E:/stm32/stm32cubeIDE/STM32CubeIDE_1.19.0/STM32CubeIDE/plugins/com.st.stm32cube.ide.mcu.externaltools.gnu-tools-for-stm32.13.3.rel1.win32_1.0.0.202411081344/tools/bin/../lib/gcc/arm-none-eabi/13.3.1/../../../../arm-none-eabi/lib/thumb/v7e-m+fp/hard\libc_nano.a(libc_a-wbuf.o)
                              E:/stm32/stm32cubeIDE/STM32CubeIDE_1.19.0/STM32CubeIDE/plugins/com.st.stm32cube.ide.mcu.externaltools.gnu-tools-for-stm32.13.3.rel1.win32_1.0.0.202411081344/tools/bin/../lib/gcc/arm-none-eabi/13.3.1/../../../../arm-none-eabi/lib/thumb/v7e-m+fp/hard\libc_nano.a(libc_a-puts.o) (__swbuf_r)
E:/stm32/stm32cubeIDE/STM32CubeIDE_1.19.0/STM32CubeIDE/plugins/com.st.stm32cube.ide.mcu.externaltools.gnu-tools-for-stm32.13.3.rel1.win32_1.0.0.202411081344/tools/bin/../lib/gcc/arm-none-eabi/13.3.1/../../../../arm-none-eabi/lib/thumb/v7e-m+fp/hard\libc_nano.a(libc_a-wsetup.o)
[...]
Memory Configuration

Name             Origin             Length             Attributes
RAM              0x20000000         0x00050000         xrw
FLASH            0x08000000         0x00100000         xr
*default*        0x00000000         0xffffffff

Linker script and memory map

LOAD E:/stm32/stm32cubeIDE/STM32CubeIDE_1.19.0/STM32CubeIDE/plugins/com.st.stm32cube.ide.mcu.externaltools.gnu-tools-for-stm32.13.3.rel1.win32_1.0.0.202411081344/tools/bin/../lib/gcc/arm-none-eabi/13.3.1/thumb/v7e-m+fp/hard/crti.o
LOAD E:/stm32/stm32cubeIDE/STM32CubeIDE_1.19.0/STM32CubeIDE/plugins/com.st.stm32cube.ide.mcu.externaltools.gnu-tools-for-stm32.13.3.rel1.win32_1.0.0.202411081344/tools/bin/../lib/gcc/arm-none-eabi/13.3.1/thumb/v7e-m+fp/hard/crtbegin.o
LOAD E:/stm32/stm32cubeIDE/STM32CubeIDE_1.19.0/STM32CubeIDE/plugins/com.st.stm32cube.ide.mcu.externaltools.gnu-tools-for-stm32.13.3.rel1.win32_1.0.0.202411081344/tools/bin/../lib/gcc/arm-none-eabi/13.3.1/../../../../arm-none-eabi/lib/thumb/v7e-m+fp/hard/crt0.o
LOAD ./Core/Src/main.o
LOAD ./Core/Src/stm32f7xx_hal_msp.o
LOAD ./Core/Src/stm32f7xx_it.o
LOAD ./Core/Src/syscalls.o
LOAD ./Core/Src/sysmem.o
LOAD ./Core/Src/system_stm32f7xx.o
LOAD ./Core/Startup/startup_stm32f746nghx.o
LOAD ./Drivers/STM32F7xx_HAL_Driver/Src/stm32f7xx_hal.o
LOAD ./Drivers/STM32F7xx_HAL_Driver/Src/stm32f7xx_hal_cortex.o
LOAD ./Drivers/STM32F7xx_HAL_Driver/Src/stm32f7xx_hal_dma.o
LOAD ./Drivers/STM32F7xx_HAL_Driver/Src/stm32f7xx_hal_dma_ex.o
LOAD ./Drivers/STM32F7xx_HAL_Driver/Src/stm32f7xx_hal_exti.o
LOAD ./Drivers/STM32F7xx_HAL_Driver/Src/stm32f7xx_hal_flash.o
LOAD ./Drivers/STM32F7xx_HAL_Driver/Src/stm32f7xx_hal_flash_ex.o
LOAD ./Drivers/STM32F7xx_HAL_Driver/Src/stm32f7xx_hal_gpio.o
LOAD ./Drivers/STM32F7xx_HAL_Driver/Src/stm32f7xx_hal_i2c.o
LOAD ./Drivers/STM32F7xx_HAL_Driver/Src/stm32f7xx_hal_i2c_ex.o
LOAD ./Drivers/STM32F7xx_HAL_Driver/Src/stm32f7xx_hal_mmc.o
LOAD ./Drivers/STM32F7xx_HAL_Driver/Src/stm32f7xx_hal_pwr.o
LOAD ./Drivers/STM32F7xx_HAL_Driver/Src/stm32f7xx_hal_pwr_ex.o
LOAD ./Drivers/STM32F7xx_HAL_Driver/Src/stm32f7xx_hal_rcc.o
LOAD ./Drivers/STM32F7xx_HAL_Driver/Src/stm32f7xx_hal_rcc_ex.o
LOAD ./Drivers/STM32F7xx_HAL_Driver/Src/stm32f7xx_hal_sd.o
LOAD ./Drivers/STM32F7xx_HAL_Driver/Src/stm32f7xx_hal_uart.o
LOAD ./Drivers/STM32F7xx_HAL_Driver/Src/stm32f7xx_hal_uart_ex.o
LOAD ./Drivers/STM32F7xx_HAL_Driver/Src/stm32f7xx_ll_sdmmc.o
LOAD ./FATFS/App/fatfs.o
LOAD ./FATFS/Target/bsp_driver_sd.o
LOAD ./FATFS/Target/fatfs_platform.o
LOAD ./FATFS/Target/sd_diskio.o
LOAD ./Middlewares/Third_Party/FatFs/src/diskio.o
LOAD ./Middlewares/Third_Party/FatFs/src/ff.o
LOAD ./Middlewares/Third_Party/FatFs/src/ff_gen_drv.o
LOAD ./Middlewares/Third_Party/FatFs/src/option/syscall.o
START GROUP
LOAD E:/stm32/stm32cubeIDE/STM32CubeIDE_1.19.0/STM32CubeIDE/plugins/com.st.stm32cube.ide.mcu.externaltools.gnu-tools-for-stm32.13.3.rel1.win32_1.0.0.202411081344/tools/bin/../lib/gcc/arm-none-eabi/13.3.1/../../../../arm-none-eabi/lib/thumb/v7e-m+fp/hard\libc_nano.a
LOAD E:/stm32/stm32cubeIDE/STM32CubeIDE_1.19.0/STM32CubeIDE/plugins/com.st.stm32cube.ide.mcu.externaltools.gnu-tools-for-stm32.13.3.rel1.win32_1.0.0.202411081344/tools/bin/../lib/gcc/arm-none-eabi/13.3.1/../../../../arm-none-eabi/lib/thumb/v7e-m+fp/hard\libm.a
END GROUP
START GROUP
LOAD E:/stm32/stm32cubeIDE/STM32CubeIDE_1.19.0/STM32CubeIDE/plugins/com.st.stm32cube.ide.mcu.externaltools.gnu-tools-for-stm32.13.3.rel1.win32_1.0.0.202411081344/tools/bin/../lib/gcc/arm-none-eabi/13.3.1/thumb/v7e-m+fp/hard\libgcc.a
LOAD E:/stm32/stm32cubeIDE/STM32CubeIDE_1.19.0/STM32CubeIDE/plugins/com.st.stm32cube.ide.mcu.externaltools.gnu-tools-for-stm32.13.3.rel1.win32_1.0.0.202411081344/tools/bin/../lib/gcc/arm-none-eabi/13.3.1/../../../../arm-none-eabi/lib/thumb/v7e-m+fp/hard\libc_nano.a
END GROUP
START GROUP
LOAD E:/stm32/stm32cubeIDE/STM32CubeIDE_1.19.0/STM32CubeIDE/plugins/com.st.stm32cube.ide.mcu.externaltools.gnu-tools-for-stm32.13.3.rel1.win32_1.0.0.202411081344/tools/bin/../lib/gcc/arm-none-eabi/13.3.1/thumb/v7e-m+fp/hard\libgcc.a
LOAD E:/stm32/stm32cubeIDE/STM32CubeIDE_1.19.0/STM32CubeIDE/plugins/com.st.stm32cube.ide.mcu.externaltools.gnu-tools-for-stm32.13.3.rel1.win32_1.0.0.202411081344/tools/bin/../lib/gcc/arm-none-eabi/13.3.1/../../../../arm-none-eabi/lib/thumb/v7e-m+fp/hard\libc_nano.a
LOAD E:/stm32/stm32cubeIDE/STM32CubeIDE_1.19.0/STM32CubeIDE/plugins/com.st.stm32cube.ide.mcu.externaltools.gnu-tools-for-stm32.13.3.rel1.win32_1.0.0.202411081344/tools/bin/../lib/gcc/arm-none-eabi/13.3.1/../../../../arm-none-eabi/lib/thumb/v7e-m+fp/hard\libnosys.a
END GROUP
START GROUP
LOAD E:/stm32/stm32cubeIDE/STM32CubeIDE_1.19.0/STM32CubeIDE/plugins/com.st.stm32cube.ide.mcu.externaltools.gnu-tools-for-stm32.13.3.rel1.win32_1.0.0.202411081344/tools/bin/../lib/gcc/arm-none-eabi/13.3.1/thumb/v7e-m+fp/hard\libgcc.a
LOAD E:/stm32/stm32cubeIDE/STM32CubeIDE_1.19.0/STM32CubeIDE/plugins/com.st.stm32cube.ide.mcu.externaltools.gnu-tools-for-stm32.13.3.rel1.win32_1.0.0.202411081344/tools/bin/../lib/gcc/arm-none-eabi/13.3.1/../../../../arm-none-eabi/lib/thumb/v7e-m+fp/hard\libc_nano.a
LOAD E:/stm32/stm32cubeIDE/STM32CubeIDE_1.19.0/STM32CubeIDE/plugins/com.st.stm32cube.ide.mcu.externaltools.gnu-tools-for-stm32.13.3.rel1.win32_1.0.0.202411081344/tools/bin/../lib/gcc/arm-none-eabi/13.3.1/../../../../arm-none-eabi/lib/thumb/v7e-m+fp/hard\libnosys.a
END GROUP
LOAD E:/stm32/stm32cubeIDE/STM32CubeIDE_1.19.0/STM32CubeIDE/plugins/com.st.stm32cube.ide.mcu.externaltools.gnu-tools-for-stm32.13.3.rel1.win32_1.0.0.202411081344/tools/bin/../lib/gcc/arm-none-eabi/13.3.1/thumb/v7e-m+fp/hard/crtend.o
LOAD E:/stm32/stm32cubeIDE/STM32CubeIDE_1.19.0/STM32CubeIDE/plugins/com.st.stm32cube.ide.mcu.externaltools.gnu-tools-for-stm32.13.3.rel1.win32_1.0.0.202411081344/tools/bin/../lib/gcc/arm-none-eabi/13.3.1/thumb/v7e-m+fp/hard/crtn.o
                0x20050000                        _estack = (ORIGIN (RAM) + LENGTH (RAM))
                0x00000400                        _Min_Heap_Size = 0x400
                0x00000800                        _Min_Stack_Size = 0x800

.isr_vector     0x08000000      0x1c8
                0x08000000                        . = ALIGN (0x4)
 *(.isr_vector)
 .isr_vector    0x08000000      0x1c8 ./Core/Startup/startup_stm32f746nghx.o
                0x08000000                g_pfnVectors
                0x080001c8                        . = ALIGN (0x4)

.text           0x080001d0     0xc074
                0x080001d0                        . = ALIGN (0x4)
 *(.text)
 .text          0x080001d0       0x40 E:/stm32/stm32cubeIDE/STM32CubeIDE_1.19.0/STM32CubeIDE/plugins/com.st.stm32cube.ide.mcu.externaltools.gnu-tools-for-stm32.13.3.rel1.win32_1.0.0.202411081344/tools/bin/../lib/gcc/arm-none-eabi/13.3.1/thumb/v7e-m+fp/hard/crtbegin.o
 .text          0x08000210       0xa0 E:/stm32/stm32cubeIDE/STM32CubeIDE_1.19.0/STM32CubeIDE/plugins/com.st.stm32cube.ide.mcu.externaltools.gnu-tools-for-stm32.13.3.rel1.win32_1.0.0.202411081344/tools/bin/../lib/gcc/arm-none-eabi/13.3.1/../../../../arm-none-eabi/lib/thumb/v7e-m+fp/hard\libc_nano.a(libc_a-memchr.o)
                0x08000210                memchr
 .text          0x080002b0       0x10 E:/stm32/stm32cubeIDE/STM32CubeIDE_1.19.0/STM32CubeIDE/plugins/com.st.stm32cube.ide.mcu.externaltools.gnu-tools-for-stm32.13.3.rel1.win32_1.0.0.202411081344/tools/bin/../lib/gcc/arm-none-eabi/13.3.1/../../../../arm-none-eabi/lib/thumb/v7e-m+fp/hard\libc_nano.a(libc_a-strlen.o)
                0x080002b0                strlen
 .text          0x080002c0      0x378 E:/stm32/stm32cubeIDE/STM32CubeIDE_1.19.0/STM32CubeIDE/plugins/com.st.stm32cube.ide.mcu.externaltools.gnu-tools-for-stm32.13.3.rel1.win32_1.0.0.202411081344/tools/bin/../lib/gcc/arm-none-eabi/13.3.1/thumb/v7e-m+fp/hard\libgcc.a(_arm_addsubdf3.o)
                0x080002c0                __aeabi_drsub
                0x080002c8                __aeabi_dsub
                0x080002c8                __subdf3
                0x080002cc                __aeabi_dadd
                0x080002cc                __adddf3
                0x08000544                __floatunsidf
                0x08000544                __aeabi_ui2d
                0x08000564                __floatsidf
                0x08000564                __aeabi_i2d
                0x08000588                __aeabi_f2d
                0x08000588                __extendsfdf2
                0x080005cc                __floatundidf
                0x080005cc                __aeabi_ul2d
                0x080005dc                __floatdidf
                0x080005dc                __aeabi_l2d
 .text          0x08000638      0x424 E:/stm32/stm32cubeIDE/STM32CubeIDE_1.19.0/STM32CubeIDE/plugins/com.st.stm32cube.ide.mcu.externaltools.gnu-tools-for-stm32.13.3.rel1.win32_1.0.0.202411081344/tools/bin/../lib/gcc/arm-none-eabi/13.3.1/thumb/v7e-m+fp/hard\libgcc.a(_arm_muldivdf3.o)
                0x08000638                __aeabi_dmul
                0x08000638                __muldf3
                0x0800088c                __divdf3
                0x0800088c                __aeabi_ddiv
 .text          0x08000a5c      0x110 E:/stm32/stm32cubeIDE/STM32CubeIDE_1.19.0/STM32CubeIDE/plugins/com.st.stm32cube.ide.mcu.externaltools.gnu-tools-for-stm32.13.3.rel1.win32_1.0.0.202411081344/tools/bin/../lib/gcc/arm-none-eabi/13.3.1/thumb/v7e-m+fp/hard\libgcc.a(_arm_cmpdf2.o)
                0x08000a5c                __gtdf2
                0x08000a5c                __gedf2
                0x08000a64                __ltdf2
                0x08000a64                __ledf2
                0x08000a6c                __nedf2
                0x08000a6c                __eqdf2
                0x08000a6c                __cmpdf2
                0x08000ae8                __aeabi_cdrcmple
                0x08000af8                __aeabi_cdcmpeq
                0x08000af8                __aeabi_cdcmple
                0x08000b08                __aeabi_dcmpeq
                0x08000b1c                __aeabi_dcmplt
                0x08000b30                __aeabi_dcmple
                0x08000b44                __aeabi_dcmpge
                0x08000b58                __aeabi_dcmpgt
 .text          0x08000b6c       0x2c E:/stm32/stm32cubeIDE/STM32CubeIDE_1.19.0/STM32CubeIDE/plugins/com.st.stm32cube.ide.mcu.externaltools.gnu-tools-for-stm32.13.3.rel1.win32_1.0.0.202411081344/tools/bin/../lib/gcc/arm-none-eabi/13.3.1/thumb/v7e-m+fp/hard\libgcc.a(_arm_unorddf2.o)
                0x08000b6c                __unorddf2
                0x08000b6c                __aeabi_dcmpun
 .text          0x08000b98       0x50 E:/stm32/stm32cubeIDE/STM32CubeIDE_1.19.0/STM32CubeIDE/plugins/com.st.stm32cube.ide.mcu.externaltools.gnu-tools-for-stm32.13.3.rel1.win32_1.0.0.202411081344/tools/bin/../lib/gcc/arm-none-eabi/13.3.1/thumb/v7e-m+fp/hard\libgcc.a(_arm_fixdfsi.o)
                0x08000b98                __aeabi_d2iz
                0x08000b98                __fixdfsi
 .text          0x08000be8       0x30 E:/stm32/stm32cubeIDE/STM32CubeIDE_1.19.0/STM32CubeIDE/plugins/com.st.stm32cube.ide.mcu.externaltools.gnu-tools-for-stm32.13.3.rel1.win32_1.0.0.202411081344/tools/bin/../lib/gcc/arm-none-eabi/13.3.1/thumb/v7e-m+fp/hard\libgcc.a(_aeabi_uldivmod.o)
                0x08000be8                __aeabi_uldivmod
 .text          0x08000c18      0x2f8 E:/stm32/stm32cubeIDE/STM32CubeIDE_1.19.0/STM32CubeIDE/plugins/com.st.stm32cube.ide.mcu.externaltools.gnu-tools-for-stm32.13.3.rel1.win32_1.0.0.202411081344/tools/bin/../lib/gcc/arm-none-eabi/13.3.1/thumb/v7e-m+fp/hard\libgcc.a(_udivmoddi4.o)
                0x08000c18                __udivmoddi4
 .text          0x08000f10        0x4 E:/stm32/stm32cubeIDE/STM32CubeIDE_1.19.0/STM32CubeIDE/plugins/com.st.stm32cube.ide.mcu.externaltools.gnu-tools-for-stm32.13.3.rel1.win32_1.0.0.202411081344/tools/bin/../lib/gcc/arm-none-eabi/13.3.1/thumb/v7e-m+fp/hard\libgcc.a(_dvmd_tls.o)
                0x08000f10                __aeabi_idiv0
                0x08000f10                __aeabi_ldiv0
 *(.text*)
 .text.__io_putchar
                0x08000f14       0x2c ./Core/Src/main.o
                0x08000f14                __io_putchar
 .text.main     0x08000f40      0x220 ./Core/Src/main.o
                0x08000f40                main
 .text.SystemClock_Config
                0x08001160       0xe0 ./Core/Src/main.o
                0x08001160                SystemClock_Config
 .text.MX_SDMMC1_SD_Init
                0x08001240       0x40 ./Core/Src/main.o
 .text.MX_USART1_UART_Init
                0x08001280       0x60 ./Core/Src/main.o
 .text.MX_DMA_Init
                0x080012e0       0x4c ./Core/Src/main.o
 .text.MX_GPIO_Init
                0x0800132c      0x8a4 ./Core/Src/main.o
 .text.Error_Handler
                0x08001bd0       0x1c ./Core/Src/main.o
                0x08001bd0                Error_Handler
 .text.HAL_MspInit
                0x08001bec       0x48 ./Core/Src/stm32f7xx_hal_msp.o
                0x08001bec                HAL_MspInit
 .text.HAL_SD_MspInit
                0x08001c34      0x21c ./Core/Src/stm32f7xx_hal_msp.o
                0x08001c34                HAL_SD_MspInit
 .text.HAL_UART_MspInit
                0x08001e50      0x104 ./Core/Src/stm32f7xx_hal_msp.o
                0x08001e50                HAL_UART_MspInit
 .text.NMI_Handler
                0x08001f54        0x8 ./Core/Src/stm32f7xx_it.o
                0x08001f54                NMI_Handler
 .text.HardFault_Handler
                0x08001f5c        0x8 ./Core/Src/stm32f7xx_it.o
                0x08001f5c                HardFault_Handler
 .text.MemManage_Handler
                0x08001f64        0x8 ./Core/Src/stm32f7xx_it.o
                0x08001f64                MemManage_Handler
 .text.BusFault_Handler
                0x08001f6c        0x8 ./Core/Src/stm32f7xx_it.o
                0x08001f6c                BusFault_Handler
 .text.UsageFault_Handler
                0x08001f74        0x8 ./Core/Src/stm32f7xx_it.o
                0x08001f74                UsageFault_Handler
 .text.SVC_Handler
                0x08001f7c        0xe ./Core/Src/stm32f7xx_it.o
                0x08001f7c                SVC_Handler
 .text.DebugMon_Handler
                0x08001f8a        0xe ./Core/Src/stm32f7xx_it.o
                0x08001f8a                DebugMon_Handler
 .text.PendSV_Handler
                0x08001f98        0xe ./Core/Src/stm32f7xx_it.o
                0x08001f98                PendSV_Handler
 .text.SysTick_Handler
                0x08001fa6        0xc ./Core/Src/stm32f7xx_it.o
                0x08001fa6                SysTick_Handler
 *fill*         0x08001fb2        0x2 
 .text.SDMMC1_IRQHandler
                0x08001fb4       0x14 ./Core/Src/stm32f7xx_it.o
                0x08001fb4                SDMMC1_IRQHandler
 .text.DMA2_Stream3_IRQHandler
                0x08001fc8       0x14 ./Core/Src/stm32f7xx_it.o
                0x08001fc8                DMA2_Stream3_IRQHandler
 .text.DMA2_Stream6_IRQHandler
                0x08001fdc       0x14 ./Core/Src/stm32f7xx_it.o
                0x08001fdc                DMA2_Stream6_IRQHandler
 .text._getpid  0x08001ff0       0x10 ./Core/Src/syscalls.o
                0x08001ff0                _getpid
 .text._kill    0x08002000       0x20 ./Core/Src/syscalls.o
                0x08002000                _kill
 .text._exit    0x08002020       0x16 ./Core/Src/syscalls.o
                0x08002020                _exit
 .text._read    0x08002036       0x3a ./Core/Src/syscalls.o
                0x08002036                _read
 .text._write   0x08002070       0x38 ./Core/Src/syscalls.o
                0x08002070                _write
 .text._close   0x080020a8       0x18 ./Core/Src/syscalls.o
                0x080020a8                _close
 .text._fstat   0x080020c0       0x20 ./Core/Src/syscalls.o
                0x080020c0                _fstat
 .text._isatty  0x080020e0       0x16 ./Core/Src/syscalls.o
                0x080020e0                _isatty
 .text._lseek   0x080020f6       0x1a ./Core/Src/syscalls.o
                0x080020f6                _lseek
 .text._sbrk    0x08002110       0x6c ./Core/Src/sysmem.o
                0x08002110                _sbrk
 .text.SystemInit
                0x0800217c       0x24 ./Core/Src/system_stm32f7xx.o
                0x0800217c                SystemInit
 .text.Reset_Handler
                0x080021a0       0x50 ./Core/Startup/startup_stm32f746nghx.o
                0x080021a0                Reset_Handler
 .text.Default_Handler
                0x080021f0        0x2 ./Core/Startup/startup_stm32f746nghx.o
                0x080021f0                RTC_Alarm_IRQHandler
                0x080021f0                EXTI2_IRQHandler
                0x080021f0                TIM8_CC_IRQHandler
                0x080021f0                UART8_IRQHandler
                0x080021f0                SPI4_IRQHandler
                0x080021f0                TIM1_CC_IRQHandler
                0x080021f0                DMA2_Stream5_IRQHandler
                0x080021f0                DMA1_Stream5_IRQHandler
                0x080021f0                PVD_IRQHandler
                0x080021f0                TAMP_STAMP_IRQHandler
                0x080021f0                CAN2_RX1_IRQHandler
                0x080021f0                EXTI3_IRQHandler
                0x080021f0                TIM8_TRG_COM_TIM14_IRQHandler
                0x080021f0                TIM1_UP_TIM10_IRQHandler
                0x080021f0                TIM8_UP_TIM13_IRQHandler
                0x080021f0                I2C3_ER_IRQHandler
                0x080021f0                EXTI0_IRQHandler
                0x080021f0                I2C2_EV_IRQHandler
                0x080021f0                DMA1_Stream2_IRQHandler
                0x080021f0                CAN1_RX0_IRQHandler
                0x080021f0                FPU_IRQHandler
                0x080021f0                OTG_HS_WKUP_IRQHandler
                0x080021f0                LTDC_ER_IRQHandler
                0x080021f0                CAN2_SCE_IRQHandler
                0x080021f0                DMA2_Stream2_IRQHandler
                0x080021f0                SPI1_IRQHandler
                0x080021f0                TIM6_DAC_IRQHandler
                0x080021f0                TIM1_BRK_TIM9_IRQHandler
                0x080021f0                DCMI_IRQHandler
                0x080021f0                CAN2_RX0_IRQHandler
                0x080021f0                SAI2_IRQHandler
                0x080021f0                USART6_IRQHandler
                0x080021f0                USART3_IRQHandler
                0x080021f0                CAN1_RX1_IRQHandler
                0x080021f0                UART5_IRQHandler
                0x080021f0                DMA2_Stream0_IRQHandler
                0x080021f0                TIM4_IRQHandler
                0x080021f0                QUADSPI_IRQHandler
                0x080021f0                I2C1_EV_IRQHandler
                0x080021f0                DMA1_Stream6_IRQHandler
                0x080021f0                DMA1_Stream1_IRQHandler
                0x080021f0                UART4_IRQHandler
                0x080021f0                TIM3_IRQHandler
                0x080021f0                RCC_IRQHandler
                0x080021f0                TIM8_BRK_TIM12_IRQHandler
                0x080021f0                Default_Handler
                0x080021f0                CEC_IRQHandler
                0x080021f0                EXTI15_10_IRQHandler
                0x080021f0                ADC_IRQHandler
                0x080021f0                DMA1_Stream7_IRQHandler
                0x080021f0                SPI5_IRQHandler
                0x080021f0                TIM7_IRQHandler
                0x080021f0                CAN2_TX_IRQHandler
                0x080021f0                TIM5_IRQHandler
                0x080021f0                DMA2_Stream7_IRQHandler
                0x080021f0                I2C3_EV_IRQHandler
                0x080021f0                EXTI9_5_IRQHandler
                0x080021f0                RTC_WKUP_IRQHandler
                0x080021f0                LTDC_IRQHandler
                0x080021f0                ETH_WKUP_IRQHandler
                0x080021f0                SPDIF_RX_IRQHandler
                0x080021f0                SPI2_IRQHandler
                0x080021f0                OTG_HS_EP1_IN_IRQHandler
                0x080021f0                DMA1_Stream0_IRQHandler
                0x080021f0                CAN1_TX_IRQHandler
                0x080021f0                EXTI4_IRQHandler
                0x080021f0                RNG_IRQHandler
                0x080021f0                ETH_IRQHandler
                0x080021f0                OTG_HS_EP1_OUT_IRQHandler
                0x080021f0                WWDG_IRQHandler
                0x080021f0                SPI6_IRQHandler
                0x080021f0                I2C4_EV_IRQHandler
                0x080021f0                TIM2_IRQHandler
                0x080021f0                OTG_FS_WKUP_IRQHandler
                0x080021f0                TIM1_TRG_COM_TIM11_IRQHandler
                0x080021f0                OTG_HS_IRQHandler
                0x080021f0                DMA2D_IRQHandler
                0x080021f0                EXTI1_IRQHandler
                0x080021f0                UART7_IRQHandler
                0x080021f0                USART2_IRQHandler
                0x080021f0                I2C2_ER_IRQHandler
                0x080021f0                DMA2_Stream1_IRQHandler
                0x080021f0                CAN1_SCE_IRQHandler
                0x080021f0                FLASH_IRQHandler
                0x080021f0                DMA2_Stream4_IRQHandler
                0x080021f0                USART1_IRQHandler
                0x080021f0                OTG_FS_IRQHandler
                0x080021f0                SPI3_IRQHandler
                0x080021f0                DMA1_Stream4_IRQHandler
                0x080021f0                I2C1_ER_IRQHandler
                0x080021f0                FMC_IRQHandler
                0x080021f0                LPTIM1_IRQHandler
                0x080021f0                I2C4_ER_IRQHandler
                0x080021f0                SAI1_IRQHandler
                0x080021f0                DMA1_Stream3_IRQHandler
 .text.HAL_Init
                0x080021f2       0x1a ./Drivers/STM32F7xx_HAL_Driver/Src/stm32f7xx_hal.o
                0x080021f2                HAL_Init
 .text.HAL_InitTick
                0x0800220c       0x60 ./Drivers/STM32F7xx_HAL_Driver/Src/stm32f7xx_hal.o
                0x0800220c                HAL_InitTick
 .text.HAL_IncTick
                0x0800226c       0x28 ./Drivers/STM32F7xx_HAL_Driver/Src/stm32f7xx_hal.o
                0x0800226c                HAL_IncTick
 .text.HAL_GetTick
                0x08002294       0x18 ./Drivers/STM32F7xx_HAL_Driver/Src/stm32f7xx_hal.o
                0x08002294                HAL_GetTick
 .text.HAL_Delay
                0x080022ac       0x48 ./Drivers/STM32F7xx_HAL_Driver/Src/stm32f7xx_hal.o
                0x080022ac                HAL_Delay
 .text.__NVIC_SetPriorityGrouping
                0x080022f4       0x48 ./Drivers/STM32F7xx_HAL_Driver/Src/stm32f7xx_hal_cortex.o
 .text.__NVIC_GetPriorityGrouping
                0x0800233c       0x1c ./Drivers/STM32F7xx_HAL_Driver/Src/stm32f7xx_hal_cortex.o
 .text.__NVIC_EnableIRQ
                0x08002358       0x3c ./Drivers/STM32F7xx_HAL_Driver/Src/stm32f7xx_hal_cortex.o
 .text.__NVIC_SetPriority
                0x08002394       0x54 ./Drivers/STM32F7xx_HAL_Driver/Src/stm32f7xx_hal_cortex.o
 .text.NVIC_EncodePriority
                0x080023e8       0x66 ./Drivers/STM32F7xx_HAL_Driver/Src/stm32f7xx_hal_cortex.o
 *fill*         0x0800244e        0x2 
 .text.SysTick_Config
                0x08002450       0x44 ./Drivers/STM32F7xx_HAL_Driver/Src/stm32f7xx_hal_cortex.o
 .text.HAL_NVIC_SetPriorityGrouping
                0x08002494       0x16 ./Drivers/STM32F7xx_HAL_Driver/Src/stm32f7xx_hal_cortex.o
                0x08002494                HAL_NVIC_SetPriorityGrouping
 .text.HAL_NVIC_SetPriority
                0x080024aa       0x38 ./Drivers/STM32F7xx_HAL_Driver/Src/stm32f7xx_hal_cortex.o
                0x080024aa                HAL_NVIC_SetPriority
 .text.HAL_NVIC_EnableIRQ
                0x080024e2       0x1c ./Drivers/STM32F7xx_HAL_Driver/Src/stm32f7xx_hal_cortex.o
                0x080024e2                HAL_NVIC_EnableIRQ
 .text.HAL_SYSTICK_Config
                0x080024fe       0x18 ./Drivers/STM32F7xx_HAL_Driver/Src/stm32f7xx_hal_cortex.o
                0x080024fe                HAL_SYSTICK_Config
 *fill*         0x08002516        0x2 
 .text.HAL_DMA_Init
                0x08002518      0x15c ./Drivers/STM32F7xx_HAL_Driver/Src/stm32f7xx_hal_dma.o
                0x08002518                HAL_DMA_Init
 .text.HAL_DMA_Start_IT
                0x08002674       0xc0 ./Drivers/STM32F7xx_HAL_Driver/Src/stm32f7xx_hal_dma.o
                0x08002674                HAL_DMA_Start_IT
 .text.HAL_DMA_Abort_IT
                0x08002734       0x44 ./Drivers/STM32F7xx_HAL_Driver/Src/stm32f7xx_hal_dma.o
                0x08002734                HAL_DMA_Abort_IT
 .text.HAL_DMA_IRQHandler
                0x08002778      0x314 ./Drivers/STM32F7xx_HAL_Driver/Src/stm32f7xx_hal_dma.o
                0x08002778                HAL_DMA_IRQHandler
 .text.HAL_DMA_GetError
                0x08002a8c       0x18 ./Drivers/STM32F7xx_HAL_Driver/Src/stm32f7xx_hal_dma.o
                0x08002a8c                HAL_DMA_GetError
 .text.DMA_SetConfig
                0x08002aa4       0x5c ./Drivers/STM32F7xx_HAL_Driver/Src/stm32f7xx_hal_dma.o
 .text.DMA_CalcBaseAndBitshift
                0x08002b00       0x6c ./Drivers/STM32F7xx_HAL_Driver/Src/stm32f7xx_hal_dma.o
 .text.DMA_CheckFifoParam
                0x08002b6c       0xf8 ./Drivers/STM32F7xx_HAL_Driver/Src/stm32f7xx_hal_dma.o
 .text.HAL_GPIO_Init
                0x08002c64      0x358 ./Drivers/STM32F7xx_HAL_Driver/Src/stm32f7xx_hal_gpio.o
                0x08002c64                HAL_GPIO_Init
 .text.HAL_GPIO_ReadPin
                0x08002fbc       0x30 ./Drivers/STM32F7xx_HAL_Driver/Src/stm32f7xx_hal_gpio.o
                0x08002fbc                HAL_GPIO_ReadPin
 .text.HAL_GPIO_WritePin
                0x08002fec       0x32 ./Drivers/STM32F7xx_HAL_Driver/Src/stm32f7xx_hal_gpio.o
                0x08002fec                HAL_GPIO_WritePin
 *fill*         0x0800301e        0x2 
 .text.HAL_PWR_EnableBkUpAccess
                0x08003020       0x20 ./Drivers/STM32F7xx_HAL_Driver/Src/stm32f7xx_hal_pwr.o
                0x08003020                HAL_PWR_EnableBkUpAccess
 .text.HAL_PWREx_EnableOverDrive
                0x08003040       0xa0 ./Drivers/STM32F7xx_HAL_Driver/Src/stm32f7xx_hal_pwr_ex.o
                0x08003040                HAL_PWREx_EnableOverDrive
 .text.HAL_RCC_OscConfig
                0x080030e0      0x548 ./Drivers/STM32F7xx_HAL_Driver/Src/stm32f7xx_hal_rcc.o
                0x080030e0                HAL_RCC_OscConfig
 .text.HAL_RCC_ClockConfig
                0x08003628      0x1d8 ./Drivers/STM32F7xx_HAL_Driver/Src/stm32f7xx_hal_rcc.o
                0x08003628                HAL_RCC_ClockConfig
 .text.HAL_RCC_GetSysClockFreq
                0x08003800      0x18c ./Drivers/STM32F7xx_HAL_Driver/Src/stm32f7xx_hal_rcc.o
                0x08003800                HAL_RCC_GetSysClockFreq
 .text.HAL_RCC_GetHCLKFreq
                0x0800398c       0x18 ./Drivers/STM32F7xx_HAL_Driver/Src/stm32f7xx_hal_rcc.o
                0x0800398c                HAL_RCC_GetHCLKFreq
 .text.HAL_RCC_GetPCLK1Freq
                0x080039a4       0x28 ./Drivers/STM32F7xx_HAL_Driver/Src/stm32f7xx_hal_rcc.o
                0x080039a4                HAL_RCC_GetPCLK1Freq
 .text.HAL_RCC_GetPCLK2Freq
                0x080039cc       0x28 ./Drivers/STM32F7xx_HAL_Driver/Src/stm32f7xx_hal_rcc.o
                0x080039cc                HAL_RCC_GetPCLK2Freq
 .text.HAL_RCCEx_PeriphCLKConfig
                0x080039f4      0x7e0 ./Drivers/STM32F7xx_HAL_Driver/Src/stm32f7xx_hal_rcc_ex.o
                0x080039f4                HAL_RCCEx_PeriphCLKConfig
 .text.HAL_SD_Init
                0x080041d4       0x60 ./Drivers/STM32F7xx_HAL_Driver/Src/stm32f7xx_hal_sd.o
                0x080041d4                HAL_SD_Init
 .text.HAL_SD_InitCard
                0x08004234      0x100 ./Drivers/STM32F7xx_HAL_Driver/Src/stm32f7xx_hal_sd.o
                0x08004234                HAL_SD_InitCard
 .text.HAL_SD_ReadBlocks_DMA
                0x08004334      0x1c4 ./Drivers/STM32F7xx_HAL_Driver/Src/stm32f7xx_hal_sd.o
                0x08004334                HAL_SD_ReadBlocks_DMA
 .text.HAL_SD_WriteBlocks_DMA
                0x080044f8      0x1cc ./Drivers/STM32F7xx_HAL_Driver/Src/stm32f7xx_hal_sd.o
                0x080044f8                HAL_SD_WriteBlocks_DMA
 .text.HAL_SD_IRQHandler
                0x080046c4      0x2ec ./Drivers/STM32F7xx_HAL_Driver/Src/stm32f7xx_hal_sd.o
                0x080046c4                HAL_SD_IRQHandler
 .text.HAL_SD_ErrorCallback
                0x080049b0       0x14 ./Drivers/STM32F7xx_HAL_Driver/Src/stm32f7xx_hal_sd.o
                0x080049b0                HAL_SD_ErrorCallback
 .text.HAL_SD_GetCardCSD
                0x080049c4      0x348 ./Drivers/STM32F7xx_HAL_Driver/Src/stm32f7xx_hal_sd.o
                0x080049c4                HAL_SD_GetCardCSD
 .text.HAL_SD_GetCardInfo
                0x08004d0c       0x58 ./Drivers/STM32F7xx_HAL_Driver/Src/stm32f7xx_hal_sd.o
                0x08004d0c                HAL_SD_GetCardInfo
 .text.HAL_SD_ConfigWideBusOperation
                0x08004d64      0x134 ./Drivers/STM32F7xx_HAL_Driver/Src/stm32f7xx_hal_sd.o
                0x08004d64                HAL_SD_ConfigWideBusOperation
 .text.HAL_SD_GetCardState
                0x08004e98       0x40 ./Drivers/STM32F7xx_HAL_Driver/Src/stm32f7xx_hal_sd.o
                0x08004e98                HAL_SD_GetCardState
 .text.SD_DMATransmitCplt
                0x08004ed8       0x2a ./Drivers/STM32F7xx_HAL_Driver/Src/stm32f7xx_hal_sd.o
 .text.SD_DMAReceiveCplt
                0x08004f02       0x70 ./Drivers/STM32F7xx_HAL_Driver/Src/stm32f7xx_hal_sd.o
 *fill*         0x08004f72        0x2 
 .text.SD_DMAError
                0x08004f74       0xa4 ./Drivers/STM32F7xx_HAL_Driver/Src/stm32f7xx_hal_sd.o
 .text.SD_DMATxAbort
                0x08005018       0x6e ./Drivers/STM32F7xx_HAL_Driver/Src/stm32f7xx_hal_sd.o
 .text.SD_DMARxAbort
                0x08005086       0x6e ./Drivers/STM32F7xx_HAL_Driver/Src/stm32f7xx_hal_sd.o
 .text.SD_InitCard
                0x080050f4      0x19c ./Drivers/STM32F7xx_HAL_Driver/Src/stm32f7xx_hal_sd.o
 .text.SD_PowerON
                0x08005290      0x11c ./Drivers/STM32F7xx_HAL_Driver/Src/stm32f7xx_hal_sd.o
 .text.SD_SendStatus
                0x080053ac       0x50 ./Drivers/STM32F7xx_HAL_Driver/Src/stm32f7xx_hal_sd.o
 .text.SD_WideBus_Enable
                0x080053fc       0x96 ./Drivers/STM32F7xx_HAL_Driver/Src/stm32f7xx_hal_sd.o
 .text.SD_WideBus_Disable
                0x08005492       0x96 ./Drivers/STM32F7xx_HAL_Driver/Src/stm32f7xx_hal_sd.o
 .text.SD_FindSCR
                0x08005528      0x1a6 ./Drivers/STM32F7xx_HAL_Driver/Src/stm32f7xx_hal_sd.o
 .text.SD_Read_IT
                0x080056ce       0xa2 ./Drivers/STM32F7xx_HAL_Driver/Src/stm32f7xx_hal_sd.o
 .text.SD_Write_IT
                0x08005770       0xaa ./Drivers/STM32F7xx_HAL_Driver/Src/stm32f7xx_hal_sd.o
 .text.HAL_UART_Init
                0x0800581a       0x9c ./Drivers/STM32F7xx_HAL_Driver/Src/stm32f7xx_hal_uart.o
                0x0800581a                HAL_UART_Init
 .text.HAL_UART_Transmit
                0x080058b6      0x112 ./Drivers/STM32F7xx_HAL_Driver/Src/stm32f7xx_hal_uart.o
                0x080058b6                HAL_UART_Transmit
 .text.UART_SetConfig
                0x080059c8      0x4c8 ./Drivers/STM32F7xx_HAL_Driver/Src/stm32f7xx_hal_uart.o
                0x080059c8                UART_SetConfig
 .text.UART_AdvFeatureConfig
                0x08005e90      0x144 ./Drivers/STM32F7xx_HAL_Driver/Src/stm32f7xx_hal_uart.o
                0x08005e90                UART_AdvFeatureConfig
 .text.UART_CheckIdleState
                0x08005fd4       0xae ./Drivers/STM32F7xx_HAL_Driver/Src/stm32f7xx_hal_uart.o
                0x08005fd4                UART_CheckIdleState
 .text.UART_WaitOnFlagUntilTimeout
                0x08006082       0xda ./Drivers/STM32F7xx_HAL_Driver/Src/stm32f7xx_hal_uart.o
                0x08006082                UART_WaitOnFlagUntilTimeout
 .text.UART_EndRxTransfer
                0x0800615c       0xc8 ./Drivers/STM32F7xx_HAL_Driver/Src/stm32f7xx_hal_uart.o
 .text.SDMMC_Init
                0x08006224       0x58 ./Drivers/STM32F7xx_HAL_Driver/Src/stm32f7xx_ll_sdmmc.o
                0x08006224                SDMMC_Init
 .text.SDMMC_ReadFIFO
                0x0800627c       0x1a ./Drivers/STM32F7xx_HAL_Driver/Src/stm32f7xx_ll_sdmmc.o
                0x0800627c                SDMMC_ReadFIFO
 .text.SDMMC_WriteFIFO
                0x08006296       0x22 ./Drivers/STM32F7xx_HAL_Driver/Src/stm32f7xx_ll_sdmmc.o
                0x08006296                SDMMC_WriteFIFO
 .text.SDMMC_PowerState_ON
                0x080062b8       0x1c ./Drivers/STM32F7xx_HAL_Driver/Src/stm32f7xx_ll_sdmmc.o
                0x080062b8                SDMMC_PowerState_ON
 .text.SDMMC_GetPowerState
                0x080062d4       0x1c ./Drivers/STM32F7xx_HAL_Driver/Src/stm32f7xx_ll_sdmmc.o
                0x080062d4                SDMMC_GetPowerState
 .text.SDMMC_SendCommand
                0x080062f0       0x54 ./Drivers/STM32F7xx_HAL_Driver/Src/stm32f7xx_ll_sdmmc.o
                0x080062f0                SDMMC_SendCommand
 .text.SDMMC_GetCommandResponse
                0x08006344       0x1a ./Drivers/STM32F7xx_HAL_Driver/Src/stm32f7xx_ll_sdmmc.o
                0x08006344                SDMMC_GetCommandResponse
 .text.SDMMC_GetResponse
                0x0800635e       0x26 ./Drivers/STM32F7xx_HAL_Driver/Src/stm32f7xx_ll_sdmmc.o
                0x0800635e                SDMMC_GetResponse
 .text.SDMMC_ConfigData
                0x08006384       0x58 ./Drivers/STM32F7xx_HAL_Driver/Src/stm32f7xx_ll_sdmmc.o
                0x08006384                SDMMC_ConfigData
 .text.SDMMC_CmdBlockLength
                0x080063dc       0x44 ./Drivers/STM32F7xx_HAL_Driver/Src/stm32f7xx_ll_sdmmc.o
                0x080063dc                SDMMC_CmdBlockLength
 .text.SDMMC_CmdReadSingleBlock
                0x08006420       0x44 ./Drivers/STM32F7xx_HAL_Driver/Src/stm32f7xx_ll_sdmmc.o
                0x08006420                SDMMC_CmdReadSingleBlock
 .text.SDMMC_CmdReadMultiBlock
                0x08006464       0x44 ./Drivers/STM32F7xx_HAL_Driver/Src/stm32f7xx_ll_sdmmc.o
                0x08006464                SDMMC_CmdReadMultiBlock
 .text.SDMMC_CmdWriteSingleBlock
                0x080064a8       0x44 ./Drivers/STM32F7xx_HAL_Driver/Src/stm32f7xx_ll_sdmmc.o
                0x080064a8                SDMMC_CmdWriteSingleBlock
 .text.SDMMC_CmdWriteMultiBlock
                0x080064ec       0x44 ./Drivers/STM32F7xx_HAL_Driver/Src/stm32f7xx_ll_sdmmc.o
                0x080064ec                SDMMC_CmdWriteMultiBlock
 .text.SDMMC_CmdStopTransfer
                0x08006530       0x44 ./Drivers/STM32F7xx_HAL_Driver/Src/stm32f7xx_ll_sdmmc.o
                0x08006530                SDMMC_CmdStopTransfer
 .text.SDMMC_CmdSelDesel
                0x08006574       0x46 ./Drivers/STM32F7xx_HAL_Driver/Src/stm32f7xx_ll_sdmmc.o
                0x08006574                SDMMC_CmdSelDesel
 .text.SDMMC_CmdGoIdleState
                0x080065ba       0x3c ./Drivers/STM32F7xx_HAL_Driver/Src/stm32f7xx_ll_sdmmc.o
                0x080065ba                SDMMC_CmdGoIdleState
 .text.SDMMC_CmdOperCond
                0x080065f6       0x3e ./Drivers/STM32F7xx_HAL_Driver/Src/stm32f7xx_ll_sdmmc.o
                0x080065f6                SDMMC_CmdOperCond
 .text.SDMMC_CmdAppCommand
                0x08006634       0x44 ./Drivers/STM32F7xx_HAL_Driver/Src/stm32f7xx_ll_sdmmc.o
                0x08006634                SDMMC_CmdAppCommand
 .text.SDMMC_CmdAppOperCommand
                0x08006678       0x48 ./Drivers/STM32F7xx_HAL_Driver/Src/stm32f7xx_ll_sdmmc.o
                0x08006678                SDMMC_CmdAppOperCommand
 .text.SDMMC_CmdBusWidth
                0x080066c0       0x44 ./Drivers/STM32F7xx_HAL_Driver/Src/stm32f7xx_ll_sdmmc.o
                0x080066c0                SDMMC_CmdBusWidth
 .text.SDMMC_CmdSendSCR
                0x08006704       0x42 ./Drivers/STM32F7xx_HAL_Driver/Src/stm32f7xx_ll_sdmmc.o
                0x08006704                SDMMC_CmdSendSCR
 .text.SDMMC_CmdSendCID
                0x08006746       0x3c ./Drivers/STM32F7xx_HAL_Driver/Src/stm32f7xx_ll_sdmmc.o
                0x08006746                SDMMC_CmdSendCID
 .text.SDMMC_CmdSendCSD
                0x08006782       0x3e ./Drivers/STM32F7xx_HAL_Driver/Src/stm32f7xx_ll_sdmmc.o
                0x08006782                SDMMC_CmdSendCSD
 .text.SDMMC_CmdSetRelAdd
                0x080067c0       0x42 ./Drivers/STM32F7xx_HAL_Driver/Src/stm32f7xx_ll_sdmmc.o
                0x080067c0                SDMMC_CmdSetRelAdd
 .text.SDMMC_CmdSendStatus
                0x08006802       0x44 ./Drivers/STM32F7xx_HAL_Driver/Src/stm32f7xx_ll_sdmmc.o
                0x08006802                SDMMC_CmdSendStatus
 *fill*         0x08006846        0x2 
 .text.SDMMC_GetCmdResp1
                0x08006848      0x1dc ./Drivers/STM32F7xx_HAL_Driver/Src/stm32f7xx_ll_sdmmc.o
                0x08006848                SDMMC_GetCmdResp1
 .text.SDMMC_GetCmdResp2
                0x08006a24       0x90 ./Drivers/STM32F7xx_HAL_Driver/Src/stm32f7xx_ll_sdmmc.o
                0x08006a24                SDMMC_GetCmdResp2
 .text.SDMMC_GetCmdResp3
                0x08006ab4       0x7c ./Drivers/STM32F7xx_HAL_Driver/Src/stm32f7xx_ll_sdmmc.o
                0x08006ab4                SDMMC_GetCmdResp3
 .text.SDMMC_GetCmdResp6
                0x08006b30       0xec ./Drivers/STM32F7xx_HAL_Driver/Src/stm32f7xx_ll_sdmmc.o
                0x08006b30                SDMMC_GetCmdResp6
 .text.SDMMC_GetCmdResp7
                0x08006c1c       0x9c ./Drivers/STM32F7xx_HAL_Driver/Src/stm32f7xx_ll_sdmmc.o
                0x08006c1c                SDMMC_GetCmdResp7
 .text.SDMMC_GetCmdError
                0x08006cb8       0x58 ./Drivers/STM32F7xx_HAL_Driver/Src/stm32f7xx_ll_sdmmc.o
 .text.MX_FATFS_Init
                0x08006d10       0x24 ./FATFS/App/fatfs.o
                0x08006d10                MX_FATFS_Init
 .text.get_fattime
                0x08006d34       0x10 ./FATFS/App/fatfs.o
                0x08006d34                get_fattime
 .text.BSP_SD_Init
                0x08006d44       0x4c ./FATFS/Target/bsp_driver_sd.o
                0x08006d44                BSP_SD_Init
 .text.BSP_SD_ReadBlocks_DMA
                0x08006d90       0x34 ./FATFS/Target/bsp_driver_sd.o
                0x08006d90                BSP_SD_ReadBlocks_DMA
 .text.BSP_SD_WriteBlocks_DMA
                0x08006dc4       0x34 ./FATFS/Target/bsp_driver_sd.o
                0x08006dc4                BSP_SD_WriteBlocks_DMA
 .text.BSP_SD_GetCardState
                0x08006df8       0x20 ./FATFS/Target/bsp_driver_sd.o
                0x08006df8                BSP_SD_GetCardState
 .text.BSP_SD_GetCardInfo
                0x08006e18       0x1c ./FATFS/Target/bsp_driver_sd.o
                0x08006e18                BSP_SD_GetCardInfo
 .text.HAL_SD_AbortCallback
                0x08006e34       0x14 ./FATFS/Target/bsp_driver_sd.o
                0x08006e34                HAL_SD_AbortCallback
 .text.HAL_SD_TxCpltCallback
                0x08006e48       0x14 ./FATFS/Target/bsp_driver_sd.o
                0x08006e48                HAL_SD_TxCpltCallback
 .text.HAL_SD_RxCpltCallback
                0x08006e5c       0x14 ./FATFS/Target/bsp_driver_sd.o
                0x08006e5c                HAL_SD_RxCpltCallback
 .text.BSP_SD_AbortCallback
                0x08006e70        0xe ./FATFS/Target/bsp_driver_sd.o
                0x08006e70                BSP_SD_AbortCallback
 .text.BSP_SD_IsDetected
                0x08006e7e       0x24 ./FATFS/Target/bsp_driver_sd.o
                0x08006e7e                BSP_SD_IsDetected
 *fill*         0x08006ea2        0x2 
 .text.BSP_PlatformIsDetected
                0x08006ea4       0x2c ./FATFS/Target/fatfs_platform.o
                0x08006ea4                BSP_PlatformIsDetected
 .text.SD_CheckStatusWithTimeout
                0x08006ed0       0x3a ./FATFS/Target/sd_diskio.o
 *fill*         0x08006f0a        0x2 
 .text.SD_CheckStatus
                0x08006f0c       0x3c ./FATFS/Target/sd_diskio.o
 .text.SD_initialize
                0x08006f48       0x38 ./FATFS/Target/sd_diskio.o
                0x08006f48                SD_initialize
 .text.SD_status
                0x08006f80       0x1c ./FATFS/Target/sd_diskio.o
                0x08006f80                SD_status
 .text.SD_read  0x08006f9c       0xac ./FATFS/Target/sd_diskio.o
                0x08006f9c                SD_read
 .text.SD_write
                0x08007048       0xac ./FATFS/Target/sd_diskio.o
                0x08007048                SD_write
 .text.SD_ioctl
                0x080070f4       0xb0 ./FATFS/Target/sd_diskio.o
                0x080070f4                SD_ioctl
 .text.BSP_SD_WriteCpltCallback
                0x080071a4       0x18 ./FATFS/Target/sd_diskio.o
                0x080071a4                BSP_SD_WriteCpltCallback
 .text.BSP_SD_ReadCpltCallback
                0x080071bc       0x18 ./FATFS/Target/sd_diskio.o
                0x080071bc                BSP_SD_ReadCpltCallback
 .text.disk_status
                0x080071d4       0x34 ./Middlewares/Third_Party/FatFs/src/diskio.o
                0x080071d4                disk_status
 .text.disk_initialize
                0x08007208       0x4c ./Middlewares/Third_Party/FatFs/src/diskio.o
                0x08007208                disk_initialize
 .text.disk_read
                0x08007254       0x40 ./Middlewares/Third_Party/FatFs/src/diskio.o
                0x08007254                disk_read
 .text.disk_write
                0x08007294       0x40 ./Middlewares/Third_Party/FatFs/src/diskio.o
                0x08007294                disk_write
 .text.disk_ioctl
                0x080072d4       0x3c ./Middlewares/Third_Party/FatFs/src/diskio.o
                0x080072d4                disk_ioctl
 .text.ld_word  0x08007310       0x32 ./Middlewares/Third_Party/FatFs/src/ff.o
 .text.ld_dword
                0x08007342       0x46 ./Middlewares/Third_Party/FatFs/src/ff.o
 .text.st_word  0x08007388       0x36 ./Middlewares/Third_Party/FatFs/src/ff.o
 .text.st_dword
                0x080073be       0x58 ./Middlewares/Third_Party/FatFs/src/ff.o
 .text.mem_cpy  0x08007416       0x42 ./Middlewares/Third_Party/FatFs/src/ff.o
 .text.mem_set  0x08007458       0x36 ./Middlewares/Third_Party/FatFs/src/ff.o
 .text.mem_cmp  0x0800748e       0x4e ./Middlewares/Third_Party/FatFs/src/ff.o
 .text.chk_chr  0x080074dc       0x36 ./Middlewares/Third_Party/FatFs/src/ff.o
 *fill*         0x08007512        0x2 
 .text.chk_lock
                0x08007514       0xb8 ./Middlewares/Third_Party/FatFs/src/ff.o
 .text.enq_lock
                0x080075cc       0x44 ./Middlewares/Third_Party/FatFs/src/ff.o
 .text.inc_lock
                0x08007610      0x11c ./Middlewares/Third_Party/FatFs/src/ff.o
 .text.dec_lock
                0x0800772c       0x78 ./Middlewares/Third_Party/FatFs/src/ff.o
 .text.clear_lock
                0x080077a4       0x48 ./Middlewares/Third_Party/FatFs/src/ff.o
 .text.sync_window
                0x080077ec       0x88 ./Middlewares/Third_Party/FatFs/src/ff.o
 .text.move_window
                0x08007874       0x5a ./Middlewares/Third_Party/FatFs/src/ff.o
 *fill*         0x080078ce        0x2 
 .text.sync_fs  0x080078d0       0xdc ./Middlewares/Third_Party/FatFs/src/ff.o
 .text.clust2sect
                0x080079ac       0x3e ./Middlewares/Third_Party/FatFs/src/ff.o
 .text.get_fat  0x080079ea      0x14e ./Middlewares/Third_Party/FatFs/src/ff.o
 .text.put_fat  0x08007b38      0x1d4 ./Middlewares/Third_Party/FatFs/src/ff.o
 .text.remove_chain
                0x08007d0c       0xca ./Middlewares/Third_Party/FatFs/src/ff.o
 .text.create_chain
                0x08007dd6      0x130 ./Middlewares/Third_Party/FatFs/src/ff.o
 .text.clmt_clust
                0x08007f06       0x68 ./Middlewares/Third_Party/FatFs/src/ff.o
 .text.dir_sdi  0x08007f6e       0xf6 ./Middlewares/Third_Party/FatFs/src/ff.o
 .text.dir_next
                0x08008064      0x18a ./Middlewares/Third_Party/FatFs/src/ff.o
 .text.dir_alloc
                0x080081ee       0x8e ./Middlewares/Third_Party/FatFs/src/ff.o
 .text.ld_clust
                0x0800827c       0x3e ./Middlewares/Third_Party/FatFs/src/ff.o
 .text.st_clust
                0x080082ba       0x40 ./Middlewares/Third_Party/FatFs/src/ff.o
 .text.dir_find
                0x080082fa       0xaa ./Middlewares/Third_Party/FatFs/src/ff.o
 .text.dir_register
                0x080083a4       0x64 ./Middlewares/Third_Party/FatFs/src/ff.o
 .text.create_name
                0x08008408      0x128 ./Middlewares/Third_Party/FatFs/src/ff.o
 .text.follow_path
                0x08008530       0xe2 ./Middlewares/Third_Party/FatFs/src/ff.o
 .text.get_ldnumber
                0x08008612       0x88 ./Middlewares/Third_Party/FatFs/src/ff.o
 *fill*         0x0800869a        0x2 
 .text.check_fs
                0x0800869c       0xac ./Middlewares/Third_Party/FatFs/src/ff.o
 .text.find_volume
                0x08008748      0x498 ./Middlewares/Third_Party/FatFs/src/ff.o
 .text.validate
                0x08008be0       0x6a ./Middlewares/Third_Party/FatFs/src/ff.o
 *fill*         0x08008c4a        0x2 
 .text.f_mount  0x08008c4c       0x8c ./Middlewares/Third_Party/FatFs/src/ff.o
                0x08008c4c                f_mount
 .text.f_open   0x08008cd8      0x374 ./Middlewares/Third_Party/FatFs/src/ff.o
                0x08008cd8                f_open
 .text.f_read   0x0800904c      0x27e ./Middlewares/Third_Party/FatFs/src/ff.o
                0x0800904c                f_read
 .text.f_write  0x080092ca      0x2ea ./Middlewares/Third_Party/FatFs/src/ff.o
                0x080092ca                f_write
 .text.f_sync   0x080095b4       0xfc ./Middlewares/Third_Party/FatFs/src/ff.o
                0x080095b4                f_sync
 .text.f_close  0x080096b0       0x54 ./Middlewares/Third_Party/FatFs/src/ff.o
                0x080096b0                f_close
 .text.FATFS_LinkDriverEx
                0x08009704       0x98 ./Middlewares/Third_Party/FatFs/src/ff_gen_drv.o
                0x08009704                FATFS_LinkDriverEx
 .text.FATFS_LinkDriver
                0x0800979c       0x1e ./Middlewares/Third_Party/FatFs/src/ff_gen_drv.o
                0x0800979c                FATFS_LinkDriver
 *fill*         0x080097ba        0x2 
 .text.FATFS_UnLinkDriverEx
                0x080097bc       0x70 ./Middlewares/Third_Party/FatFs/src/ff_gen_drv.o
                0x080097bc                FATFS_UnLinkDriverEx
 .text.FATFS_UnLinkDriver
                0x0800982c       0x1a ./Middlewares/Third_Party/FatFs/src/ff_gen_drv.o
                0x0800982c                FATFS_UnLinkDriver
 .text.__cvt    0x08009846       0xca E:/stm32/stm32cubeIDE/STM32CubeIDE_1.19.0/STM32CubeIDE/plugins/com.st.stm32cube.ide.mcu.externaltools.gnu-tools-for-stm32.13.3.rel1.win32_1.0.0.202411081344/tools/bin/../lib/gcc/arm-none-eabi/13.3.1/../../../../arm-none-eabi/lib/thumb/v7e-m+fp/hard\libc_nano.a(libc_a-nano-vfprintf_float.o)
                0x08009846                __cvt
 .text.__exponent
                0x08009910       0x74 E:/stm32/stm32cubeIDE/STM32CubeIDE_1.19.0/STM32CubeIDE/plugins/com.st.stm32cube.ide.mcu.externaltools.gnu-tools-for-stm32.13.3.rel1.win32_1.0.0.202411081344/tools/bin/../lib/gcc/arm-none-eabi/13.3.1/../../../../arm-none-eabi/lib/thumb/v7e-m+fp/hard\libc_nano.a(libc_a-nano-vfprintf_float.o)
                0x08009910                __exponent
 .text._printf_float
                0x08009984      0x454 E:/stm32/stm32cubeIDE/STM32CubeIDE_1.19.0/STM32CubeIDE/plugins/com.st.stm32cube.ide.mcu.externaltools.gnu-tools-for-stm32.13.3.rel1.win32_1.0.0.202411081344/tools/bin/../lib/gcc/arm-none-eabi/13.3.1/../../../../arm-none-eabi/lib/thumb/v7e-m+fp/hard\libc_nano.a(libc_a-nano-vfprintf_float.o)
                0x08009984                _printf_float
 .text._printf_common
                0x08009dd8       0xda E:/stm32/stm32cubeIDE/STM32CubeIDE_1.19.0/STM32CubeIDE/plugins/com.st.stm32cube.ide.mcu.externaltools.gnu-tools-for-stm32.13.3.rel1.win32_1.0.0.202411081344/tools/bin/../lib/gcc/arm-none-eabi/13.3.1/../../../../arm-none-eabi/lib/thumb/v7e-m+fp/hard\libc_nano.a(libc_a-nano-vfprintf_i.o)
                0x08009dd8                _printf_common
 *fill*         0x08009eb2        0x2 
 .text._printf_i
                0x08009eb4      0x23c E:/stm32/stm32cubeIDE/STM32CubeIDE_1.19.0/STM32CubeIDE/plugins/com.st.stm32cube.ide.mcu.externaltools.gnu-tools-for-stm32.13.3.rel1.win32_1.0.0.202411081344/tools/bin/../lib/gcc/arm-none-eabi/13.3.1/../../../../arm-none-eabi/lib/thumb/v7e-m+fp/hard\libc_nano.a(libc_a-nano-vfprintf_i.o)
                0x08009eb4                _printf_i
 .text.std      0x0800a0f0       0x6c E:/stm32/stm32cubeIDE/STM32CubeIDE_1.19.0/STM32CubeIDE/plugins/com.st.stm32cube.ide.mcu.externaltools.gnu-tools-for-stm32.13.3.rel1.win32_1.0.0.202411081344/tools/bin/../lib/gcc/arm-none-eabi/13.3.1/../../../../arm-none-eabi/lib/thumb/v7e-m+fp/hard\libc_nano.a(libc_a-findfp.o)
 .text.stdio_exit_handler
                0x0800a15c       0x18 E:/stm32/stm32cubeIDE/STM32CubeIDE_1.19.0/STM32CubeIDE/plugins/com.st.stm32cube.ide.mcu.externaltools.gnu-tools-for-stm32.13.3.rel1.win32_1.0.0.202411081344/tools/bin/../lib/gcc/arm-none-eabi/13.3.1/../../../../arm-none-eabi/lib/thumb/v7e-m+fp/hard\libc_nano.a(libc_a-findfp.o)
 .text.cleanup_stdio
                0x0800a174       0x40 E:/stm32/stm32cubeIDE/STM32CubeIDE_1.19.0/STM32CubeIDE/plugins/com.st.stm32cube.ide.mcu.externaltools.gnu-tools-for-stm32.13.3.rel1.win32_1.0.0.202411081344/tools/bin/../lib/gcc/arm-none-eabi/13.3.1/../../../../arm-none-eabi/lib/thumb/v7e-m+fp/hard\libc_nano.a(libc_a-findfp.o)
 .text.global_stdio_init.part.0
                0x0800a1b4       0x3c E:/stm32/stm32cubeIDE/STM32CubeIDE_1.19.0/STM32CubeIDE/plugins/com.st.stm32cube.ide.mcu.externaltools.gnu-tools-for-stm32.13.3.rel1.win32_1.0.0.202411081344/tools/bin/../lib/gcc/arm-none-eabi/13.3.1/../../../../arm-none-eabi/lib/thumb/v7e-m+fp/hard\libc_nano.a(libc_a-findfp.o)
 .text.__sfp_lock_acquire
                0x0800a1f0        0xc E:/stm32/stm32cubeIDE/STM32CubeIDE_1.19.0/STM32CubeIDE/plugins/com.st.stm32cube.ide.mcu.externaltools.gnu-tools-for-stm32.13.3.rel1.win32_1.0.0.202411081344/tools/bin/../lib/gcc/arm-none-eabi/13.3.1/../../../../arm-none-eabi/lib/thumb/v7e-m+fp/hard\libc_nano.a(libc_a-findfp.o)
                0x0800a1f0                __sfp_lock_acquire
 .text.__sfp_lock_release
                0x0800a1fc        0xc E:/stm32/stm32cubeIDE/STM32CubeIDE_1.19.0/STM32CubeIDE/plugins/com.st.stm32cube.ide.mcu.externaltools.gnu-tools-for-stm32.13.3.rel1.win32_1.0.0.202411081344/tools/bin/../lib/gcc/arm-none-eabi/13.3.1/../../../../arm-none-eabi/lib/thumb/v7e-m+fp/hard\libc_nano.a(libc_a-findfp.o)
                0x0800a1fc                __sfp_lock_release
 .text.__sinit  0x0800a208       0x30 E:/stm32/stm32cubeIDE/STM32CubeIDE_1.19.0/STM32CubeIDE/plugins/com.st.stm32cube.ide.mcu.externaltools.gnu-tools-for-stm32.13.3.rel1.win32_1.0.0.202411081344/tools/bin/../lib/gcc/arm-none-eabi/13.3.1/../../../../arm-none-eabi/lib/thumb/v7e-m+fp/hard\libc_nano.a(libc_a-findfp.o)
                0x0800a208                __sinit
 .text._fwalk_sglue
                0x0800a238       0x3c E:/stm32/stm32cubeIDE/STM32CubeIDE_1.19.0/STM32CubeIDE/plugins/com.st.stm32cube.ide.mcu.externaltools.gnu-tools-for-stm32.13.3.rel1.win32_1.0.0.202411081344/tools/bin/../lib/gcc/arm-none-eabi/13.3.1/../../../../arm-none-eabi/lib/thumb/v7e-m+fp/hard\libc_nano.a(libc_a-fwalk.o)
                0x0800a238                _fwalk_sglue
 .text.printf   0x0800a274       0x24 E:/stm32/stm32cubeIDE/STM32CubeIDE_1.19.0/STM32CubeIDE/plugins/com.st.stm32cube.ide.mcu.externaltools.gnu-tools-for-stm32.13.3.rel1.win32_1.0.0.202411081344/tools/bin/../lib/gcc/arm-none-eabi/13.3.1/../../../../arm-none-eabi/lib/thumb/v7e-m+fp/hard\libc_nano.a(libc_a-printf.o)
                0x0800a274                iprintf
                0x0800a274                printf
 .text._puts_r  0x0800a298       0xaa E:/stm32/stm32cubeIDE/STM32CubeIDE_1.19.0/STM32CubeIDE/plugins/com.st.stm32cube.ide.mcu.externaltools.gnu-tools-for-stm32.13.3.rel1.win32_1.0.0.202411081344/tools/bin/../lib/gcc/arm-none-eabi/13.3.1/../../../../arm-none-eabi/lib/thumb/v7e-m+fp/hard\libc_nano.a(libc_a-puts.o)
                0x0800a298                _puts_r
 *fill*         0x0800a342        0x2 
 .text.puts     0x0800a344       0x10 E:/stm32/stm32cubeIDE/STM32CubeIDE_1.19.0/STM32CubeIDE/plugins/com.st.stm32cube.ide.mcu.externaltools.gnu-tools-for-stm32.13.3.rel1.win32_1.0.0.202411081344/tools/bin/../lib/gcc/arm-none-eabi/13.3.1/../../../../arm-none-eabi/lib/thumb/v7e-m+fp/hard\libc_nano.a(libc_a-puts.o)
                0x0800a344                puts
 .text.__sread  0x0800a354       0x22 E:/stm32/stm32cubeIDE/STM32CubeIDE_1.19.0/STM32CubeIDE/plugins/com.st.stm32cube.ide.mcu.externaltools.gnu-tools-for-stm32.13.3.rel1.win32_1.0.0.202411081344/tools/bin/../lib/gcc/arm-none-eabi/13.3.1/../../../../arm-none-eabi/lib/thumb/v7e-m+fp/hard\libc_nano.a(libc_a-stdio.o)
                0x0800a354                __sread
 .text.__swrite
                0x0800a376       0x38 E:/stm32/stm32cubeIDE/STM32CubeIDE_1.19.0/STM32CubeIDE/plugins/com.st.stm32cube.ide.mcu.externaltools.gnu-tools-for-stm32.13.3.rel1.win32_1.0.0.202411081344/tools/bin/../lib/gcc/arm-none-eabi/13.3.1/../../../../arm-none-eabi/lib/thumb/v7e-m+fp/hard\libc_nano.a(libc_a-stdio.o)
                0x0800a376                __swrite
 .text.__sseek  0x0800a3ae       0x24 E:/stm32/stm32cubeIDE/STM32CubeIDE_1.19.0/STM32CubeIDE/plugins/com.st.stm32cube.ide.mcu.externaltools.gnu-tools-for-stm32.13.3.rel1.win32_1.0.0.202411081344/tools/bin/../lib/gcc/arm-none-eabi/13.3.1/../../../../arm-none-eabi/lib/thumb/v7e-m+fp/hard\libc_nano.a(libc_a-stdio.o)
                0x0800a3ae                __sseek
 .text.__sclose
                0x0800a3d2        0x8 E:/stm32/stm32cubeIDE/STM32CubeIDE_1.19.0/STM32CubeIDE/plugins/com.st.stm32cube.ide.mcu.externaltools.gnu-tools-for-stm32.13.3.rel1.win32_1.0.0.202411081344/tools/bin/../lib/gcc/arm-none-eabi/13.3.1/../../../../arm-none-eabi/lib/thumb/v7e-m+fp/hard\libc_nano.a(libc_a-stdio.o)
                0x0800a3d2                __sclose
 .text.__swbuf_r
                0x0800a3da       0x7c E:/stm32/stm32cubeIDE/STM32CubeIDE_1.19.0/STM32CubeIDE/plugins/com.st.stm32cube.ide.mcu.externaltools.gnu-tools-for-stm32.13.3.rel1.win32_1.0.0.202411081344/tools/bin/../lib/gcc/arm-none-eabi/13.3.1/../../../../arm-none-eabi/lib/thumb/v7e-m+fp/hard\libc_nano.a(libc_a-wbuf.o)
                0x0800a3da                __swbuf_r
 *fill*         0x0800a456        0x2 
 .text.__swsetup_r
                0x0800a458       0xac E:/stm32/stm32cubeIDE/STM32CubeIDE_1.19.0/STM32CubeIDE/plugins/com.st.stm32cube.ide.mcu.externaltools.gnu-tools-for-stm32.13.3.rel1.win32_1.0.0.202411081344/tools/bin/../lib/gcc/arm-none-eabi/13.3.1/../../../../arm-none-eabi/lib/thumb/v7e-m+fp/hard\libc_nano.a(libc_a-wsetup.o)
                0x0800a458                __swsetup_r
 .text.memset   0x0800a504       0x10 E:/stm32/stm32cubeIDE/STM32CubeIDE_1.19.0/STM32CubeIDE/plugins/com.st.stm32cube.ide.mcu.externaltools.gnu-tools-for-stm32.13.3.rel1.win32_1.0.0.202411081344/tools/bin/../lib/gcc/arm-none-eabi/13.3.1/../../../../arm-none-eabi/lib/thumb/v7e-m+fp/hard\libc_nano.a(libc_a-memset.o)
                0x0800a504                memset
 .text._localeconv_r
                0x0800a514        0x8 E:/stm32/stm32cubeIDE/STM32CubeIDE_1.19.0/STM32CubeIDE/plugins/com.st.stm32cube.ide.mcu.externaltools.gnu-tools-for-stm32.13.3.rel1.win32_1.0.0.202411081344/tools/bin/../lib/gcc/arm-none-eabi/13.3.1/../../../../arm-none-eabi/lib/thumb/v7e-m+fp/hard\libc_nano.a(libc_a-localeconv.o)
                0x0800a514                _localeconv_r
 .text._close_r
                0x0800a51c       0x20 E:/stm32/stm32cubeIDE/STM32CubeIDE_1.19.0/STM32CubeIDE/plugins/com.st.stm32cube.ide.mcu.externaltools.gnu-tools-for-stm32.13.3.rel1.win32_1.0.0.202411081344/tools/bin/../lib/gcc/arm-none-eabi/13.3.1/../../../../arm-none-eabi/lib/thumb/v7e-m+fp/hard\libc_nano.a(libc_a-closer.o)
                0x0800a51c                _close_r
 .text._lseek_r
                0x0800a53c       0x24 E:/stm32/stm32cubeIDE/STM32CubeIDE_1.19.0/STM32CubeIDE/plugins/com.st.stm32cube.ide.mcu.externaltools.gnu-tools-for-stm32.13.3.rel1.win32_1.0.0.202411081344/tools/bin/../lib/gcc/arm-none-eabi/13.3.1/../../../../arm-none-eabi/lib/thumb/v7e-m+fp/hard\libc_nano.a(libc_a-lseekr.o)
                0x0800a53c                _lseek_r
 .text._read_r  0x0800a560       0x24 E:/stm32/stm32cubeIDE/STM32CubeIDE_1.19.0/STM32CubeIDE/plugins/com.st.stm32cube.ide.mcu.externaltools.gnu-tools-for-stm32.13.3.rel1.win32_1.0.0.202411081344/tools/bin/../lib/gcc/arm-none-eabi/13.3.1/../../../../arm-none-eabi/lib/thumb/v7e-m+fp/hard\libc_nano.a(libc_a-readr.o)
                0x0800a560                _read_r
 .text._write_r
                0x0800a584       0x24 E:/stm32/stm32cubeIDE/STM32CubeIDE_1.19.0/STM32CubeIDE/plugins/com.st.stm32cube.ide.mcu.externaltools.gnu-tools-for-stm32.13.3.rel1.win32_1.0.0.202411081344/tools/bin/../lib/gcc/arm-none-eabi/13.3.1/../../../../arm-none-eabi/lib/thumb/v7e-m+fp/hard\libc_nano.a(libc_a-writer.o)
                0x0800a584                _write_r
 .text.__errno  0x0800a5a8        0xc E:/stm32/stm32cubeIDE/STM32CubeIDE_1.19.0/STM32CubeIDE/plugins/com.st.stm32cube.ide.mcu.externaltools.gnu-tools-for-stm32.13.3.rel1.win32_1.0.0.202411081344/tools/bin/../lib/gcc/arm-none-eabi/13.3.1/../../../../arm-none-eabi/lib/thumb/v7e-m+fp/hard\libc_nano.a(libc_a-errno.o)
                0x0800a5a8                __errno
 .text.__libc_init_array
                0x0800a5b4       0x48 E:/stm32/stm32cubeIDE/STM32CubeIDE_1.19.0/STM32CubeIDE/plugins/com.st.stm32cube.ide.mcu.externaltools.gnu-tools-for-stm32.13.3.rel1.win32_1.0.0.202411081344/tools/bin/../lib/gcc/arm-none-eabi/13.3.1/../../../../arm-none-eabi/lib/thumb/v7e-m+fp/hard\libc_nano.a(libc_a-init.o)
                0x0800a5b4                __libc_init_array
 .text.__retarget_lock_init_recursive
                0x0800a5fc        0x2 E:/stm32/stm32cubeIDE/STM32CubeIDE_1.19.0/STM32CubeIDE/plugins/com.st.stm32cube.ide.mcu.externaltools.gnu-tools-for-stm32.13.3.rel1.win32_1.0.0.202411081344/tools/bin/../lib/gcc/arm-none-eabi/13.3.1/../../../../arm-none-eabi/lib/thumb/v7e-m+fp/hard\libc_nano.a(libc_a-lock.o)
                0x0800a5fc                __retarget_lock_init_recursive
 .text.__retarget_lock_acquire_recursive
                0x0800a5fe        0x2 E:/stm32/stm32cubeIDE/STM32CubeIDE_1.19.0/STM32CubeIDE/plugins/com.st.stm32cube.ide.mcu.externaltools.gnu-tools-for-stm32.13.3.rel1.win32_1.0.0.202411081344/tools/bin/../lib/gcc/arm-none-eabi/13.3.1/../../../../arm-none-eabi/lib/thumb/v7e-m+fp/hard\libc_nano.a(libc_a-lock.o)
                0x0800a5fe                __retarget_lock_acquire_recursive
 .text.__retarget_lock_release_recursive
                0x0800a600        0x2 E:/stm32/stm32cubeIDE/STM32CubeIDE_1.19.0/STM32CubeIDE/plugins/com.st.stm32cube.ide.mcu.externaltools.gnu-tools-for-stm32.13.3.rel1.win32_1.0.0.202411081344/tools/bin/../lib/gcc/arm-none-eabi/13.3.1/../../../../arm-none-eabi/lib/thumb/v7e-m+fp/hard\libc_nano.a(libc_a-lock.o)
                0x0800a600                __retarget_lock_release_recursive
 .text.quorem   0x0800a602      0x110 E:/stm32/stm32cubeIDE/STM32CubeIDE_1.19.0/STM32CubeIDE/plugins/com.st.stm32cube.ide.mcu.externaltools.gnu-tools-for-stm32.13.3.rel1.win32_1.0.0.202411081344/tools/bin/../lib/gcc/arm-none-eabi/13.3.1/../../../../arm-none-eabi/lib/thumb/v7e-m+fp/hard\libc_nano.a(libc_a-dtoa.o)
 *fill*         0x0800a712        0x6 
 .text._dtoa_r  0x0800a718      0xba0 E:/stm32/stm32cubeIDE/STM32CubeIDE_1.19.0/STM32CubeIDE/plugins/com.st.stm32cube.ide.mcu.externaltools.gnu-tools-for-stm32.13.3.rel1.win32_1.0.0.202411081344/tools/bin/../lib/gcc/arm-none-eabi/13.3.1/../../../../arm-none-eabi/lib/thumb/v7e-m+fp/hard\libc_nano.a(libc_a-dtoa.o)
                0x0800a718                _dtoa_r
 .text._free_r  0x0800b2b8       0x94 E:/stm32/stm32cubeIDE/STM32CubeIDE_1.19.0/STM32CubeIDE/plugins/com.st.stm32cube.ide.mcu.externaltools.gnu-tools-for-stm32.13.3.rel1.win32_1.0.0.202411081344/tools/bin/../lib/gcc/arm-none-eabi/13.3.1/../../../../arm-none-eabi/lib/thumb/v7e-m+fp/hard\libc_nano.a(libc_a-freer.o)
                0x0800b2b8                _free_r
 .text.malloc   0x0800b34c       0x10 E:/stm32/stm32cubeIDE/STM32CubeIDE_1.19.0/STM32CubeIDE/plugins/com.st.stm32cube.ide.mcu.externaltools.gnu-tools-for-stm32.13.3.rel1.win32_1.0.0.202411081344/tools/bin/../lib/gcc/arm-none-eabi/13.3.1/../../../../arm-none-eabi/lib/thumb/v7e-m+fp/hard\libc_nano.a(libc_a-malloc.o)
                0x0800b34c                malloc
 .text.sbrk_aligned
                0x0800b35c       0x44 E:/stm32/stm32cubeIDE/STM32CubeIDE_1.19.0/STM32CubeIDE/plugins/com.st.stm32cube.ide.mcu.externaltools.gnu-tools-for-stm32.13.3.rel1.win32_1.0.0.202411081344/tools/bin/../lib/gcc/arm-none-eabi/13.3.1/../../../../arm-none-eabi/lib/thumb/v7e-m+fp/hard\libc_nano.a(libc_a-mallocr.o)
 .text._malloc_r
                0x0800b3a0      0x100 E:/stm32/stm32cubeIDE/STM32CubeIDE_1.19.0/STM32CubeIDE/plugins/com.st.stm32cube.ide.mcu.externaltools.gnu-tools-for-stm32.13.3.rel1.win32_1.0.0.202411081344/tools/bin/../lib/gcc/arm-none-eabi/13.3.1/../../../../arm-none-eabi/lib/thumb/v7e-m+fp/hard\libc_nano.a(libc_a-mallocr.o)
                0x0800b3a0                _malloc_r
 .text.__malloc_lock
                0x0800b4a0        0xc E:/stm32/stm32cubeIDE/STM32CubeIDE_1.19.0/STM32CubeIDE/plugins/com.st.stm32cube.ide.mcu.externaltools.gnu-tools-for-stm32.13.3.rel1.win32_1.0.0.202411081344/tools/bin/../lib/gcc/arm-none-eabi/13.3.1/../../../../arm-none-eabi/lib/thumb/v7e-m+fp/hard\libc_nano.a(libc_a-mlock.o)
                0x0800b4a0                __malloc_lock
 .text.__malloc_unlock
                0x0800b4ac        0xc E:/stm32/stm32cubeIDE/STM32CubeIDE_1.19.0/STM32CubeIDE/plugins/com.st.stm32cube.ide.mcu.externaltools.gnu-tools-for-stm32.13.3.rel1.win32_1.0.0.202411081344/tools/bin/../lib/gcc/arm-none-eabi/13.3.1/../../../../arm-none-eabi/lib/thumb/v7e-m+fp/hard\libc_nano.a(libc_a-mlock.o)
                0x0800b4ac                __malloc_unlock
 .text._Balloc  0x0800b4b8       0x80 E:/stm32/stm32cubeIDE/STM32CubeIDE_1.19.0/STM32CubeIDE/plugins/com.st.stm32cube.ide.mcu.externaltools.gnu-tools-for-stm32.13.3.rel1.win32_1.0.0.202411081344/tools/bin/../lib/gcc/arm-none-eabi/13.3.1/../../../../arm-none-eabi/lib/thumb/v7e-m+fp/hard\libc_nano.a(libc_a-mprec.o)
                0x0800b4b8                _Balloc
 .text._Bfree   0x0800b538       0x44 E:/stm32/stm32cubeIDE/STM32CubeIDE_1.19.0/STM32CubeIDE/plugins/com.st.stm32cube.ide.mcu.externaltools.gnu-tools-for-stm32.13.3.rel1.win32_1.0.0.202411081344/tools/bin/../lib/gcc/arm-none-eabi/13.3.1/../../../../arm-none-eabi/lib/thumb/v7e-m+fp/hard\libc_nano.a(libc_a-mprec.o)
                0x0800b538                _Bfree
 .text.__multadd
                0x0800b57c       0x8c E:/stm32/stm32cubeIDE/STM32CubeIDE_1.19.0/STM32CubeIDE/plugins/com.st.stm32cube.ide.mcu.externaltools.gnu-tools-for-stm32.13.3.rel1.win32_1.0.0.202411081344/tools/bin/../lib/gcc/arm-none-eabi/13.3.1/../../../../arm-none-eabi/lib/thumb/v7e-m+fp/hard\libc_nano.a(libc_a-mprec.o)
                0x0800b57c                __multadd
 .text.__hi0bits
                0x0800b608       0x3e E:/stm32/stm32cubeIDE/STM32CubeIDE_1.19.0/STM32CubeIDE/plugins/com.st.stm32cube.ide.mcu.externaltools.gnu-tools-for-stm32.13.3.rel1.win32_1.0.0.202411081344/tools/bin/../lib/gcc/arm-none-eabi/13.3.1/../../../../arm-none-eabi/lib/thumb/v7e-m+fp/hard\libc_nano.a(libc_a-mprec.o)
                0x0800b608                __hi0bits
 .text.__lo0bits
                0x0800b646       0x5a E:/stm32/stm32cubeIDE/STM32CubeIDE_1.19.0/STM32CubeIDE/plugins/com.st.stm32cube.ide.mcu.externaltools.gnu-tools-for-stm32.13.3.rel1.win32_1.0.0.202411081344/tools/bin/../lib/gcc/arm-none-eabi/13.3.1/../../../../arm-none-eabi/lib/thumb/v7e-m+fp/hard\libc_nano.a(libc_a-mprec.o)
                0x0800b646                __lo0bits
 .text.__i2b    0x0800b6a0       0x2c E:/stm32/stm32cubeIDE/STM32CubeIDE_1.19.0/STM32CubeIDE/plugins/com.st.stm32cube.ide.mcu.externaltools.gnu-tools-for-stm32.13.3.rel1.win32_1.0.0.202411081344/tools/bin/../lib/gcc/arm-none-eabi/13.3.1/../../../../arm-none-eabi/lib/thumb/v7e-m+fp/hard\libc_nano.a(libc_a-mprec.o)
                0x0800b6a0                __i2b
 .text.__multiply
                0x0800b6cc      0x144 E:/stm32/stm32cubeIDE/STM32CubeIDE_1.19.0/STM32CubeIDE/plugins/com.st.stm32cube.ide.mcu.externaltools.gnu-tools-for-stm32.13.3.rel1.win32_1.0.0.202411081344/tools/bin/../lib/gcc/arm-none-eabi/13.3.1/../../../../arm-none-eabi/lib/thumb/v7e-m+fp/hard\libc_nano.a(libc_a-mprec.o)
                0x0800b6cc                __multiply
 .text.__pow5mult
                0x0800b810       0xb4 E:/stm32/stm32cubeIDE/STM32CubeIDE_1.19.0/STM32CubeIDE/plugins/com.st.stm32cube.ide.mcu.externaltools.gnu-tools-for-stm32.13.3.rel1.win32_1.0.0.202411081344/tools/bin/../lib/gcc/arm-none-eabi/13.3.1/../../../../arm-none-eabi/lib/thumb/v7e-m+fp/hard\libc_nano.a(libc_a-mprec.o)
                0x0800b810                __pow5mult
 .text.__lshift
                0x0800b8c4       0xd8 E:/stm32/stm32cubeIDE/STM32CubeIDE_1.19.0/STM32CubeIDE/plugins/com.st.stm32cube.ide.mcu.externaltools.gnu-tools-for-stm32.13.3.rel1.win32_1.0.0.202411081344/tools/bin/../lib/gcc/arm-none-eabi/13.3.1/../../../../arm-none-eabi/lib/thumb/v7e-m+fp/hard\libc_nano.a(libc_a-mprec.o)
                0x0800b8c4                __lshift
 .text.__mcmp   0x0800b99c       0x36 E:/stm32/stm32cubeIDE/STM32CubeIDE_1.19.0/STM32CubeIDE/plugins/com.st.stm32cube.ide.mcu.externaltools.gnu-tools-for-stm32.13.3.rel1.win32_1.0.0.202411081344/tools/bin/../lib/gcc/arm-none-eabi/13.3.1/../../../../arm-none-eabi/lib/thumb/v7e-m+fp/hard\libc_nano.a(libc_a-mprec.o)
                0x0800b99c                __mcmp
 *fill*         0x0800b9d2        0x2 
 .text.__mdiff  0x0800b9d4      0x128 E:/stm32/stm32cubeIDE/STM32CubeIDE_1.19.0/STM32CubeIDE/plugins/com.st.stm32cube.ide.mcu.externaltools.gnu-tools-for-stm32.13.3.rel1.win32_1.0.0.202411081344/tools/bin/../lib/gcc/arm-none-eabi/13.3.1/../../../../arm-none-eabi/lib/thumb/v7e-m+fp/hard\libc_nano.a(libc_a-mprec.o)
                0x0800b9d4                __mdiff
 .text.__d2b    0x0800bafc       0xb0 E:/stm32/stm32cubeIDE/STM32CubeIDE_1.19.0/STM32CubeIDE/plugins/com.st.stm32cube.ide.mcu.externaltools.gnu-tools-for-stm32.13.3.rel1.win32_1.0.0.202411081344/tools/bin/../lib/gcc/arm-none-eabi/13.3.1/../../../../arm-none-eabi/lib/thumb/v7e-m+fp/hard\libc_nano.a(libc_a-mprec.o)
                0x0800bafc                __d2b
 .text.__sfputc_r
                0x0800bbac       0x2e E:/stm32/stm32cubeIDE/STM32CubeIDE_1.19.0/STM32CubeIDE/plugins/com.st.stm32cube.ide.mcu.externaltools.gnu-tools-for-stm32.13.3.rel1.win32_1.0.0.202411081344/tools/bin/../lib/gcc/arm-none-eabi/13.3.1/../../../../arm-none-eabi/lib/thumb/v7e-m+fp/hard\libc_nano.a(libc_a-nano-vfprintf.o)
 .text.__sfputs_r
                0x0800bbda       0x24 E:/stm32/stm32cubeIDE/STM32CubeIDE_1.19.0/STM32CubeIDE/plugins/com.st.stm32cube.ide.mcu.externaltools.gnu-tools-for-stm32.13.3.rel1.win32_1.0.0.202411081344/tools/bin/../lib/gcc/arm-none-eabi/13.3.1/../../../../arm-none-eabi/lib/thumb/v7e-m+fp/hard\libc_nano.a(libc_a-nano-vfprintf.o)
                0x0800bbda                __sfputs_r
 *fill*         0x0800bbfe        0x2 
 .text._vfprintf_r
                0x0800bc00      0x230 E:/stm32/stm32cubeIDE/STM32CubeIDE_1.19.0/STM32CubeIDE/plugins/com.st.stm32cube.ide.mcu.externaltools.gnu-tools-for-stm32.13.3.rel1.win32_1.0.0.202411081344/tools/bin/../lib/gcc/arm-none-eabi/13.3.1/../../../../arm-none-eabi/lib/thumb/v7e-m+fp/hard\libc_nano.a(libc_a-nano-vfprintf.o)
                0x0800bc00                _vfprintf_r
                0x0800bc00                _vfiprintf_r
 .text.__sflush_r
                0x0800be30      0x108 E:/stm32/stm32cubeIDE/STM32CubeIDE_1.19.0/STM32CubeIDE/plugins/com.st.stm32cube.ide.mcu.externaltools.gnu-tools-for-stm32.13.3.rel1.win32_1.0.0.202411081344/tools/bin/../lib/gcc/arm-none-eabi/13.3.1/../../../../arm-none-eabi/lib/thumb/v7e-m+fp/hard\libc_nano.a(libc_a-fflush.o)
                0x0800be30                __sflush_r
 .text._fflush_r
                0x0800bf38       0x50 E:/stm32/stm32cubeIDE/STM32CubeIDE_1.19.0/STM32CubeIDE/plugins/com.st.stm32cube.ide.mcu.externaltools.gnu-tools-for-stm32.13.3.rel1.win32_1.0.0.202411081344/tools/bin/../lib/gcc/arm-none-eabi/13.3.1/../../../../arm-none-eabi/lib/thumb/v7e-m+fp/hard\libc_nano.a(libc_a-fflush.o)
                0x0800bf38                _fflush_r
 .text.__swhatbuf_r
                0x0800bf88       0x4c E:/stm32/stm32cubeIDE/STM32CubeIDE_1.19.0/STM32CubeIDE/plugins/com.st.stm32cube.ide.mcu.externaltools.gnu-tools-for-stm32.13.3.rel1.win32_1.0.0.202411081344/tools/bin/../lib/gcc/arm-none-eabi/13.3.1/../../../../arm-none-eabi/lib/thumb/v7e-m+fp/hard\libc_nano.a(libc_a-makebuf.o)
                0x0800bf88                __swhatbuf_r
 .text.__smakebuf_r
                0x0800bfd4       0x78 E:/stm32/stm32cubeIDE/STM32CubeIDE_1.19.0/STM32CubeIDE/plugins/com.st.stm32cube.ide.mcu.externaltools.gnu-tools-for-stm32.13.3.rel1.win32_1.0.0.202411081344/tools/bin/../lib/gcc/arm-none-eabi/13.3.1/../../../../arm-none-eabi/lib/thumb/v7e-m+fp/hard\libc_nano.a(libc_a-makebuf.o)
                0x0800bfd4                __smakebuf_r
 .text._fstat_r
                0x0800c04c       0x24 E:/stm32/stm32cubeIDE/STM32CubeIDE_1.19.0/STM32CubeIDE/plugins/com.st.stm32cube.ide.mcu.externaltools.gnu-tools-for-stm32.13.3.rel1.win32_1.0.0.202411081344/tools/bin/../lib/gcc/arm-none-eabi/13.3.1/../../../../arm-none-eabi/lib/thumb/v7e-m+fp/hard\libc_nano.a(libc_a-fstatr.o)
                0x0800c04c                _fstat_r
 .text._isatty_r
                0x0800c070       0x20 E:/stm32/stm32cubeIDE/STM32CubeIDE_1.19.0/STM32CubeIDE/plugins/com.st.stm32cube.ide.mcu.externaltools.gnu-tools-for-stm32.13.3.rel1.win32_1.0.0.202411081344/tools/bin/../lib/gcc/arm-none-eabi/13.3.1/../../../../arm-none-eabi/lib/thumb/v7e-m+fp/hard\libc_nano.a(libc_a-isattyr.o)
                0x0800c070                _isatty_r
 .text._sbrk_r  0x0800c090       0x20 E:/stm32/stm32cubeIDE/STM32CubeIDE_1.19.0/STM32CubeIDE/plugins/com.st.stm32cube.ide.mcu.externaltools.gnu-tools-for-stm32.13.3.rel1.win32_1.0.0.202411081344/tools/bin/../lib/gcc/arm-none-eabi/13.3.1/../../../../arm-none-eabi/lib/thumb/v7e-m+fp/hard\libc_nano.a(libc_a-sbrkr.o)
                0x0800c090                _sbrk_r
 .text.memcpy   0x0800c0b0       0x1c E:/stm32/stm32cubeIDE/STM32CubeIDE_1.19.0/STM32CubeIDE/plugins/com.st.stm32cube.ide.mcu.externaltools.gnu-tools-for-stm32.13.3.rel1.win32_1.0.0.202411081344/tools/bin/../lib/gcc/arm-none-eabi/13.3.1/../../../../arm-none-eabi/lib/thumb/v7e-m+fp/hard\libc_nano.a(libc_a-memcpy-stub.o)
                0x0800c0b0                memcpy
 .text.__assert_func
                0x0800c0cc       0x3c E:/stm32/stm32cubeIDE/STM32CubeIDE_1.19.0/STM32CubeIDE/plugins/com.st.stm32cube.ide.mcu.externaltools.gnu-tools-for-stm32.13.3.rel1.win32_1.0.0.202411081344/tools/bin/../lib/gcc/arm-none-eabi/13.3.1/../../../../arm-none-eabi/lib/thumb/v7e-m+fp/hard\libc_nano.a(libc_a-assert.o)
                0x0800c0cc                __assert_func
 .text._calloc_r
                0x0800c108       0x28 E:/stm32/stm32cubeIDE/STM32CubeIDE_1.19.0/STM32CubeIDE/plugins/com.st.stm32cube.ide.mcu.externaltools.gnu-tools-for-stm32.13.3.rel1.win32_1.0.0.202411081344/tools/bin/../lib/gcc/arm-none-eabi/13.3.1/../../../../arm-none-eabi/lib/thumb/v7e-m+fp/hard\libc_nano.a(libc_a-callocr.o)
                0x0800c108                _calloc_r
 .text.__ascii_mbtowc
                0x0800c130       0x24 E:/stm32/stm32cubeIDE/STM32CubeIDE_1.19.0/STM32CubeIDE/plugins/com.st.stm32cube.ide.mcu.externaltools.gnu-tools-for-stm32.13.3.rel1.win32_1.0.0.202411081344/tools/bin/../lib/gcc/arm-none-eabi/13.3.1/../../../../arm-none-eabi/lib/thumb/v7e-m+fp/hard\libc_nano.a(libc_a-mbtowc_r.o)
                0x0800c130                __ascii_mbtowc
 .text.__ascii_wctomb
                0x0800c154       0x1a E:/stm32/stm32cubeIDE/STM32CubeIDE_1.19.0/STM32CubeIDE/plugins/com.st.stm32cube.ide.mcu.externaltools.gnu-tools-for-stm32.13.3.rel1.win32_1.0.0.202411081344/tools/bin/../lib/gcc/arm-none-eabi/13.3.1/../../../../arm-none-eabi/lib/thumb/v7e-m+fp/hard\libc_nano.a(libc_a-wctomb_r.o)
                0x0800c154                __ascii_wctomb
 *fill*         0x0800c16e        0x2 
 .text.fprintf  0x0800c170       0x24 E:/stm32/stm32cubeIDE/STM32CubeIDE_1.19.0/STM32CubeIDE/plugins/com.st.stm32cube.ide.mcu.externaltools.gnu-tools-for-stm32.13.3.rel1.win32_1.0.0.202411081344/tools/bin/../lib/gcc/arm-none-eabi/13.3.1/../../../../arm-none-eabi/lib/thumb/v7e-m+fp/hard\libc_nano.a(libc_a-fprintf.o)
                0x0800c170                fiprintf
                0x0800c170                fprintf
 .text.abort    0x0800c194        0xe E:/stm32/stm32cubeIDE/STM32CubeIDE_1.19.0/STM32CubeIDE/plugins/com.st.stm32cube.ide.mcu.externaltools.gnu-tools-for-stm32.13.3.rel1.win32_1.0.0.202411081344/tools/bin/../lib/gcc/arm-none-eabi/13.3.1/../../../../arm-none-eabi/lib/thumb/v7e-m+fp/hard\libc_nano.a(libc_a-abort.o)
                0x0800c194                abort
 .text._raise_r
                0x0800c1a2       0x50 E:/stm32/stm32cubeIDE/STM32CubeIDE_1.19.0/STM32CubeIDE/plugins/com.st.stm32cube.ide.mcu.externaltools.gnu-tools-for-stm32.13.3.rel1.win32_1.0.0.202411081344/tools/bin/../lib/gcc/arm-none-eabi/13.3.1/../../../../arm-none-eabi/lib/thumb/v7e-m+fp/hard\libc_nano.a(libc_a-signal.o)
                0x0800c1a2                _raise_r
 *fill*         0x0800c1f2        0x2 
 .text.raise    0x0800c1f4       0x10 E:/stm32/stm32cubeIDE/STM32CubeIDE_1.19.0/STM32CubeIDE/plugins/com.st.stm32cube.ide.mcu.externaltools.gnu-tools-for-stm32.13.3.rel1.win32_1.0.0.202411081344/tools/bin/../lib/gcc/arm-none-eabi/13.3.1/../../../../arm-none-eabi/lib/thumb/v7e-m+fp/hard\libc_nano.a(libc_a-signal.o)
                0x0800c1f4                raise
 .text._kill_r  0x0800c204       0x24 E:/stm32/stm32cubeIDE/STM32CubeIDE_1.19.0/STM32CubeIDE/plugins/com.st.stm32cube.ide.mcu.externaltools.gnu-tools-for-stm32.13.3.rel1.win32_1.0.0.202411081344/tools/bin/../lib/gcc/arm-none-eabi/13.3.1/../../../../arm-none-eabi/lib/thumb/v7e-m+fp/hard\libc_nano.a(libc_a-signalr.o)
                0x0800c204                _kill_r
 .text._getpid_r
                0x0800c228        0x4 E:/stm32/stm32cubeIDE/STM32CubeIDE_1.19.0/STM32CubeIDE/plugins/com.st.stm32cube.ide.mcu.externaltools.gnu-tools-for-stm32.13.3.rel1.win32_1.0.0.202411081344/tools/bin/../lib/gcc/arm-none-eabi/13.3.1/../../../../arm-none-eabi/lib/thumb/v7e-m+fp/hard\libc_nano.a(libc_a-signalr.o)
                0x0800c228                _getpid_r
 *(.glue_7)
 .glue_7        0x0800c22c        0x0 linker stubs
 *(.glue_7t)
 .glue_7t       0x0800c22c        0x0 linker stubs
 *(.eh_frame)
 .eh_frame      0x0800c22c        0x0 E:/stm32/stm32cubeIDE/STM32CubeIDE_1.19.0/STM32CubeIDE/plugins/com.st.stm32cube.ide.mcu.externaltools.gnu-tools-for-stm32.13.3.rel1.win32_1.0.0.202411081344/tools/bin/../lib/gcc/arm-none-eabi/13.3.1/thumb/v7e-m+fp/hard/crtbegin.o
 *(.init)
 .init          0x0800c22c        0x4 E:/stm32/stm32cubeIDE/STM32CubeIDE_1.19.0/STM32CubeIDE/plugins/com.st.stm32cube.ide.mcu.externaltools.gnu-tools-for-stm32.13.3.rel1.win32_1.0.0.202411081344/tools/bin/../lib/gcc/arm-none-eabi/13.3.1/thumb/v7e-m+fp/hard/crti.o
                0x0800c22c                _init
 .init          0x0800c230        0x8 E:/stm32/stm32cubeIDE/STM32CubeIDE_1.19.0/STM32CubeIDE/plugins/com.st.stm32cube.ide.mcu.externaltools.gnu-tools-for-stm32.13.3.rel1.win32_1.0.0.202411081344/tools/bin/../lib/gcc/arm-none-eabi/13.3.1/thumb/v7e-m+fp/hard/crtn.o
 *(.fini)
 .fini          0x0800c238        0x4 E:/stm32/stm32cubeIDE/STM32CubeIDE_1.19.0/STM32CubeIDE/plugins/com.st.stm32cube.ide.mcu.externaltools.gnu-tools-for-stm32.13.3.rel1.win32_1.0.0.202411081344/tools/bin/../lib/gcc/arm-none-eabi/13.3.1/thumb/v7e-m+fp/hard/crti.o
                0x0800c238                _fini
 .fini          0x0800c23c        0x8 E:/stm32/stm32cubeIDE/STM32CubeIDE_1.19.0/STM32CubeIDE/plugins/com.st.stm32cube.ide.mcu.externaltools.gnu-tools-for-stm32.13.3.rel1.win32_1.0.0.202411081344/tools/bin/../lib/gcc/arm-none-eabi/13.3.1/thumb/v7e-m+fp/hard/crtn.o
                0x0800c244                        . = ALIGN (0x4)
                0x0800c244                        _etext = .

.vfp11_veneer   0x0800c244        0x0
 .vfp11_veneer  0x0800c244        0x0 linker stubs

.v4_bx          0x0800c244        0x0
 .v4_bx         0x0800c244        0x0 linker stubs

.iplt           0x0800c244        0x0
 .iplt          0x0800c244        0x0 E:/stm32/stm32cubeIDE/STM32CubeIDE_1.19.0/STM32CubeIDE/plugins/com.st.stm32cube.ide.mcu.externaltools.gnu-tools-for-stm32.13.3.rel1.win32_1.0.0.202411081344/tools/bin/../lib/gcc/arm-none-eabi/13.3.1/thumb/v7e-m+fp/hard/crtbegin.o

.rodata         0x0800c248      0x6b4
                0x0800c248                        . = ALIGN (0x4)
 *(.rodata)
 .rodata        0x0800c248      0x244 ./Core/Src/main.o
 .rodata        0x0800c48c       0x44 ./Middlewares/Third_Party/FatFs/src/ff.o
 *(.rodata*)
 .rodata.AHBPrescTable
                0x0800c4d0       0x10 ./Core/Src/system_stm32f7xx.o
                0x0800c4d0                AHBPrescTable
 .rodata.APBPrescTable
                0x0800c4e0        0x8 ./Core/Src/system_stm32f7xx.o
                0x0800c4e0                APBPrescTable
 .rodata.flagBitshiftOffset.0
                0x0800c4e8        0x8 ./Drivers/STM32F7xx_HAL_Driver/Src/stm32f7xx_hal_dma.o
 .rodata.SD_Driver
                0x0800c4f0       0x14 ./FATFS/Target/sd_diskio.o
                0x0800c4f0                SD_Driver
 .rodata.ExCvt  0x0800c504       0x80 ./Middlewares/Third_Party/FatFs/src/ff.o
 .rodata._printf_float.str1.1
                0x0800c584      0x171 E:/stm32/stm32cubeIDE/STM32CubeIDE_1.19.0/STM32CubeIDE/plugins/com.st.stm32cube.ide.mcu.externaltools.gnu-tools-for-stm32.13.3.rel1.win32_1.0.0.202411081344/tools/bin/../lib/gcc/arm-none-eabi/13.3.1/../../../../arm-none-eabi/lib/thumb/v7e-m+fp/hard\libc_nano.a(libc_a-nano-vfprintf_float.o)
                                 0x12 (size before relaxing)
 .rodata._printf_i.str1.1
                0x0800c6f5       0x22 E:/stm32/stm32cubeIDE/STM32CubeIDE_1.19.0/STM32CubeIDE/plugins/com.st.stm32cube.ide.mcu.externaltools.gnu-tools-for-stm32.13.3.rel1.win32_1.0.0.202411081344/tools/bin/../lib/gcc/arm-none-eabi/13.3.1/../../../../arm-none-eabi/lib/thumb/v7e-m+fp/hard\libc_nano.a(libc_a-nano-vfprintf_i.o)
 .rodata._dtoa_r.str1.1
                0x0800c6f5       0x8f E:/stm32/stm32cubeIDE/STM32CubeIDE_1.19.0/STM32CubeIDE/plugins/com.st.stm32cube.ide.mcu.externaltools.gnu-tools-for-stm32.13.3.rel1.win32_1.0.0.202411081344/tools/bin/../lib/gcc/arm-none-eabi/13.3.1/../../../../arm-none-eabi/lib/thumb/v7e-m+fp/hard\libc_nano.a(libc_a-dtoa.o)
 .rodata._Balloc.str1.1
                0x0800c6f5       0x70 E:/stm32/stm32cubeIDE/STM32CubeIDE_1.19.0/STM32CubeIDE/plugins/com.st.stm32cube.ide.mcu.externaltools.gnu-tools-for-stm32.13.3.rel1.win32_1.0.0.202411081344/tools/bin/../lib/gcc/arm-none-eabi/13.3.1/../../../../arm-none-eabi/lib/thumb/v7e-m+fp/hard\libc_nano.a(libc_a-mprec.o)
 .rodata.__multadd.str1.1
                0x0800c6f5       0x11 E:/stm32/stm32cubeIDE/STM32CubeIDE_1.19.0/STM32CubeIDE/plugins/com.st.stm32cube.ide.mcu.externaltools.gnu-tools-for-stm32.13.3.rel1.win32_1.0.0.202411081344/tools/bin/../lib/gcc/arm-none-eabi/13.3.1/../../../../arm-none-eabi/lib/thumb/v7e-m+fp/hard\libc_nano.a(libc_a-mprec.o)
 *fill*         0x0800c6f5        0x3 
 .rodata.p05.0  0x0800c6f8        0xc E:/stm32/stm32cubeIDE/STM32CubeIDE_1.19.0/STM32CubeIDE/plugins/com.st.stm32cube.ide.mcu.externaltools.gnu-tools-for-stm32.13.3.rel1.win32_1.0.0.202411081344/tools/bin/../lib/gcc/arm-none-eabi/13.3.1/../../../../arm-none-eabi/lib/thumb/v7e-m+fp/hard\libc_nano.a(libc_a-mprec.o)
 *fill*         0x0800c704        0x4 
 .rodata.__mprec_bigtens
                0x0800c708       0x28 E:/stm32/stm32cubeIDE/STM32CubeIDE_1.19.0/STM32CubeIDE/plugins/com.st.stm32cube.ide.mcu.externaltools.gnu-tools-for-stm32.13.3.rel1.win32_1.0.0.202411081344/tools/bin/../lib/gcc/arm-none-eabi/13.3.1/../../../../arm-none-eabi/lib/thumb/v7e-m+fp/hard\libc_nano.a(libc_a-mprec.o)
                0x0800c708                __mprec_bigtens
 .rodata.__mprec_tens
                0x0800c730       0xc8 E:/stm32/stm32cubeIDE/STM32CubeIDE_1.19.0/STM32CubeIDE/plugins/com.st.stm32cube.ide.mcu.externaltools.gnu-tools-for-stm32.13.3.rel1.win32_1.0.0.202411081344/tools/bin/../lib/gcc/arm-none-eabi/13.3.1/../../../../arm-none-eabi/lib/thumb/v7e-m+fp/hard\libc_nano.a(libc_a-mprec.o)
                0x0800c730                __mprec_tens
 .rodata._vfprintf_r.str1.1
                0x0800c7f8       0x11 E:/stm32/stm32cubeIDE/STM32CubeIDE_1.19.0/STM32CubeIDE/plugins/com.st.stm32cube.ide.mcu.externaltools.gnu-tools-for-stm32.13.3.rel1.win32_1.0.0.202411081344/tools/bin/../lib/gcc/arm-none-eabi/13.3.1/../../../../arm-none-eabi/lib/thumb/v7e-m+fp/hard\libc_nano.a(libc_a-nano-vfprintf.o)
 .rodata._setlocale_r.str1.1
                0x0800c7f8        0x9 E:/stm32/stm32cubeIDE/STM32CubeIDE_1.19.0/STM32CubeIDE/plugins/com.st.stm32cube.ide.mcu.externaltools.gnu-tools-for-stm32.13.3.rel1.win32_1.0.0.202411081344/tools/bin/../lib/gcc/arm-none-eabi/13.3.1/../../../../arm-none-eabi/lib/thumb/v7e-m+fp/hard\libc_nano.a(libc_a-locale.o)
 .rodata.str1.1
                0x0800c7f8        0x2 E:/stm32/stm32cubeIDE/STM32CubeIDE_1.19.0/STM32CubeIDE/plugins/com.st.stm32cube.ide.mcu.externaltools.gnu-tools-for-stm32.13.3.rel1.win32_1.0.0.202411081344/tools/bin/../lib/gcc/arm-none-eabi/13.3.1/../../../../arm-none-eabi/lib/thumb/v7e-m+fp/hard\libc_nano.a(libc_a-locale.o)
 .rodata.__assert_func.str1.1
                0x0800c7f8       0x3d E:/stm32/stm32cubeIDE/STM32CubeIDE_1.19.0/STM32CubeIDE/plugins/com.st.stm32cube.ide.mcu.externaltools.gnu-tools-for-stm32.13.3.rel1.win32_1.0.0.202411081344/tools/bin/../lib/gcc/arm-none-eabi/13.3.1/../../../../arm-none-eabi/lib/thumb/v7e-m+fp/hard\libc_nano.a(libc_a-assert.o)
 .rodata._ctype_
                0x0800c7f8      0x101 E:/stm32/stm32cubeIDE/STM32CubeIDE_1.19.0/STM32CubeIDE/plugins/com.st.stm32cube.ide.mcu.externaltools.gnu-tools-for-stm32.13.3.rel1.win32_1.0.0.202411081344/tools/bin/../lib/gcc/arm-none-eabi/13.3.1/../../../../arm-none-eabi/lib/thumb/v7e-m+fp/hard\libc_nano.a(libc_a-ctype_.o)
                0x0800c7f8                _ctype_
                0x0800c8fc                        . = ALIGN (0x4)
 *fill*         0x0800c8f9        0x3 

.ARM.extab      0x0800c8fc        0x0
                0x0800c8fc                        . = ALIGN (0x4)
 *(.ARM.extab* .gnu.linkonce.armextab.*)
                0x0800c8fc                        . = ALIGN (0x4)

.ARM            0x0800c8fc        0x8
                0x0800c8fc                        . = ALIGN (0x4)
                0x0800c8fc                        __exidx_start = .
 *(.ARM.exidx*)
 .ARM.exidx     0x0800c8fc        0x8 E:/stm32/stm32cubeIDE/STM32CubeIDE_1.19.0/STM32CubeIDE/plugins/com.st.stm32cube.ide.mcu.externaltools.gnu-tools-for-stm32.13.3.rel1.win32_1.0.0.202411081344/tools/bin/../lib/gcc/arm-none-eabi/13.3.1/../../../../arm-none-eabi/lib/thumb/v7e-m+fp/hard\libc_nano.a(libc_a-memchr.o)
 .ARM.exidx     0x0800c904        0x0 E:/stm32/stm32cubeIDE/STM32CubeIDE_1.19.0/STM32CubeIDE/plugins/com.st.stm32cube.ide.mcu.externaltools.gnu-tools-for-stm32.13.3.rel1.win32_1.0.0.202411081344/tools/bin/../lib/gcc/arm-none-eabi/13.3.1/../../../../arm-none-eabi/lib/thumb/v7e-m+fp/hard\libc_nano.a(libc_a-strlen.o)
                                  0x8 (size before relaxing)
 .ARM.exidx     0x0800c904        0x0 E:/stm32/stm32cubeIDE/STM32CubeIDE_1.19.0/STM32CubeIDE/plugins/com.st.stm32cube.ide.mcu.externaltools.gnu-tools-for-stm32.13.3.rel1.win32_1.0.0.202411081344/tools/bin/../lib/gcc/arm-none-eabi/13.3.1/thumb/v7e-m+fp/hard\libgcc.a(_udivmoddi4.o)
                                  0x8 (size before relaxing)
                0x0800c904                        __exidx_end = .
                0x0800c904                        . = ALIGN (0x4)

.preinit_array  0x0800c904        0x0
                0x0800c904                        . = ALIGN (0x4)
                0x0800c904                        PROVIDE (__preinit_array_start = .)
 *(.preinit_array*)
                0x0800c904                        PROVIDE (__preinit_array_end = .)
                0x0800c904                        . = ALIGN (0x4)

.init_array     0x0800c904        0x4
                0x0800c904                        . = ALIGN (0x4)
                0x0800c904                        PROVIDE (__init_array_start = .)
 *(SORT_BY_NAME(.init_array.*))
 *(.init_array*)
 .init_array    0x0800c904        0x4 E:/stm32/stm32cubeIDE/STM32CubeIDE_1.19.0/STM32CubeIDE/plugins/com.st.stm32cube.ide.mcu.externaltools.gnu-tools-for-stm32.13.3.rel1.win32_1.0.0.202411081344/tools/bin/../lib/gcc/arm-none-eabi/13.3.1/thumb/v7e-m+fp/hard/crtbegin.o
                0x0800c908                        PROVIDE (__init_array_end = .)
                0x0800c908                        . = ALIGN (0x4)

.fini_array     0x0800c908        0x4
                0x0800c908                        . = ALIGN (0x4)
                [!provide]                        PROVIDE (__fini_array_start = .)
 *(SORT_BY_NAME(.fini_array.*))
 *(.fini_array*)
 .fini_array    0x0800c908        0x4 E:/stm32/stm32cubeIDE/STM32CubeIDE_1.19.0/STM32CubeIDE/plugins/com.st.stm32cube.ide.mcu.externaltools.gnu-tools-for-stm32.13.3.rel1.win32_1.0.0.202411081344/tools/bin/../lib/gcc/arm-none-eabi/13.3.1/thumb/v7e-m+fp/hard/crtbegin.o
                [!provide]                        PROVIDE (__fini_array_end = .)
                0x0800c90c                        . = ALIGN (0x4)
                0x0800c90c                        _sidata = LOADADDR (.data)

.rel.dyn        0x0800c90c        0x0
 .rel.iplt      0x0800c90c        0x0 E:/stm32/stm32cubeIDE/STM32CubeIDE_1.19.0/STM32CubeIDE/plugins/com.st.stm32cube.ide.mcu.externaltools.gnu-tools-for-stm32.13.3.rel1.win32_1.0.0.202411081344/tools/bin/../lib/gcc/arm-none-eabi/13.3.1/thumb/v7e-m+fp/hard/crtbegin.o

.data           0x20000000      0x1d4 load address 0x0800c90c
                0x20000000                        . = ALIGN (0x4)
                0x20000000                        _sdata = .
 *(.data)
 *(.data*)
 .data.SystemCoreClock
                0x20000000        0x4 ./Core/Src/system_stm32f7xx.o
                0x20000000                SystemCoreClock
 .data.uwTickPrio
                0x20000004        0x4 ./Drivers/STM32F7xx_HAL_Driver/Src/stm32f7xx_hal.o
                0x20000004                uwTickPrio
 .data.uwTickFreq
                0x20000008        0x1 ./Drivers/STM32F7xx_HAL_Driver/Src/stm32f7xx_hal.o
                0x20000008                uwTickFreq
 .data.Stat     0x20000009        0x1 ./FATFS/Target/sd_diskio.o
 *fill*         0x2000000a        0x2 
 .data.__sglue  0x2000000c        0xc E:/stm32/stm32cubeIDE/STM32CubeIDE_1.19.0/STM32CubeIDE/plugins/com.st.stm32cube.ide.mcu.externaltools.gnu-tools-for-stm32.13.3.rel1.win32_1.0.0.202411081344/tools/bin/../lib/gcc/arm-none-eabi/13.3.1/../../../../arm-none-eabi/lib/thumb/v7e-m+fp/hard\libc_nano.a(libc_a-findfp.o)
                0x2000000c                __sglue
 .data._impure_ptr
                0x20000018        0x4 E:/stm32/stm32cubeIDE/STM32CubeIDE_1.19.0/STM32CubeIDE/plugins/com.st.stm32cube.ide.mcu.externaltools.gnu-tools-for-stm32.13.3.rel1.win32_1.0.0.202411081344/tools/bin/../lib/gcc/arm-none-eabi/13.3.1/../../../../arm-none-eabi/lib/thumb/v7e-m+fp/hard\libc_nano.a(libc_a-impure.o)
                0x20000018                _impure_ptr
 .data._impure_data
                0x2000001c       0x4c E:/stm32/stm32cubeIDE/STM32CubeIDE_1.19.0/STM32CubeIDE/plugins/com.st.stm32cube.ide.mcu.externaltools.gnu-tools-for-stm32.13.3.rel1.win32_1.0.0.202411081344/tools/bin/../lib/gcc/arm-none-eabi/13.3.1/../../../../arm-none-eabi/lib/thumb/v7e-m+fp/hard\libc_nano.a(libc_a-impure.o)
                0x2000001c                _impure_data
 .data.__global_locale
                0x20000068      0x16c E:/stm32/stm32cubeIDE/STM32CubeIDE_1.19.0/STM32CubeIDE/plugins/com.st.stm32cube.ide.mcu.externaltools.gnu-tools-for-stm32.13.3.rel1.win32_1.0.0.202411081344/tools/bin/../lib/gcc/arm-none-eabi/13.3.1/../../../../arm-none-eabi/lib/thumb/v7e-m+fp/hard\libc_nano.a(libc_a-locale.o)
                0x20000068                __global_locale
 *(.RamFunc)
 *(.RamFunc*)
                0x200001d4                        . = ALIGN (0x4)
                0x200001d4                        _edata = .

.igot.plt       0x200001d4        0x0 load address 0x0800cae0
 .igot.plt      0x200001d4        0x0 E:/stm32/stm32cubeIDE/STM32CubeIDE_1.19.0/STM32CubeIDE/plugins/com.st.stm32cube.ide.mcu.externaltools.gnu-tools-for-stm32.13.3.rel1.win32_1.0.0.202411081344/tools/bin/../lib/gcc/arm-none-eabi/13.3.1/thumb/v7e-m+fp/hard/crtbegin.o
                0x200001d4                        . = ALIGN (0x4)

.bss            0x200001d4      0x5b0 load address 0x0800cae0
                0x200001d4                        _sbss = .
                0x200001d4                        __bss_start__ = _sbss
 *(.bss)
 .bss           0x200001d4       0x1c E:/stm32/stm32cubeIDE/STM32CubeIDE_1.19.0/STM32CubeIDE/plugins/com.st.stm32cube.ide.mcu.externaltools.gnu-tools-for-stm32.13.3.rel1.win32_1.0.0.202411081344/tools/bin/../lib/gcc/arm-none-eabi/13.3.1/thumb/v7e-m+fp/hard/crtbegin.o
 *(.bss*)
 .bss.hsd1      0x200001f0       0x84 ./Core/Src/main.o
                0x200001f0                hsd1
 .bss.hdma_sdmmc1_rx
                0x20000274       0x60 ./Core/Src/main.o
                0x20000274                hdma_sdmmc1_rx
 .bss.hdma_sdmmc1_tx
                0x200002d4       0x60 ./Core/Src/main.o
                0x200002d4                hdma_sdmmc1_tx
 .bss.huart1    0x20000334       0x88 ./Core/Src/main.o
                0x20000334                huart1
 .bss.__sbrk_heap_end
                0x200003bc        0x4 ./Core/Src/sysmem.o
 .bss.uwTick    0x200003c0        0x4 ./Drivers/STM32F7xx_HAL_Driver/Src/stm32f7xx_hal.o
                0x200003c0                uwTick
 .bss.retSD     0x200003c4        0x1 ./FATFS/App/fatfs.o
                0x200003c4                retSD
 *fill*         0x200003c5        0x3 
 .bss.SDPath    0x200003c8        0x4 ./FATFS/App/fatfs.o
                0x200003c8                SDPath
 .bss.SDFatFS   0x200003cc      0x230 ./FATFS/App/fatfs.o
                0x200003cc                SDFatFS
 .bss.WriteStatus
                0x200005fc        0x4 ./FATFS/Target/sd_diskio.o
 .bss.ReadStatus
                0x20000600        0x4 ./FATFS/Target/sd_diskio.o
 .bss.FatFs     0x20000604        0x4 ./Middlewares/Third_Party/FatFs/src/ff.o
 .bss.Fsid      0x20000608        0x2 ./Middlewares/Third_Party/FatFs/src/ff.o
 *fill*         0x2000060a        0x2 
 .bss.Files     0x2000060c       0x20 ./Middlewares/Third_Party/FatFs/src/ff.o
 .bss.disk      0x2000062c        0xc ./Middlewares/Third_Party/FatFs/src/ff_gen_drv.o
                0x2000062c                disk
 .bss.__sf      0x20000638      0x138 E:/stm32/stm32cubeIDE/STM32CubeIDE_1.19.0/STM32CubeIDE/plugins/com.st.stm32cube.ide.mcu.externaltools.gnu-tools-for-stm32.13.3.rel1.win32_1.0.0.202411081344/tools/bin/../lib/gcc/arm-none-eabi/13.3.1/../../../../arm-none-eabi/lib/thumb/v7e-m+fp/hard\libc_nano.a(libc_a-findfp.o)
                0x20000638                __sf
 .bss.__stdio_exit_handler
                0x20000770        0x4 E:/stm32/stm32cubeIDE/STM32CubeIDE_1.19.0/STM32CubeIDE/plugins/com.st.stm32cube.ide.mcu.externaltools.gnu-tools-for-stm32.13.3.rel1.win32_1.0.0.202411081344/tools/bin/../lib/gcc/arm-none-eabi/13.3.1/../../../../arm-none-eabi/lib/thumb/v7e-m+fp/hard\libc_nano.a(libc_a-findfp.o)
                0x20000770                __stdio_exit_handler
 .bss.errno     0x20000774        0x4 E:/stm32/stm32cubeIDE/STM32CubeIDE_1.19.0/STM32CubeIDE/plugins/com.st.stm32cube.ide.mcu.externaltools.gnu-tools-for-stm32.13.3.rel1.win32_1.0.0.202411081344/tools/bin/../lib/gcc/arm-none-eabi/13.3.1/../../../../arm-none-eabi/lib/thumb/v7e-m+fp/hard\libc_nano.a(libc_a-reent.o)
                0x20000774                errno
 .bss.__lock___malloc_recursive_mutex
                0x20000778        0x1 E:/stm32/stm32cubeIDE/STM32CubeIDE_1.19.0/STM32CubeIDE/plugins/com.st.stm32cube.ide.mcu.externaltools.gnu-tools-for-stm32.13.3.rel1.win32_1.0.0.202411081344/tools/bin/../lib/gcc/arm-none-eabi/13.3.1/../../../../arm-none-eabi/lib/thumb/v7e-m+fp/hard\libc_nano.a(libc_a-lock.o)
                0x20000778                __lock___malloc_recursive_mutex
 .bss.__lock___sfp_recursive_mutex
                0x20000779        0x1 E:/stm32/stm32cubeIDE/STM32CubeIDE_1.19.0/STM32CubeIDE/plugins/com.st.stm32cube.ide.mcu.externaltools.gnu-tools-for-stm32.13.3.rel1.win32_1.0.0.202411081344/tools/bin/../lib/gcc/arm-none-eabi/13.3.1/../../../../arm-none-eabi/lib/thumb/v7e-m+fp/hard\libc_nano.a(libc_a-lock.o)
                0x20000779                __lock___sfp_recursive_mutex
 *fill*         0x2000077a        0x2 
 .bss.__malloc_sbrk_start
                0x2000077c        0x4 E:/stm32/stm32cubeIDE/STM32CubeIDE_1.19.0/STM32CubeIDE/plugins/com.st.stm32cube.ide.mcu.externaltools.gnu-tools-for-stm32.13.3.rel1.win32_1.0.0.202411081344/tools/bin/../lib/gcc/arm-none-eabi/13.3.1/../../../../arm-none-eabi/lib/thumb/v7e-m+fp/hard\libc_nano.a(libc_a-mallocr.o)
                0x2000077c                __malloc_sbrk_start
 .bss.__malloc_free_list