../Core/Src/main.c:65:5:__io_putchar	24	static
E:\stm32\stm32cubeIDE\STM32CubeIDE_1.19.0\STM32CubeIDE\plugins\com.st.stm32cube.ide.mcu.externaltools.gnu-tools-for-stm32.13.3.rel1.win32_1.0.0.202411081344\tools\bin/../lib/gcc/arm-none-eabi/13.3.1/../../../../arm-none-eabi/include/stdio.h:220:5:fputc	16	static
../Core/Src/main.c:94:5:main	128	static
../Core/Src/main.c:184:6:SystemClock_Config	88	static
../Core/Src/main.c:242:13:MX_SPI2_Init	8	static
../Core/Src/main.c:282:13:MX_USART1_UART_Init	8	static
../Core/Src/main.c:317:13:MX_GPIO_Init	72	static
../Core/Src/main.c:823:6:Error_Handler	4	static,ignoring_inline_asm
