../Core/Src/LoRa_dma.c:61:20:CS_LOW	8	static
../Core/Src/LoRa_dma.c:62:20:CS_HIGH	8	static
../Core/Src/LoRa_dma.c:66:12:LoRa_singleWrite	24	static
../Core/Src/LoRa_dma.c:76:12:LoRa_singleRead	24	static
../Core/Src/LoRa_dma.c:88:12:LoRa_readBurst	24	static
../Core/Src/LoRa_dma.c:99:12:LoRa_writeBurst_DMA	16	static
../Core/Src/LoRa_dma.c:116:6:LoRa_SetTxSemaphore	16	static
../Core/Src/LoRa_dma.c:119:6:LoRa_SPI_TxCplt_Callback	16	static
../Core/Src/LoRa_dma.c:129:6:LoRa_DIO0_Callback	16	static
../Core/Src/LoRa_dma.c:145:6:LoRa_Reset	8	static
../Core/Src/LoRa_dma.c:152:5:LoRa_Init	96	static
../Core/Src/LoRa_dma.c:183:5:LoRa_SetFrequency	40	static
../Core/Src/LoRa_dma.c:196:5:LoRa_Transmit_DMA	32	static
../Core/Src/LoRa_dma.c:229:5:LoRa_receive_ready	4	static
../Core/Src/LoRa_dma.c:231:5:LoRa_read_payload	24	static
