Component: Arm Compiler for Embedded 6.22 Tool: armlink [5ee90200]

==============================================================================

Section Cross References

    startup_stm32f103xb.o(STACK) refers (Special) to heapauxi.o(.text) for __use_two_region_memory
    startup_stm32f103xb.o(HEAP) refers (Special) to heapauxi.o(.text) for __use_two_region_memory
    startup_stm32f103xb.o(RESET) refers (Special) to heapauxi.o(.text) for __use_two_region_memory
    startup_stm32f103xb.o(RESET) refers to startup_stm32f103xb.o(STACK) for __initial_sp
    startup_stm32f103xb.o(RESET) refers to startup_stm32f103xb.o(.text) for Reset_Handler
    startup_stm32f103xb.o(RESET) refers to stm32f1xx_it.o(.text.NMI_Handler) for NMI_Handler
    startup_stm32f103xb.o(RESET) refers to stm32f1xx_it.o(.text.HardFault_Handler) for HardFault_Handler
    startup_stm32f103xb.o(RESET) refers to stm32f1xx_it.o(.text.MemManage_Handler) for MemManage_Handler
    startup_stm32f103xb.o(RESET) refers to stm32f1xx_it.o(.text.BusFault_Handler) for BusFault_Handler
    startup_stm32f103xb.o(RESET) refers to stm32f1xx_it.o(.text.UsageFault_Handler) for UsageFault_Handler
    startup_stm32f103xb.o(RESET) refers to stm32f1xx_it.o(.text.SVC_Handler) for SVC_Handler
    startup_stm32f103xb.o(RESET) refers to stm32f1xx_it.o(.text.DebugMon_Handler) for DebugMon_Handler
    startup_stm32f103xb.o(RESET) refers to stm32f1xx_it.o(.text.PendSV_Handler) for PendSV_Handler
    startup_stm32f103xb.o(RESET) refers to stm32f1xx_it.o(.text.SysTick_Handler) for SysTick_Handler
    startup_stm32f103xb.o(RESET) refers to stm32f1xx_it.o(.text.DMA1_Channel7_IRQHandler) for DMA1_Channel7_IRQHandler
    startup_stm32f103xb.o(.text) refers (Special) to heapauxi.o(.text) for __use_two_region_memory
    startup_stm32f103xb.o(.text) refers to system_stm32f1xx.o(.text.SystemInit) for SystemInit
    startup_stm32f103xb.o(.text) refers to __main.o(!!!main) for __main
    startup_stm32f103xb.o(.text) refers to startup_stm32f103xb.o(HEAP) for Heap_Mem
    startup_stm32f103xb.o(.text) refers to startup_stm32f103xb.o(STACK) for Stack_Mem
    mpu6050.o(.text) refers (Special) to _printf_percent.o(.ARM.Collect$$_printf_percent$$00000000) for _printf_percent
    mpu6050.o(.text) refers (Special) to _printf_pad.o(.text) for _printf_pre_padding
    mpu6050.o(.text) refers (Special) to _printf_x.o(.ARM.Collect$$_printf_percent$$0000000C) for _printf_x
    mpu6050.o(.text) refers (Special) to _printf_f.o(.ARM.Collect$$_printf_percent$$00000003) for _printf_f
    mpu6050.o(.text) refers (Special) to _printf_hex_int.o(.text) for _printf_longlong_hex
    mpu6050.o(.text) refers (Special) to printf1.o(x$fpl$printf1) for _printf_fp_dec
    mpu6050.o(.text.HAL_I2C_MemRxCpltCallback) refers (Special) to _printf_percent.o(.ARM.Collect$$_printf_percent$$00000000) for _printf_percent
    mpu6050.o(.text.HAL_I2C_MemRxCpltCallback) refers (Special) to _printf_pad.o(.text) for _printf_pre_padding
    mpu6050.o(.text.HAL_I2C_MemRxCpltCallback) refers (Special) to _printf_x.o(.ARM.Collect$$_printf_percent$$0000000C) for _printf_x
    mpu6050.o(.text.HAL_I2C_MemRxCpltCallback) refers (Special) to _printf_f.o(.ARM.Collect$$_printf_percent$$00000003) for _printf_f
    mpu6050.o(.text.HAL_I2C_MemRxCpltCallback) refers (Special) to _printf_hex_int.o(.text) for _printf_longlong_hex
    mpu6050.o(.text.HAL_I2C_MemRxCpltCallback) refers (Special) to printf1.o(x$fpl$printf1) for _printf_fp_dec
    mpu6050.o(.text.HAL_I2C_MemRxCpltCallback) refers to mpu6050.o(.bss.dma_complete) for dma_complete
    mpu6050.o(.ARM.exidx.text.HAL_I2C_MemRxCpltCallback) refers (Special) to _printf_percent.o(.ARM.Collect$$_printf_percent$$00000000) for _printf_percent
    mpu6050.o(.ARM.exidx.text.HAL_I2C_MemRxCpltCallback) refers (Special) to _printf_pad.o(.text) for _printf_pre_padding
    mpu6050.o(.ARM.exidx.text.HAL_I2C_MemRxCpltCallback) refers (Special) to _printf_x.o(.ARM.Collect$$_printf_percent$$0000000C) for _printf_x
    mpu6050.o(.ARM.exidx.text.HAL_I2C_MemRxCpltCallback) refers (Special) to _printf_f.o(.ARM.Collect$$_printf_percent$$00000003) for _printf_f
    mpu6050.o(.ARM.exidx.text.HAL_I2C_MemRxCpltCallback) refers (Special) to _printf_hex_int.o(.text) for _printf_longlong_hex
    mpu6050.o(.ARM.exidx.text.HAL_I2C_MemRxCpltCallback) refers (Special) to printf1.o(x$fpl$printf1) for _printf_fp_dec
    mpu6050.o(.ARM.exidx.text.HAL_I2C_MemRxCpltCallback) refers to mpu6050.o(.text.HAL_I2C_MemRxCpltCallback) for [Anonymous Symbol]
    mpu6050.o(.text.MPU6050_Writebyte) refers (Special) to _printf_percent.o(.ARM.Collect$$_printf_percent$$00000000) for _printf_percent
    mpu6050.o(.text.MPU6050_Writebyte) refers (Special) to _printf_pad.o(.text) for _printf_pre_padding
    mpu6050.o(.text.MPU6050_Writebyte) refers (Special) to _printf_x.o(.ARM.Collect$$_printf_percent$$0000000C) for _printf_x
[...]
    .text                                    0x080001e4   Section       64  startup_stm32f103xb.o(.text)
    .text                                    0x08000224   Section        0  noretval__2printf.o(.text)
    .text                                    0x0800023c   Section        0  _printf_pad.o(.text)
    .text                                    0x0800028c   Section        0  _printf_hex_int.o(.text)
    .text                                    0x080002e4   Section        0  __printf_flags_wp.o(.text)
    .text                                    0x0800041c   Section        0  puts.o(.text)
    .text                                    0x08000448   Section        0  heapauxi.o(.text)
    .text                                    0x0800044e   Section        0  _printf_intcommon.o(.text)
    _fp_digits                               0x08000501   Thumb Code   432  _printf_fp_dec.o(.text)
    .text                                    0x08000500   Section        0  _printf_fp_dec.o(.text)
    .text                                    0x0800091c   Section        0  _printf_char_file.o(.text)
    .text                                    0x08000940   Section        8  rt_locale_intlibspace.o(.text)
    .text                                    0x08000948   Section      138  lludiv10.o(.text)
    _printf_input_char                       0x080009d5   Thumb Code    10  _printf_char_common.o(.text)
    .text                                    0x080009d4   Section        0  _printf_char_common.o(.text)
    .text                                    0x08000a04   Section        0  _printf_fp_infnan.o(.text)
    .text                                    0x08000a84   Section        0  bigflt0.o(.text)
    .text                                    0x08000b68   Section        0  ferror.o(.text)
    .text                                    0x08000b70   Section        0  flsbuf.o(.text)
    .text                                    0x08000d54   Section        0  initio.o(.text)
    .text                                    0x08000e8c   Section        0  sys_io.o(.text)
    .text                                    0x08000ef4   Section        8  libspace.o(.text)
    .text                                    0x08000efc   Section       74  sys_stackheap_outer.o(.text)
    .text                                    0x08000f46   Section        0  h1_alloc.o(.text)
    .text                                    0x08000fa4   Section        0  h1_free.o(.text)
    .text                                    0x08000ff2   Section        0  setvbuf.o(.text)
    .text                                    0x08001038   Section        0  stdio.o(.text)
    _freopen_locked                          0x08001141   Thumb Code     0  fopen.o(.text)
    .text                                    0x08001140   Section        0  fopen.o(.text)
    .text                                    0x08001230   Section        0  fclose.o(.text)
    .text                                    0x0800127c   Section        0  exit.o(.text)
    .text                                    0x0800128e   Section        0  defsig_rtred_outer.o(.text)
    .text                                    0x0800129c   Section       78  rt_memclr_w.o(.text)
    .text                                    0x080012ec   Section      128  strcmpv7m.o(.text)
    .text                                    0x0800136c   Section        2  use_no_semi.o(.text)
    .text                                    0x0800136e   Section        0  indicate_semi.o(.text)
    .text                                    0x08001370   Section        8  rt_heap_descriptor_intlibspace.o(.text)
    .text                                    0x08001378   Section        0  hguard.o(.text)
    .text                                    0x0800137c   Section        0  init_alloc.o(.text)
    .text                                    0x08001406   Section        0  h1_init.o(.text)
    .text                                    0x08001414   Section        0  fseek.o(.text)
    .text                                    0x0800150c   Section        0  defsig_exit.o(.text)
    .text                                    0x08001518   Section        0  defsig_rtred_inner.o(.text)
    .text                                    0x0800154c   Section        0  strlen.o(.text)
    .text                                    0x0800158c   Section        0  sys_exit.o(.text)
    .text                                    0x08001598   Section        0  maybetermalloc1.o(.text)
    .text                                    0x08001598   Section        0  h1_extend.o(.text)
    .text                                    0x080015cc   Section        0  ftell.o(.text)
    .text                                    0x0800160e   Section        0  defsig_general.o(.text)
    .text                                    0x08001640   Section        0  defsig_rtmem_outer.o(.text)
    .text                                    0x0800164e   Section        0  sys_wrch.o(.text)
    .text                                    0x0800165c   Section        8  rt_errno_addr_intlibspace.o(.text)
    .text                                    0x08001664   Section        0  defsig_rtmem_inner.o(.text)
    [Anonymous Symbol]                       0x080016b4   Section        0  stm32f1xx_it.o(.text.BusFault_Handler)
    [Anonymous Symbol]                       0x080016b8   Section        0  stm32f1xx_it.o(.text.DMA1_Channel7_IRQHandler)
    [Anonymous Symbol]                       0x080016c4   Section        0  stm32f1xx_it.o(.text.DebugMon_Handler)
    [Anonymous Symbol]                       0x080016c8   Section        0  main.o(.text.Error_Handler)
    [Anonymous Symbol]                       0x080016d4   Section        0  stm32f1xx_hal_dma.o(.text.HAL_DMA_Abort_IT)
    [Anonymous Symbol]                       0x0800178c   Section        0  stm32f1xx_hal_dma.o(.text.HAL_DMA_IRQHandler)
    [Anonymous Symbol]                       0x0800192c   Section        0  stm32f1xx_hal_dma.o(.text.HAL_DMA_Init)
    [Anonymous Symbol]                       0x080019b0   Section        0  stm32f1xx_hal_dma.o(.text.HAL_DMA_Start_IT)
    [Anonymous Symbol]                       0x08001a50   Section        0  stm32f1xx_hal.o(.text.HAL_Delay)
    [Anonymous Symbol]                       0x08001a78   Section        0  stm32f1xx_hal_gpio.o(.text.HAL_GPIO_Init)
    [Anonymous Symbol]                       0x08001c88   Section        0  stm32f1xx_hal_gpio.o(.text.HAL_GPIO_ReadPin)
    [Anonymous Symbol]                       0x08001c94   Section        0  stm32f1xx_hal.o(.text.HAL_GetTick)
    [Anonymous Symbol]                       0x08001ca0   Section        0  stm32f1xx_hal_i2c.o(.text.HAL_I2C_ErrorCallback)
    [Anonymous Symbol]                       0x08001ca4   Section        0  stm32f1xx_hal_i2c.o(.text.HAL_I2C_Init)
    [Anonymous Symbol]                       0x08001e08   Section        0  stm32f1xx_hal_i2c.o(.text.HAL_I2C_MasterRxCpltCallback)
    [Anonymous Symbol]                       0x08001e0c   Section        0  mpu6050.o(.text.HAL_I2C_MemRxCpltCallback)
    [Anonymous Symbol]                       0x08001e2c   Section        0  stm32f1xx_hal_i2c.o(.text.HAL_I2C_Mem_Read)
    [Anonymous Symbol]                       0x0800217c   Section        0  stm32f1xx_hal_i2c.o(.text.HAL_I2C_Mem_Read_DMA)
    [Anonymous Symbol]                       0x080023c0   Section        0  stm32f1xx_hal_i2c.o(.text.HAL_I2C_Mem_Write)
    [Anonymous Symbol]                       0x0800251c   Section        0  i2c.o(.text.HAL_I2C_MspInit)
    [Anonymous Symbol]                       0x080025bc   Section        0  stm32f1xx_hal_i2c.o(.text.HAL_I2C_SlaveRxCpltCallback)
    [Anonymous Symbol]                       0x080025c0   Section        0  stm32f1xx_hal_i2c.o(.text.HAL_I2C_SlaveTxCpltCallback)
    [Anonymous Symbol]                       0x080025c4   Section        0  stm32f1xx_hal.o(.text.HAL_IncTick)
    [Anonymous Symbol]                       0x080025e0   Section        0  stm32f1xx_hal.o(.text.HAL_Init)
    [Anonymous Symbol]                       0x08002608   Section        0  stm32f1xx_hal.o(.text.HAL_InitTick)
    [Anonymous Symbol]                       0x08002650   Section        0  stm32f1xx_hal_msp.o(.text.HAL_MspInit)
    [Anonymous Symbol]                       0x08002694   Section        0  stm32f1xx_hal_cortex.o(.text.HAL_NVIC_EnableIRQ)
    [Anonymous Symbol]                       0x080026b8   Section        0  stm32f1xx_hal_cortex.o(.text.HAL_NVIC_SetPriority)
    [Anonymous Symbol]                       0x08002710   Section        0  stm32f1xx_hal_cortex.o(.text.HAL_NVIC_SetPriorityGrouping)
    [Anonymous Symbol]                       0x08002730   Section        0  stm32f1xx_hal_rcc.o(.text.HAL_RCC_ClockConfig)
    [Anonymous Symbol]                       0x080028ec   Section        0  stm32f1xx_hal_rcc.o(.text.HAL_RCC_GetPCLK1Freq)
    [Anonymous Symbol]                       0x08002914   Section        0  stm32f1xx_hal_rcc.o(.text.HAL_RCC_GetPCLK2Freq)
    [Anonymous Symbol]                       0x0800293c   Section        0  stm32f1xx_hal_rcc.o(.text.HAL_RCC_OscConfig)
    [Anonymous Symbol]                       0x08002d3c   Section        0  stm32f1xx_hal_cortex.o(.text.HAL_SYSTICK_Config)
    [Anonymous Symbol]                       0x08002d68   Section        0  stm32f1xx_hal_uart.o(.text.HAL_UART_Init)
    [Anonymous Symbol]                       0x08002e4c   Section        0  usart.o(.text.HAL_UART_MspInit)
    [Anonymous Symbol]                       0x08002ecc   Section        0  stm32f1xx_it.o(.text.HardFault_Handler)
    I2C_DMAError                             0x08002ed1   Thumb Code    58  stm32f1xx_hal_i2c.o(.text.I2C_DMAError)
    [Anonymous Symbol]                       0x08002ed0   Section        0  stm32f1xx_hal_i2c.o(.text.I2C_DMAError)
    I2C_DMAXferCplt                          0x08002f0d   Thumb Code   304  stm32f1xx_hal_i2c.o(.text.I2C_DMAXferCplt)
    [Anonymous Symbol]                       0x08002f0c   Section        0  stm32f1xx_hal_i2c.o(.text.I2C_DMAXferCplt)
    I2C_RequestMemoryRead                    0x0800303d   Thumb Code   274  stm32f1xx_hal_i2c.o(.text.I2C_RequestMemoryRead)
    [Anonymous Symbol]                       0x0800303c   Section        0  stm32f1xx_hal_i2c.o(.text.I2C_RequestMemoryRead)
    I2C_RequestMemoryWrite                   0x08003151   Thumb Code   200  stm32f1xx_hal_i2c.o(.text.I2C_RequestMemoryWrite)
    [Anonymous Symbol]                       0x08003150   Section        0  stm32f1xx_hal_i2c.o(.text.I2C_RequestMemoryWrite)
    I2C_WaitOnBTFFlagUntilTimeout            0x08003219   Thumb Code   186  stm32f1xx_hal_i2c.o(.text.I2C_WaitOnBTFFlagUntilTimeout)
    [Anonymous Symbol]                       0x08003218   Section        0  stm32f1xx_hal_i2c.o(.text.I2C_WaitOnBTFFlagUntilTimeout)
    I2C_WaitOnFlagUntilTimeout               0x080032d5   Thumb Code   458  stm32f1xx_hal_i2c.o(.text.I2C_WaitOnFlagUntilTimeout)
    [Anonymous Symbol]                       0x080032d4   Section        0  stm32f1xx_hal_i2c.o(.text.I2C_WaitOnFlagUntilTimeout)
    I2C_WaitOnMasterAddressFlagUntilTimeout  0x080034a1   Thumb Code   214  stm32f1xx_hal_i2c.o(.text.I2C_WaitOnMasterAddressFlagUntilTimeout)
    [Anonymous Symbol]                       0x080034a0   Section        0  stm32f1xx_hal_i2c.o(.text.I2C_WaitOnMasterAddressFlagUntilTimeout)
    I2C_WaitOnRXNEFlagUntilTimeout           0x08003579   Thumb Code   144  stm32f1xx_hal_i2c.o(.text.I2C_WaitOnRXNEFlagUntilTimeout)
    [Anonymous Symbol]                       0x08003578   Section        0  stm32f1xx_hal_i2c.o(.text.I2C_WaitOnRXNEFlagUntilTimeout)
    I2C_WaitOnTXEFlagUntilTimeout            0x08003609   Thumb Code   186  stm32f1xx_hal_i2c.o(.text.I2C_WaitOnTXEFlagUntilTimeout)
    [Anonymous Symbol]                       0x08003608   Section        0  stm32f1xx_hal_i2c.o(.text.I2C_WaitOnTXEFlagUntilTimeout)
    [Anonymous Symbol]                       0x080036c4   Section        0  mpu6050.o(.text.MPU6050_DataConvert)
    [Anonymous Symbol]                       0x0800377c   Section        0  mpu6050.o(.text.MPU6050_DataReady)
    [Anonymous Symbol]                       0x08003790   Section        0  mpu6050.o(.text.MPU6050_Get6AxisRawData)
    [Anonymous Symbol]                       0x08003824   Section        0  mpu6050.o(.text.MPU6050_Initialization)
    [Anonymous Symbol]                       0x08003a74   Section        0  mpu6050.o(.text.MPU6050_ProcessData)
    [Anonymous Symbol]                       0x08003a88   Section        0  dma.o(.text.MX_DMA_Init)
    [Anonymous Symbol]                       0x08003abc   Section        0  gpio.o(.text.MX_GPIO_Init)
    [Anonymous Symbol]                       0x08003b24   Section        0  i2c.o(.text.MX_I2C1_Init)
    [Anonymous Symbol]                       0x08003b68   Section        0  usart.o(.text.MX_USART1_UART_Init)
    [Anonymous Symbol]                       0x08003ba4   Section        0  stm32f1xx_it.o(.text.MemManage_Handler)
    [Anonymous Symbol]                       0x08003ba8   Section        0  stm32f1xx_it.o(.text.NMI_Handler)
    [Anonymous Symbol]                       0x08003bac   Section        0  stm32f1xx_it.o(.text.PendSV_Handler)
    [Anonymous Symbol]                       0x08003bb0   Section        0  stm32f1xx_it.o(.text.SVC_Handler)
    [Anonymous Symbol]                       0x08003bb4   Section        0  stm32f1xx_it.o(.text.SysTick_Handler)
    [Anonymous Symbol]                       0x08003bb8   Section        0  system_stm32f1xx.o(.text.SystemInit)
    [Anonymous Symbol]                       0x08003bbc   Section        0  stm32f1xx_it.o(.text.UsageFault_Handler)
    [Anonymous Symbol]                       0x08003bc0   Section        0  main.o(.text.main)
    CL$$btod_d2e                             0x08003d34   Section       62  btod.o(CL$$btod_d2e)
    CL$$btod_d2e_denorm_low                  0x08003d72   Section       70  btod.o(CL$$btod_d2e_denorm_low)
    CL$$btod_d2e_norm_op1                    0x08003db8   Section       96  btod.o(CL$$btod_d2e_norm_op1)
    CL$$btod_div_common                      0x08003e18   Section      824  btod.o(CL$$btod_div_common)
    CL$$btod_e2e                             0x08004150   Section      220  btod.o(CL$$btod_e2e)
    CL$$btod_ediv                            0x0800422c   Section       42  btod.o(CL$$btod_ediv)
    CL$$btod_emul                            0x08004256   Section       42  btod.o(CL$$btod_emul)
    CL$$btod_mult_common                     0x08004280   Section      580  btod.o(CL$$btod_mult_common)
    i.__ARM_fpclassify                       0x080044c4   Section        0  fpclassify.o(i.__ARM_fpclassify)
    i._is_digit                              0x080044ec   Section        0  __printf_wp.o(i._is_digit)
    i.fputc                                  0x080044fa   Section        0  fputc.o(i.fputc)
    locale$$code                             0x08004518   Section       44  lc_numeric_c.o(locale$$code)
    x$fpl$d2f                                0x08004544   Section       98  d2f.o(x$fpl$d2f)
    x$fpl$dadd                               0x080045a8   Section      336  daddsub_clz.o(x$fpl$dadd)
    _dadd1                                   0x080045b9   Thumb Code     0  daddsub_clz.o(x$fpl$dadd)
    x$fpl$dnaninf                            0x080046f8   Section      156  dnaninf.o(x$fpl$dnaninf)
    x$fpl$dretinf                            0x08004794   Section       12  dretinf.o(x$fpl$dretinf)
    x$fpl$dsub                               0x080047a0   Section      476  daddsub_clz.o(x$fpl$dsub)
    _dsub1                                   0x080047b1   Thumb Code     0  daddsub_clz.o(x$fpl$dsub)
    x$fpl$f2d                                0x0800497c   Section       86  f2d.o(x$fpl$f2d)
    _fdiv1                                   0x080049d5   Thumb Code     0  fdiv.o(x$fpl$fdiv)
    x$fpl$fdiv                               0x080049d4   Section      388  fdiv.o(x$fpl$fdiv)
    x$fpl$fflt                               0x08004b58   Section       48  fflt_clz.o(x$fpl$fflt)
    x$fpl$fnaninf                            0x08004b88   Section      140  fnaninf.o(x$fpl$fnaninf)
    x$fpl$fretinf                            0x08004c14   Section       10  fretinf.o(x$fpl$fretinf)
    x$fpl$printf1                            0x08004c1e   Section        4  printf1.o(x$fpl$printf1)
    uc_hextab                                0x08004c22   Data          20  _printf_hex_int.o(.constdata)
    .constdata                               0x08004c22   Section       40  _printf_hex_int.o(.constdata)
    x$fpl$usenofp                            0x08004c22   Section        0  usenofp.o(x$fpl$usenofp)
    lc_hextab                                0x08004c36   Data          20  _printf_hex_int.o(.constdata)
    maptable                                 0x08004c4a   Data          17  __printf_flags_wp.o(.constdata)
    .constdata                               0x08004c4a   Section       17  __printf_flags_wp.o(.constdata)
    tenpwrs_x                                0x08004c5c   Data          60  bigflt0.o(.constdata)
    .constdata                               0x08004c5c   Section      148  bigflt0.o(.constdata)
    tenpwrs_i                                0x08004c98   Data          64  bigflt0.o(.constdata)
    .constdata                               0x08004cf0   Section        4  sys_io_names.o(.constdata)
    .constdata                               0x08004cf4   Section        4  sys_io_names.o(.constdata)
    .constdata                               0x08004cf8   Section        4  sys_io_names.o(.constdata)
    HAL_RCC_GetSysClockFreq.aPredivFactorTable 0x08004d14   Data           2  stm32f1xx_hal_rcc.o(.rodata.HAL_RCC_GetSysClockFreq.aPredivFactorTable)
    [Anonymous Symbol]                       0x08004d14   Section        0  stm32f1xx_hal_rcc.o(.rodata.HAL_RCC_GetSysClockFreq.aPredivFactorTable)
    HAL_RCC_GetSysClockFreq.aPLLMULFactorTable 0x08004d16   Data          16  stm32f1xx_hal_rcc.o(.rodata.cst16)
    [Anonymous Symbol]                       0x08004d16   Section        0  stm32f1xx_hal_rcc.o(.rodata.cst16)
    .L.str.1                                 0x08004d26   Data          32  mpu6050.o(.rodata.str1.1)
    [Anonymous Symbol]                       0x08004d26   Section        0  mpu6050.o(.rodata.str1.1)
    .L.str.5                                 0x08004d46   Data          51  mpu6050.o(.rodata.str1.1)
    locale$$data                             0x08004d9c   Section       28  lc_numeric_c.o(locale$$data)
    __lcnum_c_name                           0x08004da0   Data           2  lc_numeric_c.o(locale$$data)
    __lcnum_c_start                          0x08004da8   Data           0  lc_numeric_c.o(locale$$data)
    __lcnum_c_point                          0x08004db4   Data           0  lc_numeric_c.o(locale$$data)
    __lcnum_c_thousands                      0x08004db6   Data           0  lc_numeric_c.o(locale$$data)
    __lcnum_c_grouping                       0x08004db7   Data           0  lc_numeric_c.o(locale$$data)
    __lcnum_c_end                            0x08004db8   Data           0  lc_numeric_c.o(locale$$data)
    .data                                    0x20000000   Section        4  stdio_streams.o(.data)
    .data                                    0x20000004   Section        4  stdio_streams.o(.data)
    .data                                    0x20000008   Section        4  stdio_streams.o(.data)
    .L_MergedGlobals                         0x2000000c   Data           8  stm32f1xx_hal.o(.data..L_MergedGlobals)
    [Anonymous Symbol]                       0x2000000c   Section        0  stm32f1xx_hal.o(.data..L_MergedGlobals)
    .bss                                     0x20000018   Section       84  stdio_streams.o(.bss)
    .bss                                     0x2000006c   Section       84  stdio_streams.o(.bss)
    .bss                                     0x200000c0   Section       84  stdio_streams.o(.bss)
    .bss                                     0x20000114   Section       96  libspace.o(.bss)
    .L_MergedGlobals                         0x20000174   Data           8  mpu6050.o(.bss..L_MergedGlobals)
    LSB_Sensitivity_GYRO                     0x20000174   Data           4  mpu6050.o(.bss..L_MergedGlobals)
    [Anonymous Symbol]                       0x20000174   Section        0  mpu6050.o(.bss..L_MergedGlobals)
    LSB_Sensitivity_ACC                      0x20000178   Data           4  mpu6050.o(.bss..L_MergedGlobals)
    Heap_Mem                                 0x20000290   Data         512  startup_stm32f103xb.o(HEAP)
    HEAP                                     0x20000290   Section      512  startup_stm32f103xb.o(HEAP)
    Stack_Mem                                0x20000490   Data        1024  startup_stm32f103xb.o(STACK)
    STACK                                    0x20000490   Section     1024  startup_stm32f103xb.o(STACK)
    __initial_sp                             0x20000890   Data           0  startup_stm32f103xb.o(STACK)

    Global Symbols

    Symbol Name                              Value     Ov Type        Size  Object(Section)

    BuildAttributes$$THM_ISAv4$P$D$K$B$S$PE$A:L22UL41UL21$X:L11$S22US41US21$IEEE1$IW$~IW$USESV6$~STKCKD$USESV7$~SHL$OTIME$ROPI$IEEEJ$EBA8$UX$STANDARDLIB$REQ8$PRES8$EABIv2 0x00000000   Number         0  anon$$obj.o ABSOLUTE
    __fp_init_empty                          0x00000000   Number         0  fpinit_empty.o ABSOLUTE
    _printf_flags                            0x00000000   Number         0  printf_stubs.o ABSOLUTE
    _printf_return_value                     0x00000000   Number         0  printf_stubs.o ABSOLUTE
    _printf_sizespec                         0x00000000   Number         0  printf_stubs.o ABSOLUTE
    _printf_widthprec                        0x00000000   Number         0  printf_stubs.o ABSOLUTE
    __ARM_exceptions_init                     - Undefined Weak Reference
    __alloca_initialize                       - Undefined Weak Reference
    __arm_preinit_                            - Undefined Weak Reference
    __arm_relocate_pie_                       - Undefined Weak Reference
    __cpp_initialize__aeabi_                  - Undefined Weak Reference
    __cxa_finalize                            - Undefined Weak Reference
    __sigvec_lookup                           - Undefined Weak Reference
    __user_heap_extent                        - Undefined Weak Reference
    _atexit_init                              - Undefined Weak Reference
    _call_atexit_fns                          - Undefined Weak Reference
    _clock_init                               - Undefined Weak Reference
    _fp_trap_init                             - Undefined Weak Reference
    _fp_trap_shutdown                         - Undefined Weak Reference
    _get_lc_collate                           - Undefined Weak Reference
    _get_lc_ctype                             - Undefined Weak Reference
    _get_lc_monetary                          - Undefined Weak Reference
    _get_lc_time                              - Undefined Weak Reference
    _getenv_init                              - Undefined Weak Reference
    _handle_redirection                       - Undefined Weak Reference
    _mutex_acquire                            - Undefined Weak Reference
    _mutex_free                               - Undefined Weak Reference
    _mutex_release                            - Undefined Weak Reference
    _printf_truncate_unsigned                 - Undefined Weak Reference
    _rand_init                                - Undefined Weak Reference
    _signal_finish                            - Undefined Weak Reference
    _signal_init                              - Undefined Weak Reference
    __Vectors_Size                           0x000000ec   Number         0  startup_stm32f103xb.o ABSOLUTE
    __Vectors                                0x08000000   Data           4  startup_stm32f103xb.o(RESET)
    __Vectors_End                            0x080000ec   Data           0  startup_stm32f103xb.o(RESET)
    __main                                   0x080000ed   Thumb Code     8  __main.o(!!!main)
    __scatterload                            0x080000f5   Thumb Code     0  __scatter.o(!!!scatter)
    __scatterload_rt2                        0x080000f5   Thumb Code    84  __scatter.o(!!!scatter)
    __scatterload_rt2_thumb_only             0x080000f5   Thumb Code     0  __scatter.o(!!!scatter)
    __scatterload_loop                       0x080000ff   Thumb Code     0  __scatter.o(!!!scatter)
    __scatterload_copy                       0x08000151   Thumb Code    26  __scatter_copy.o(!!handler_copy)
    __scatterload_null                       0x0800016d   Thumb Code     2  __scatter.o(!!handler_null)
    __scatterload_zeroinit                   0x08000171   Thumb Code    28  __scatter_zi.o(!!handler_zi)
    _printf_f                                0x0800018d   Thumb Code     0  _printf_f.o(.ARM.Collect$$_printf_percent$$00000003)
    _printf_percent                          0x0800018d   Thumb Code     0  _printf_percent.o(.ARM.Collect$$_printf_percent$$00000000)
    _printf_x                                0x08000193   Thumb Code     0  _printf_x.o(.ARM.Collect$$_printf_percent$$0000000C)
    _printf_percent_end                      0x08000199   Thumb Code     0  _printf_percent_end.o(.ARM.Collect$$_printf_percent$$00000017)
    __rt_lib_init                            0x0800019d   Thumb Code     0  libinit.o(.ARM.Collect$$libinit$$00000000)
    __rt_lib_init_fp_1                       0x0800019f   Thumb Code     0  libinit2.o(.ARM.Collect$$libinit$$00000002)
    __rt_lib_init_heap_2                     0x0800019f   Thumb Code     0  libinit2.o(.ARM.Collect$$libinit$$00000007)
    __rt_lib_init_preinit_1                  0x0800019f   Thumb Code     0  libinit2.o(.ARM.Collect$$libinit$$00000006)
    __rt_lib_init_relocate_pie_1             0x0800019f   Thumb Code     0  libinit2.o(.ARM.Collect$$libinit$$00000004)
    __rt_lib_init_heap_1                     0x080001a7   Thumb Code     0  libinit2.o(.ARM.Collect$$libinit$$0000000C)
    __rt_lib_init_lc_common                  0x080001a7   Thumb Code     0  libinit2.o(.ARM.Collect$$libinit$$00000011)
    __rt_lib_init_rand_1                     0x080001a7   Thumb Code     0  libinit2.o(.ARM.Collect$$libinit$$00000010)
    __rt_lib_init_user_alloc_1               0x080001a7   Thumb Code     0  libinit2.o(.ARM.Collect$$libinit$$0000000E)
    __rt_lib_init_lc_collate_1               0x080001ad   Thumb Code     0  libinit2.o(.ARM.Collect$$libinit$$00000013)
    __rt_lib_init_lc_ctype_1                 0x080001ad   Thumb Code     0  libinit2.o(.ARM.Collect$$libinit$$00000015)
    __rt_lib_init_lc_monetary_1              0x080001ad   Thumb Code     0  libinit2.o(.ARM.Collect$$libinit$$00000017)
    __rt_lib_init_lc_numeric_2               0x080001ad   Thumb Code     0  libinit2.o(.ARM.Collect$$libinit$$00000018)
    __rt_lib_init_atexit_1                   0x080001b7   Thumb Code     0  libinit2.o(.ARM.Collect$$libinit$$0000001D)
    __rt_lib_init_clock_1                    0x080001b7   Thumb Code     0  libinit2.o(.ARM.Collect$$libinit$$00000023)
    __rt_lib_init_fp_trap_1                  0x080001b7   Thumb Code     0  libinit2.o(.ARM.Collect$$libinit$$00000021)
    __rt_lib_init_getenv_1                   0x080001b7   Thumb Code     0  libinit2.o(.ARM.Collect$$libinit$$00000025)
    __rt_lib_init_lc_numeric_1               0x080001b7   Thumb Code     0  libinit2.o(.ARM.Collect$$libinit$$00000019)
    __rt_lib_init_lc_time_1                  0x080001b7   Thumb Code     0  libinit2.o(.ARM.Collect$$libinit$$0000001B)
    __rt_lib_init_signal_1                   0x080001b7   Thumb Code     0  libinit2.o(.ARM.Collect$$libinit$$0000001F)
    __rt_lib_init_stdio_2                    0x080001b7   Thumb Code     0  libinit2.o(.ARM.Collect$$libinit$$00000026)
    __rt_lib_init_alloca_1                   0x080001bb   Thumb Code     0  libinit2.o(.ARM.Collect$$libinit$$00000030)
    __rt_lib_init_argv_1                     0x080001bb   Thumb Code     0  libinit2.o(.ARM.Collect$$libinit$$0000002E)
    __rt_lib_init_cpp_1                      0x080001bb   Thumb Code     0  libinit2.o(.ARM.Collect$$libinit$$00000034)
    __rt_lib_init_exceptions_1               0x080001bb   Thumb Code     0  libinit2.o(.ARM.Collect$$libinit$$00000032)
    __rt_lib_init_return                     0x080001bb   Thumb Code     0  libinit2.o(.ARM.Collect$$libinit$$00000035)
    __rt_lib_init_stdio_1                    0x080001bb   Thumb Code     0  libinit2.o(.ARM.Collect$$libinit$$00000027)
    __rt_lib_shutdown                        0x080001bd   Thumb Code     0  libshutdown.o(.ARM.Collect$$libshutdown$$00000000)
    __rt_lib_shutdown_cpp_1                  0x080001bf   Thumb Code     0  libshutdown2.o(.ARM.Collect$$libshutdown$$00000002)
    __rt_lib_shutdown_stdio_2                0x080001bf   Thumb Code     0  libshutdown2.o(.ARM.Collect$$libshutdown$$00000003)
    __rt_lib_shutdown_fp_trap_1              0x080001c3   Thumb Code     0  libshutdown2.o(.ARM.Collect$$libshutdown$$00000007)
    __rt_lib_shutdown_heap_1                 0x080001c3   Thumb Code     0  libshutdown2.o(.ARM.Collect$$libshutdown$$0000000F)
    __rt_lib_shutdown_return                 0x080001c3   Thumb Code     0  libshutdown2.o(.ARM.Collect$$libshutdown$$00000010)
    __rt_lib_shutdown_signal_1               0x080001c3   Thumb Code     0  libshutdown2.o(.ARM.Collect$$libshutdown$$0000000A)
    __rt_lib_shutdown_stdio_1                0x080001c3   Thumb Code     0  libshutdown2.o(.ARM.Collect$$libshutdown$$00000004)
    __rt_lib_shutdown_user_alloc_1           0x080001c3   Thumb Code     0  libshutdown2.o(.ARM.Collect$$libshutdown$$0000000C)
    __rt_entry                               0x080001c5   Thumb Code     0  __rtentry.o(.ARM.Collect$$rtentry$$00000000)
    __rt_entry_presh_1                       0x080001c5   Thumb Code     0  __rtentry2.o(.ARM.Collect$$rtentry$$00000002)
    __rt_entry_sh                            0x080001c5   Thumb Code     0  __rtentry4.o(.ARM.Collect$$rtentry$$00000004)
    __rt_entry_li                            0x080001cb   Thumb Code     0  __rtentry2.o(.ARM.Collect$$rtentry$$0000000A)
    __rt_entry_postsh_1                      0x080001cb   Thumb Code     0  __rtentry2.o(.ARM.Collect$$rtentry$$00000009)
    __rt_entry_main                          0x080001cf   Thumb Code     0  __rtentry2.o(.ARM.Collect$$rtentry$$0000000D)
    __rt_entry_postli_1                      0x080001cf   Thumb Code     0  __rtentry2.o(.ARM.Collect$$rtentry$$0000000C)
    __rt_exit                                0x080001d7   Thumb Code     0  rtexit.o(.ARM.Collect$$rtexit$$00000000)
    __rt_exit_ls                             0x080001d9   Thumb Code     0  rtexit2.o(.ARM.Collect$$rtexit$$00000003)
    __rt_exit_prels_1                        0x080001d9   Thumb Code     0  rtexit2.o(.ARM.Collect$$rtexit$$00000002)
    __rt_exit_exit                           0x080001dd   Thumb Code     0  rtexit2.o(.ARM.Collect$$rtexit$$00000004)
    Reset_Handler                            0x080001e5   Thumb Code     8  startup_stm32f103xb.o(.text)
    ADC1_2_IRQHandler                        0x080001ff   Thumb Code     0  startup_stm32f103xb.o(.text)
    CAN1_RX1_IRQHandler                      0x080001ff   Thumb Code     0  startup_stm32f103xb.o(.text)
    CAN1_SCE_IRQHandler                      0x080001ff   Thumb Code     0  startup_stm32f103xb.o(.text)
    DMA1_Channel1_IRQHandler                 0x080001ff   Thumb Code     0  startup_stm32f103xb.o(.text)
    DMA1_Channel2_IRQHandler                 0x080001ff   Thumb Code     0  startup_stm32f103xb.o(.text)
    DMA1_Channel3_IRQHandler                 0x080001ff   Thumb Code     0  startup_stm32f103xb.o(.text)
    DMA1_Channel4_IRQHandler                 0x080001ff   Thumb Code     0  startup_stm32f103xb.o(.text)
    DMA1_Channel5_IRQHandler                 0x080001ff   Thumb Code     0  startup_stm32f103xb.o(.text)
    DMA1_Channel6_IRQHandler                 0x080001ff   Thumb Code     0  startup_stm32f103xb.o(.text)
    EXTI0_IRQHandler                         0x080001ff   Thumb Code     0  startup_stm32f103xb.o(.text)
    EXTI15_10_IRQHandler                     0x080001ff   Thumb Code     0  startup_stm32f103xb.o(.text)
    EXTI1_IRQHandler                         0x080001ff   Thumb Code     0  startup_stm32f103xb.o(.text)
    EXTI2_IRQHandler                         0x080001ff   Thumb Code     0  startup_stm32f103xb.o(.text)
    EXTI3_IRQHandler                         0x080001ff   Thumb Code     0  startup_stm32f103xb.o(.text)
    EXTI4_IRQHandler                         0x080001ff   Thumb Code     0  startup_stm32f103xb.o(.text)
    EXTI9_5_IRQHandler                       0x080001ff   Thumb Code     0  startup_stm32f103xb.o(.text)
    FLASH_IRQHandler                         0x080001ff   Thumb Code     0  startup_stm32f103xb.o(.text)
    I2C1_ER_IRQHandler                       0x080001ff   Thumb Code     0  startup_stm32f103xb.o(.text)
    I2C1_EV_IRQHandler                       0x080001ff   Thumb Code     0  startup_stm32f103xb.o(.text)
    I2C2_ER_IRQHandler                       0x080001ff   Thumb Code     0  startup_stm32f103xb.o(.text)
    I2C2_EV_IRQHandler                       0x080001ff   Thumb Code     0  startup_stm32f103xb.o(.text)
    PVD_IRQHandler                           0x080001ff   Thumb Code     0  startup_stm32f103xb.o(.text)
    RCC_IRQHandler                           0x080001ff   Thumb Code     0  startup_stm32f103xb.o(.text)
    RTC_Alarm_IRQHandler                     0x080001ff   Thumb Code     0  startup_stm32f103xb.o(.text)
    RTC_IRQHandler                           0x080001ff   Thumb Code     0  startup_stm32f103xb.o(.text)
    SPI1_IRQHandler                          0x080001ff   Thumb Code     0  startup_stm32f103xb.o(.text)
    SPI2_IRQHandler                          0x080001ff   Thumb Code     0  startup_stm32f103xb.o(.text)
    TAMPER_IRQHandler                        0x080001ff   Thumb Code     0  startup_stm32f103xb.o(.text)
    TIM1_BRK_IRQHandler                      0x080001ff   Thumb Code     0  startup_stm32f103xb.o(.text)
    TIM1_CC_IRQHandler                       0x080001ff   Thumb Code     0  startup_stm32f103xb.o(.text)
    TIM1_TRG_COM_IRQHandler                  0x080001ff   Thumb Code     0  startup_stm32f103xb.o(.text)
    TIM1_UP_IRQHandler                       0x080001ff   Thumb Code     0  startup_stm32f103xb.o(.text)
    TIM2_IRQHandler                          0x080001ff   Thumb Code     0  startup_stm32f103xb.o(.text)
    TIM3_IRQHandler                          0x080001ff   Thumb Code     0  startup_stm32f103xb.o(.text)
    TIM4_IRQHandler                          0x080001ff   Thumb Code     0  startup_stm32f103xb.o(.text)
    USART1_IRQHandler                        0x080001ff   Thumb Code     0  startup_stm32f103xb.o(.text)
    USART2_IRQHandler                        0x080001ff   Thumb Code     0  startup_stm32f103xb.o(.text)
    USART3_IRQHandler                        0x080001ff   Thumb Code     0  startup_stm32f103xb.o(.text)
    USBWakeUp_IRQHandler                     0x080001ff   Thumb Code     0  startup_stm32f103xb.o(.text)
    USB_HP_CAN1_TX_IRQHandler                0x080001ff   Thumb Code     0  startup_stm32f103xb.o(.text)
    USB_LP_CAN1_RX0_IRQHandler               0x080001ff   Thumb Code     0  startup_stm32f103xb.o(.text)
    WWDG_IRQHandler                          0x080001ff   Thumb Code     0  startup_stm32f103xb.o(.text)
    __user_initial_stackheap                 0x08000201   Thumb Code     0  startup_stm32f103xb.o(.text)
    __2printf                                0x08000225   Thumb Code    20  noretval__2printf.o(.text)
    _printf_pre_padding                      0x0800023d   Thumb Code    44  _printf_pad.o(.text)
    _printf_post_padding                     0x08000269   Thumb Code    34  _printf_pad.o(.text)
    _printf_int_hex                          0x0800028d   Thumb Code    84  _printf_hex_int.o(.text)
    _printf_longlong_hex                     0x0800028d   Thumb Code     0  _printf_hex_int.o(.text)
    __printf                                 0x080002e5   Thumb Code   308  __printf_flags_wp.o(.text)
    puts                                     0x0800041d   Thumb Code    40  puts.o(.text)
    __use_two_region_memory                  0x08000449   Thumb Code     2  heapauxi.o(.text)
    __rt_heap_escrow                         0x0800044b   Thumb Code     2  heapauxi.o(.text)
    __rt_heap_expand                         0x0800044d   Thumb Code     2  heapauxi.o(.text)
    _printf_int_common                       0x0800044f   Thumb Code   178  _printf_intcommon.o(.text)
    _printf_fp_dec_real                      0x080006b1   Thumb Code   620  _printf_fp_dec.o(.text)
    _printf_char_file                        0x0800091d   Thumb Code    32  _printf_char_file.o(.text)
    __rt_locale                              0x08000941   Thumb Code     8  rt_locale_intlibspace.o(.text)
    _ll_udiv10                               0x08000949   Thumb Code   138  lludiv10.o(.text)
    _printf_char_common                      0x080009df   Thumb Code    32  _printf_char_common.o(.text)
    _printf_fp_infnan                        0x08000a05   Thumb Code   112  _printf_fp_infnan.o(.text)
    _btod_etento                             0x08000a85   Thumb Code   224  bigflt0.o(.text)
    ferror                                   0x08000b69   Thumb Code     8  ferror.o(.text)
    __flsbuf                                 0x08000b71   Thumb Code   482  flsbuf.o(.text)
    __flsbuf_byte                            0x08000b71   Thumb Code     0  flsbuf.o(.text)
    __flsbuf_wide                            0x08000b71   Thumb Code     0  flsbuf.o(.text)
    _initio                                  0x08000d55   Thumb Code   210  initio.o(.text)
    _terminateio                             0x08000e27   Thumb Code    56  initio.o(.text)
    _sys_open                                0x08000e8d   Thumb Code    20  sys_io.o(.text)
    _sys_close                               0x08000ea1   Thumb Code    12  sys_io.o(.text)
    _sys_write                               0x08000ead   Thumb Code    16  sys_io.o(.text)
    _sys_read                                0x08000ebd   Thumb Code    14  sys_io.o(.text)
    _sys_istty                               0x08000ecb   Thumb Code    12  sys_io.o(.text)
    _sys_seek                                0x08000ed7   Thumb Code    14  sys_io.o(.text)
    _sys_ensure                              0x08000ee5   Thumb Code     2  sys_io.o(.text)
    _sys_flen                                0x08000ee7   Thumb Code    12  sys_io.o(.text)
    __user_libspace                          0x08000ef5   Thumb Code     8  libspace.o(.text)
    __user_perproc_libspace                  0x08000ef5   Thumb Code     0  libspace.o(.text)
    __user_perthread_libspace                0x08000ef5   Thumb Code     0  libspace.o(.text)
    __user_setup_stackheap                   0x08000efd   Thumb Code    74  sys_stackheap_outer.o(.text)
    malloc                                   0x08000f47   Thumb Code    94  h1_alloc.o(.text)
    free                                     0x08000fa5   Thumb Code    78  h1_free.o(.text)
    setvbuf                                  0x08000ff3   Thumb Code    70  setvbuf.o(.text)
    _seterr                                  0x08001039   Thumb Code    20  stdio.o(.text)
    _writebuf                                0x0800104d   Thumb Code   108  stdio.o(.text)
    _fflush                                  0x080010b9   Thumb Code    70  stdio.o(.text)
    _deferredlazyseek                        0x080010ff   Thumb Code    60  stdio.o(.text)
    freopen                                  0x08001141   Thumb Code   160  fopen.o(.text)
    fopen                                    0x080011e1   Thumb Code    74  fopen.o(.text)
    _fclose_internal                         0x08001231   Thumb Code    76  fclose.o(.text)
    fclose                                   0x08001231   Thumb Code     0  fclose.o(.text)
    exit                                     0x0800127d   Thumb Code    18  exit.o(.text)
    __rt_SIGRTRED                            0x0800128f   Thumb Code    14  defsig_rtred_outer.o(.text)
    __aeabi_memclr4                          0x0800129d   Thumb Code     0  rt_memclr_w.o(.text)
    __aeabi_memclr8                          0x0800129d   Thumb Code     0  rt_memclr_w.o(.text)
    __rt_memclr_w                            0x0800129d   Thumb Code     0  rt_memclr_w.o(.text)
    _memset_w                                0x080012a1   Thumb Code    74  rt_memclr_w.o(.text)
    strcmp                                   0x080012ed   Thumb Code   128  strcmpv7m.o(.text)
    __I$use$semihosting                      0x0800136d   Thumb Code     0  use_no_semi.o(.text)
    __use_no_semihosting_swi                 0x0800136d   Thumb Code     2  use_no_semi.o(.text)
    __semihosting_library_function           0x0800136f   Thumb Code     0  indicate_semi.o(.text)
    __rt_heap_descriptor                     0x08001371   Thumb Code     8  rt_heap_descriptor_intlibspace.o(.text)
    __use_no_heap                            0x08001379   Thumb Code     2  hguard.o(.text)
    __heap$guard                             0x0800137b   Thumb Code     2  hguard.o(.text)
    _terminate_user_alloc                    0x0800137d   Thumb Code     2  init_alloc.o(.text)
    _init_user_alloc                         0x0800137f   Thumb Code     2  init_alloc.o(.text)
    __Heap_Full                              0x08001381   Thumb Code    34  init_alloc.o(.text)
    __Heap_Broken                            0x080013a3   Thumb Code     6  init_alloc.o(.text)
    _init_alloc                              0x080013a9   Thumb Code    94  init_alloc.o(.text)
    __Heap_Initialize                        0x08001407   Thumb Code     8  h1_init.o(.text)
    __Heap_DescSize                          0x0800140f   Thumb Code     4  h1_init.o(.text)
    _fseek                                   0x08001415   Thumb Code   242  fseek.o(.text)
    fseek                                    0x08001415   Thumb Code     0  fseek.o(.text)
    __sig_exit                               0x0800150d   Thumb Code    10  defsig_exit.o(.text)
    __rt_SIGRTRED_inner                      0x08001519   Thumb Code    14  defsig_rtred_inner.o(.text)
    strlen                                   0x0800154d   Thumb Code    62  strlen.o(.text)
    _sys_exit                                0x0800158d   Thumb Code     8  sys_exit.o(.text)
    __Heap_ProvideMemory                     0x08001599   Thumb Code    52  h1_extend.o(.text)
    _maybe_terminate_alloc                   0x08001599   Thumb Code     0  maybetermalloc1.o(.text)
    _ftell_internal                          0x080015cd   Thumb Code    66  ftell.o(.text)
    ftell                                    0x080015cd   Thumb Code     0  ftell.o(.text)
    __default_signal_display                 0x0800160f   Thumb Code    50  defsig_general.o(.text)
    __rt_SIGRTMEM                            0x08001641   Thumb Code    14  defsig_rtmem_outer.o(.text)
    _ttywrch                                 0x0800164f   Thumb Code    14  sys_wrch.o(.text)
    __aeabi_errno_addr                       0x0800165d   Thumb Code     8  rt_errno_addr_intlibspace.o(.text)
    __errno$intlibspace                      0x0800165d   Thumb Code     0  rt_errno_addr_intlibspace.o(.text)
    __rt_errno_addr$intlibspace              0x0800165d   Thumb Code     0  rt_errno_addr_intlibspace.o(.text)
    __rt_SIGRTMEM_inner                      0x08001665   Thumb Code    22  defsig_rtmem_inner.o(.text)
    BusFault_Handler                         0x080016b5   Thumb Code     2  stm32f1xx_it.o(.text.BusFault_Handler)
    DMA1_Channel7_IRQHandler                 0x080016b9   Thumb Code    12  stm32f1xx_it.o(.text.DMA1_Channel7_IRQHandler)
    DebugMon_Handler                         0x080016c5   Thumb Code     2  stm32f1xx_it.o(.text.DebugMon_Handler)
    Error_Handler                            0x080016c9   Thumb Code    10  main.o(.text.Error_Handler)
    HAL_DMA_Abort_IT                         0x080016d5   Thumb Code   182  stm32f1xx_hal_dma.o(.text.HAL_DMA_Abort_IT)
    HAL_DMA_IRQHandler                       0x0800178d   Thumb Code   416  stm32f1xx_hal_dma.o(.text.HAL_DMA_IRQHandler)
    HAL_DMA_Init                             0x0800192d   Thumb Code   132  stm32f1xx_hal_dma.o(.text.HAL_DMA_Init)
    HAL_DMA_Start_IT                         0x080019b1   Thumb Code   160  stm32f1xx_hal_dma.o(.text.HAL_DMA_Start_IT)
    HAL_Delay                                0x08001a51   Thumb Code    40  stm32f1xx_hal.o(.text.HAL_Delay)
    HAL_GPIO_Init                            0x08001a79   Thumb Code   526  stm32f1xx_hal_gpio.o(.text.HAL_GPIO_Init)
    HAL_GPIO_ReadPin                         0x08001c89   Thumb Code    10  stm32f1xx_hal_gpio.o(.text.HAL_GPIO_ReadPin)
    HAL_GetTick                              0x08001c95   Thumb Code    12  stm32f1xx_hal.o(.text.HAL_GetTick)
    HAL_I2C_ErrorCallback                    0x08001ca1   Thumb Code     2  stm32f1xx_hal_i2c.o(.text.HAL_I2C_ErrorCallback)
    HAL_I2C_Init                             0x08001ca5   Thumb Code   356  stm32f1xx_hal_i2c.o(.text.HAL_I2C_Init)
    HAL_I2C_MasterRxCpltCallback             0x08001e09   Thumb Code     2  stm32f1xx_hal_i2c.o(.text.HAL_I2C_MasterRxCpltCallback)
    HAL_I2C_MemRxCpltCallback                0x08001e0d   Thumb Code    30  mpu6050.o(.text.HAL_I2C_MemRxCpltCallback)
    HAL_I2C_Mem_Read                         0x08001e2d   Thumb Code   846  stm32f1xx_hal_i2c.o(.text.HAL_I2C_Mem_Read)
    HAL_I2C_Mem_Read_DMA                     0x0800217d   Thumb Code   580  stm32f1xx_hal_i2c.o(.text.HAL_I2C_Mem_Read_DMA)
    HAL_I2C_Mem_Write                        0x080023c1   Thumb Code   348  stm32f1xx_hal_i2c.o(.text.HAL_I2C_Mem_Write)
    HAL_I2C_MspInit                          0x0800251d   Thumb Code   160  i2c.o(.text.HAL_I2C_MspInit)
    HAL_I2C_SlaveRxCpltCallback              0x080025bd   Thumb Code     2  stm32f1xx_hal_i2c.o(.text.HAL_I2C_SlaveRxCpltCallback)
    HAL_I2C_SlaveTxCpltCallback              0x080025c1   Thumb Code     2  stm32f1xx_hal_i2c.o(.text.HAL_I2C_SlaveTxCpltCallback)
    HAL_IncTick                              0x080025c5   Thumb Code    26  stm32f1xx_hal.o(.text.HAL_IncTick)
    HAL_Init                                 0x080025e1   Thumb Code    38  stm32f1xx_hal.o(.text.HAL_Init)
    HAL_InitTick                             0x08002609   Thumb Code    72  stm32f1xx_hal.o(.text.HAL_InitTick)
    HAL_MspInit                              0x08002651   Thumb Code    66  stm32f1xx_hal_msp.o(.text.HAL_MspInit)
    HAL_NVIC_EnableIRQ                       0x08002695   Thumb Code    34  stm32f1xx_hal_cortex.o(.text.HAL_NVIC_EnableIRQ)
    HAL_NVIC_SetPriority                     0x080026b9   Thumb Code    86  stm32f1xx_hal_cortex.o(.text.HAL_NVIC_SetPriority)
    HAL_NVIC_SetPriorityGrouping             0x08002711   Thumb Code    32  stm32f1xx_hal_cortex.o(.text.HAL_NVIC_SetPriorityGrouping)
    HAL_RCC_ClockConfig                      0x08002731   Thumb Code   442  stm32f1xx_hal_rcc.o(.text.HAL_RCC_ClockConfig)
    HAL_RCC_GetPCLK1Freq                     0x080028ed   Thumb Code    38  stm32f1xx_hal_rcc.o(.text.HAL_RCC_GetPCLK1Freq)
    HAL_RCC_GetPCLK2Freq                     0x08002915   Thumb Code    38  stm32f1xx_hal_rcc.o(.text.HAL_RCC_GetPCLK2Freq)
    HAL_RCC_OscConfig                        0x0800293d   Thumb Code  1024  stm32f1xx_hal_rcc.o(.text.HAL_RCC_OscConfig)
    HAL_SYSTICK_Config                       0x08002d3d   Thumb Code    44  stm32f1xx_hal_cortex.o(.text.HAL_SYSTICK_Config)
    HAL_UART_Init                            0x08002d69   Thumb Code   226  stm32f1xx_hal_uart.o(.text.HAL_UART_Init)
    HAL_UART_MspInit                         0x08002e4d   Thumb Code   126  usart.o(.text.HAL_UART_MspInit)
    HardFault_Handler                        0x08002ecd   Thumb Code     2  stm32f1xx_it.o(.text.HardFault_Handler)
    MPU6050_DataConvert                      0x080036c5   Thumb Code   182  mpu6050.o(.text.MPU6050_DataConvert)
    MPU6050_DataReady                        0x0800377d   Thumb Code    18  mpu6050.o(.text.MPU6050_DataReady)
    MPU6050_Get6AxisRawData                  0x08003791   Thumb Code   148  mpu6050.o(.text.MPU6050_Get6AxisRawData)
    MPU6050_Initialization                   0x08003825   Thumb Code   448  mpu6050.o(.text.MPU6050_Initialization)
    MPU6050_ProcessData                      0x08003a75   Thumb Code    18  mpu6050.o(.text.MPU6050_ProcessData)
    MX_DMA_Init                              0x08003a89   Thumb Code    52  dma.o(.text.MX_DMA_Init)
    MX_GPIO_Init                             0x08003abd   Thumb Code   102  gpio.o(.text.MX_GPIO_Init)
    MX_I2C1_Init                             0x08003b25   Thumb Code    66  i2c.o(.text.MX_I2C1_Init)
    MX_USART1_UART_Init                      0x08003b69   Thumb Code    60  usart.o(.text.MX_USART1_UART_Init)
    MemManage_Handler                        0x08003ba5   Thumb Code     2  stm32f1xx_it.o(.text.MemManage_Handler)
    NMI_Handler                              0x08003ba9   Thumb Code     2  stm32f1xx_it.o(.text.NMI_Handler)
    PendSV_Handler                           0x08003bad   Thumb Code     2  stm32f1xx_it.o(.text.PendSV_Handler)
    SVC_Handler                              0x08003bb1   Thumb Code     2  stm32f1xx_it.o(.text.SVC_Handler)
    SysTick_Handler                          0x08003bb5   Thumb Code     4  stm32f1xx_it.o(.text.SysTick_Handler)
    SystemInit                               0x08003bb9   Thumb Code     2  system_stm32f1xx.o(.text.SystemInit)
    UsageFault_Handler                       0x08003bbd   Thumb Code     2  stm32f1xx_it.o(.text.UsageFault_Handler)
    main                                     0x08003bc1   Thumb Code   272  main.o(.text.main)
    _btod_d2e                                0x08003d35   Thumb Code    62  btod.o(CL$$btod_d2e)
    _d2e_denorm_low                          0x08003d73   Thumb Code    70  btod.o(CL$$btod_d2e_denorm_low)
    _d2e_norm_op1                            0x08003db9   Thumb Code    96  btod.o(CL$$btod_d2e_norm_op1)
    __btod_div_common                        0x08003e19   Thumb Code   696  btod.o(CL$$btod_div_common)
    _e2e                                     0x08004151   Thumb Code   220  btod.o(CL$$btod_e2e)
    _btod_ediv                               0x0800422d   Thumb Code    42  btod.o(CL$$btod_ediv)
    _btod_emul                               0x08004257   Thumb Code    42  btod.o(CL$$btod_emul)
    __btod_mult_common                       0x08004281   Thumb Code   580  btod.o(CL$$btod_mult_common)
    __ARM_fpclassify                         0x080044c5   Thumb Code    40  fpclassify.o(i.__ARM_fpclassify)
    _is_digit                                0x080044ed   Thumb Code    14  __printf_wp.o(i._is_digit)
    fputc                                    0x080044fb   Thumb Code    28  fputc.o(i.fputc)
    _get_lc_numeric                          0x08004519   Thumb Code    44  lc_numeric_c.o(locale$$code)
    __aeabi_d2f                              0x08004545   Thumb Code     0  d2f.o(x$fpl$d2f)
    _d2f                                     0x08004545   Thumb Code    98  d2f.o(x$fpl$d2f)
    __aeabi_dadd                             0x080045a9   Thumb Code     0  daddsub_clz.o(x$fpl$dadd)
    _dadd                                    0x080045a9   Thumb Code   332  daddsub_clz.o(x$fpl$dadd)
    __fpl_dnaninf                            0x080046f9   Thumb Code   156  dnaninf.o(x$fpl$dnaninf)
    __fpl_dretinf                            0x08004795   Thumb Code    12  dretinf.o(x$fpl$dretinf)
    __aeabi_dsub                             0x080047a1   Thumb Code     0  daddsub_clz.o(x$fpl$dsub)
    _dsub                                    0x080047a1   Thumb Code   472  daddsub_clz.o(x$fpl$dsub)
    __aeabi_f2d                              0x0800497d   Thumb Code     0  f2d.o(x$fpl$f2d)
    _f2d                                     0x0800497d   Thumb Code    86  f2d.o(x$fpl$f2d)
    __aeabi_fdiv                             0x080049d5   Thumb Code     0  fdiv.o(x$fpl$fdiv)
    _fdiv                                    0x080049d5   Thumb Code   384  fdiv.o(x$fpl$fdiv)
    __aeabi_i2f                              0x08004b59   Thumb Code     0  fflt_clz.o(x$fpl$fflt)
    _fflt                                    0x08004b59   Thumb Code    48  fflt_clz.o(x$fpl$fflt)
    __fpl_fnaninf                            0x08004b89   Thumb Code   140  fnaninf.o(x$fpl$fnaninf)
    __fpl_fretinf                            0x08004c15   Thumb Code    10  fretinf.o(x$fpl$fretinf)
    _printf_fp_dec                           0x08004c1f   Thumb Code     4  printf1.o(x$fpl$printf1)
    __I$use$fp                               0x08004c22   Number         0  usenofp.o(x$fpl$usenofp)
    __stdin_name                             0x08004cf0   Data           4  sys_io_names.o(.constdata)
    __stdout_name                            0x08004cf4   Data           4  sys_io_names.o(.constdata)
    __stderr_name                            0x08004cf8   Data           4  sys_io_names.o(.constdata)
    AHBPrescTable                            0x08004cfc   Data          16  system_stm32f1xx.o(.rodata.AHBPrescTable)
    APBPrescTable                            0x08004d0c   Data           8  system_stm32f1xx.o(.rodata.APBPrescTable)
    Region$$Table$$Base                      0x08004d7c   Number         0  anon$$obj.o(Region$$Table)
    Region$$Table$$Limit                     0x08004d9c   Number         0  anon$$obj.o(Region$$Table)
    __aeabi_stdin                            0x20000000   Data           4  stdio_streams.o(.data)
    __aeabi_stdout                           0x20000004   Data           4  stdio_streams.o(.data)
    __aeabi_stderr                           0x20000008   Data           4  stdio_streams.o(.data)
    uwTickFreq                               0x2000000c   Data           1  stm32f1xx_hal.o(.data..L_MergedGlobals)
    uwTickPrio                               0x20000010   Data           4  stm32f1xx_hal.o(.data..L_MergedGlobals)
    SystemCoreClock                          0x20000014   Data           4  system_stm32f1xx.o(.data.SystemCoreClock)
    __stdin                                  0x20000018   Data          84  stdio_streams.o(.bss)
    __stdout                                 0x2000006c   Data          84  stdio_streams.o(.bss)
    __stderr                                 0x200000c0   Data          84  stdio_streams.o(.bss)
    __libspace_start                         0x20000114   Data          96  libspace.o(.bss)
    __temporary_stack_top$libspace           0x20000174   Data           0  libspace.o(.bss)
    MPU6050                                  0x2000017c   Data          44  mpu6050.o(.bss.MPU6050)
    dma_complete                             0x200001a8   Data           1  mpu6050.o(.bss.dma_complete)
    hdma_i2c1_rx                             0x200001ac   Data          68  i2c.o(.bss.hdma_i2c1_rx)
    hi2c1                                    0x200001f0   Data          84  i2c.o(.bss.hi2c1)
    huart1                                   0x20000244   Data          72  usart.o(.bss.huart1)
    uwTick                                   0x2000028c   Data           4  stm32f1xx_hal.o(.bss.uwTick)



==============================================================================

Memory Map of the image

  Image Entry point : 0x080000ed

  Load Region LR_IROM1 (Base: 0x08000000, Size: 0x00004dd0, Max: 0x00010000, ABSOLUTE)

    Execution Region ER_IROM1 (Exec base: 0x08000000, Load base: 0x08000000, Size: 0x00004db8, Max: 0x00010000, ABSOLUTE)

    Exec Addr    Load Addr    Size         Type   Attr      Idx    E Section Name        Object

    0x08000000   0x08000000   0x000000ec   Data   RO            3    RESET               startup_stm32f103xb.o
    0x080000ec   0x080000ec   0x00000008   Code   RO          825  * !!!main             c_w.l(__main.o)
    0x080000f4   0x080000f4   0x0000005c   Code   RO         1270    !!!scatter          c_w.l(__scatter.o)
    0x08000150   0x08000150   0x0000001a   Code   RO         1274    !!handler_copy      c_w.l(__scatter_copy.o)
    0x0800016a   0x0800016a   0x00000002   PAD
    0x0800016c   0x0800016c   0x00000002   Code   RO         1271    !!handler_null      c_w.l(__scatter.o)
    0x0800016e   0x0800016e   0x00000002   PAD
    0x08000170   0x08000170   0x0000001c   Code   RO         1276    !!handler_zi        c_w.l(__scatter_zi.o)
    0x0800018c   0x0800018c   0x00000000   Code   RO          820    .ARM.Collect$$_printf_percent$$00000000  c_w.l(_printf_percent.o)
    0x0800018c   0x0800018c   0x00000006   Code   RO          819    .ARM.Collect$$_printf_percent$$00000003  c_w.l(_printf_f.o)
    0x08000192   0x08000192   0x00000006   Code   RO          818    .ARM.Collect$$_printf_percent$$0000000C  c_w.l(_printf_x.o)
    0x08000198   0x08000198   0x00000004   Code   RO          858    .ARM.Collect$$_printf_percent$$00000017  c_w.l(_printf_percent_end.o)
    0x0800019c   0x0800019c   0x00000002   Code   RO         1070    .ARM.Collect$$libinit$$00000000  c_w.l(libinit.o)
    0x0800019e   0x0800019e   0x00000000   Code   RO         1072    .ARM.Collect$$libinit$$00000002  c_w.l(libinit2.o)
    0x0800019e   0x0800019e   0x00000000   Code   RO         1074    .ARM.Collect$$libinit$$00000004  c_w.l(libinit2.o)
    0x0800019e   0x0800019e   0x00000000   Code   RO         1076    .ARM.Collect$$libinit$$00000006  c_w.l(libinit2.o)
    0x0800019e   0x0800019e   0x00000008   Code   RO         1077    .ARM.Collect$$libinit$$00000007  c_w.l(libinit2.o)
    0x080001a6   0x080001a6   0x00000000   Code   RO         1079    .ARM.Collect$$libinit$$0000000C  c_w.l(libinit2.o)
    0x080001a6   0x080001a6   0x00000000   Code   RO         1081    .ARM.Collect$$libinit$$0000000E  c_w.l(libinit2.o)
    0x080001a6   0x080001a6   0x00000000   Code   RO         1083    .ARM.Collect$$libinit$$00000010  c_w.l(libinit2.o)
    0x080001a6   0x080001a6   0x00000006   Code   RO         1084    .ARM.Collect$$libinit$$00000011  c_w.l(libinit2.o)
    0x080001ac   0x080001ac   0x00000000   Code   RO         1086    .ARM.Collect$$libinit$$00000013  c_w.l(libinit2.o)
    0x080001ac   0x080001ac   0x00000000   Code   RO         1088    .ARM.Collect$$libinit$$00000015  c_w.l(libinit2.o)
    0x080001ac   0x080001ac   0x00000000   Code   RO         1090    .ARM.Collect$$libinit$$00000017  c_w.l(libinit2.o)
    0x080001ac   0x080001ac   0x0000000a   Code   RO         1091    .ARM.Collect$$libinit$$00000018  c_w.l(libinit2.o)
    0x080001b6   0x080001b6   0x00000000   Code   RO         1092    .ARM.Collect$$libinit$$00000019  c_w.l(libinit2.o)
    0x080001b6   0x080001b6   0x00000000   Code   RO         1094    .ARM.Collect$$libinit$$0000001B  c_w.l(libinit2.o)
    0x080001b6   0x080001b6   0x00000000   Code   RO         1096    .ARM.Collect$$libinit$$0000001D  c_w.l(libinit2.o)
    0x080001b6   0x080001b6   0x00000000   Code   RO         1098    .ARM.Collect$$libinit$$0000001F  c_w.l(libinit2.o)
    0x080001b6   0x080001b6   0x00000000   Code   RO         1100    .ARM.Collect$$libinit$$00000021  c_w.l(libinit2.o)
    0x080001b6   0x080001b6   0x00000000   Code   RO         1102    .ARM.Collect$$libinit$$00000023  c_w.l(libinit2.o)
    0x080001b6   0x080001b6   0x00000000   Code   RO         1104    .ARM.Collect$$libinit$$00000025  c_w.l(libinit2.o)
    0x080001b6   0x080001b6   0x00000004   Code   RO         1105    .ARM.Collect$$libinit$$00000026  c_w.l(libinit2.o)
    0x080001ba   0x080001ba   0x00000000   Code   RO         1106    .ARM.Collect$$libinit$$00000027  c_w.l(libinit2.o)
    0x080001ba   0x080001ba   0x00000000   Code   RO         1110    .ARM.Collect$$libinit$$0000002E  c_w.l(libinit2.o)
    0x080001ba   0x080001ba   0x00000000   Code   RO         1112    .ARM.Collect$$libinit$$00000030  c_w.l(libinit2.o)
    0x080001ba   0x080001ba   0x00000000   Code   RO         1114    .ARM.Collect$$libinit$$00000032  c_w.l(libinit2.o)
    0x080001ba   0x080001ba   0x00000000   Code   RO         1116    .ARM.Collect$$libinit$$00000034  c_w.l(libinit2.o)
    0x080001ba   0x080001ba   0x00000002   Code   RO         1117    .ARM.Collect$$libinit$$00000035  c_w.l(libinit2.o)
    0x080001bc   0x080001bc   0x00000002   Code   RO         1249    .ARM.Collect$$libshutdown$$00000000  c_w.l(libshutdown.o)
    0x080001be   0x080001be   0x00000000   Code   RO         1119    .ARM.Collect$$libshutdown$$00000002  c_w.l(libshutdown2.o)
    0x080001be   0x080001be   0x00000004   Code   RO         1120    .ARM.Collect$$libshutdown$$00000003  c_w.l(libshutdown2.o)
    0x080001c2   0x080001c2   0x00000000   Code   RO         1121    .ARM.Collect$$libshutdown$$00000004  c_w.l(libshutdown2.o)
    0x080001c2   0x080001c2   0x00000000   Code   RO         1124    .ARM.Collect$$libshutdown$$00000007  c_w.l(libshutdown2.o)
    0x080001c2   0x080001c2   0x00000000   Code   RO         1127    .ARM.Collect$$libshutdown$$0000000A  c_w.l(libshutdown2.o)
    0x080001c2   0x080001c2   0x00000000   Code   RO         1129    .ARM.Collect$$libshutdown$$0000000C  c_w.l(libshutdown2.o)
    0x080001c2   0x080001c2   0x00000000   Code   RO         1132    .ARM.Collect$$libshutdown$$0000000F  c_w.l(libshutdown2.o)
    0x080001c2   0x080001c2   0x00000002   Code   RO         1133    .ARM.Collect$$libshutdown$$00000010  c_w.l(libshutdown2.o)
    0x080001c4   0x080001c4   0x00000000   Code   RO          849    .ARM.Collect$$rtentry$$00000000  c_w.l(__rtentry.o)
    0x080001c4   0x080001c4   0x00000000   Code   RO          881    .ARM.Collect$$rtentry$$00000002  c_w.l(__rtentry2.o)
    0x080001c4   0x080001c4   0x00000006   Code   RO          893    .ARM.Collect$$rtentry$$00000004  c_w.l(__rtentry4.o)
    0x080001ca   0x080001ca   0x00000000   Code   RO          883    .ARM.Collect$$rtentry$$00000009  c_w.l(__rtentry2.o)
    0x080001ca   0x080001ca   0x00000004   Code   RO          884    .ARM.Collect$$rtentry$$0000000A  c_w.l(__rtentry2.o)
    0x080001ce   0x080001ce   0x00000000   Code   RO          886    .ARM.Collect$$rtentry$$0000000C  c_w.l(__rtentry2.o)
    0x080001ce   0x080001ce   0x00000008   Code   RO          887    .ARM.Collect$$rtentry$$0000000D  c_w.l(__rtentry2.o)
    0x080001d6   0x080001d6   0x00000002   Code   RO         1137    .ARM.Collect$$rtexit$$00000000  c_w.l(rtexit.o)
    0x080001d8   0x080001d8   0x00000000   Code   RO         1201    .ARM.Collect$$rtexit$$00000002  c_w.l(rtexit2.o)
    0x080001d8   0x080001d8   0x00000004   Code   RO         1202    .ARM.Collect$$rtexit$$00000003  c_w.l(rtexit2.o)
    0x080001dc   0x080001dc   0x00000006   Code   RO         1203    .ARM.Collect$$rtexit$$00000004  c_w.l(rtexit2.o)
    0x080001e2   0x080001e2   0x00000002   PAD
    0x080001e4   0x080001e4   0x00000040   Code   RO            4    .text               startup_stm32f103xb.o
    0x08000224   0x08000224   0x00000018   Code   RO          771    .text               c_w.l(noretval__2printf.o)
    0x0800023c   0x0800023c   0x0000004e   Code   RO          775    .text               c_w.l(_printf_pad.o)
    0x0800028a   0x0800028a   0x00000002   PAD
    0x0800028c   0x0800028c   0x00000058   Code   RO          780    .text               c_w.l(_printf_hex_int.o)
    0x080002e4   0x080002e4   0x00000138   Code   RO          810    .text               c_w.l(__printf_flags_wp.o)
    0x0800041c   0x0800041c   0x0000002c   Code   RO          821    .text               c_w.l(puts.o)
    0x08000448   0x08000448   0x00000006   Code   RO          823    .text               c_w.l(heapauxi.o)
    0x0800044e   0x0800044e   0x000000b2   Code   RO          850    .text               c_w.l(_printf_intcommon.o)
    0x08000500   0x08000500   0x0000041c   Code   RO          852    .text               c_w.l(_printf_fp_dec.o)
    0x0800091c   0x0800091c   0x00000024   Code   RO          856    .text               c_w.l(_printf_char_file.o)
    0x08000940   0x08000940   0x00000008   Code   RO          898    .text               c_w.l(rt_locale_intlibspace.o)
    0x08000948   0x08000948   0x0000008a   Code   RO          900    .text               c_w.l(lludiv10.o)
    0x080009d2   0x080009d2   0x00000002   PAD
    0x080009d4   0x080009d4   0x00000030   Code   RO          902    .text               c_w.l(_printf_char_common.o)
    0x08000a04   0x08000a04   0x00000080   Code   RO          904    .text               c_w.l(_printf_fp_infnan.o)
    0x08000a84   0x08000a84   0x000000e4   Code   RO          906    .text               c_w.l(bigflt0.o)
    0x08000b68   0x08000b68   0x00000008   Code   RO          933    .text               c_w.l(ferror.o)
    0x08000b70   0x08000b70   0x000001e2   Code   RO          935    .text               c_w.l(flsbuf.o)
    0x08000d52   0x08000d52   0x00000002   PAD
    0x08000d54   0x08000d54   0x00000138   Code   RO          937    .text               c_w.l(initio.o)
    0x08000e8c   0x08000e8c   0x00000066   Code   RO          952    .text               c_w.l(sys_io.o)
    0x08000ef2   0x08000ef2   0x00000002   PAD
    0x08000ef4   0x08000ef4   0x00000008   Code   RO          959    .text               c_w.l(libspace.o)
    0x08000efc   0x08000efc   0x0000004a   Code   RO          964    .text               c_w.l(sys_stackheap_outer.o)
    0x08000f46   0x08000f46   0x0000005e   Code   RO          970    .text               c_w.l(h1_alloc.o)
    0x08000fa4   0x08000fa4   0x0000004e   Code   RO          972    .text               c_w.l(h1_free.o)
    0x08000ff2   0x08000ff2   0x00000046   Code   RO         1034    .text               c_w.l(setvbuf.o)
    0x08001038   0x08001038   0x00000108   Code   RO         1036    .text               c_w.l(stdio.o)
    0x08001140   0x08001140   0x000000f0   Code   RO         1041    .text               c_w.l(fopen.o)
    0x08001230   0x08001230   0x0000004c   Code   RO         1043    .text               c_w.l(fclose.o)
    0x0800127c   0x0800127c   0x00000012   Code   RO         1053    .text               c_w.l(exit.o)
    0x0800128e   0x0800128e   0x0000000e   Code   RO         1055    .text               c_w.l(defsig_rtred_outer.o)
    0x0800129c   0x0800129c   0x0000004e   Code   RO         1061    .text               c_w.l(rt_memclr_w.o)
    0x080012ea   0x080012ea   0x00000002   PAD
    0x080012ec   0x080012ec   0x00000080   Code   RO         1063    .text               c_w.l(strcmpv7m.o)
    0x0800136c   0x0800136c   0x00000002   Code   RO         1134    .text               c_w.l(use_no_semi.o)
    0x0800136e   0x0800136e   0x00000000   Code   RO         1136    .text               c_w.l(indicate_semi.o)
    0x0800136e   0x0800136e   0x00000002   PAD
    0x08001370   0x08001370   0x00000008   Code   RO         1144    .text               c_w.l(rt_heap_descriptor_intlibspace.o)
    0x08001378   0x08001378   0x00000004   Code   RO         1146    .text               c_w.l(hguard.o)
    0x0800137c   0x0800137c   0x0000008a   Code   RO         1148    .text               c_w.l(init_alloc.o)
    0x08001406   0x08001406   0x0000000c   Code   RO         1152    .text               c_w.l(h1_init.o)
    0x08001412   0x08001412   0x00000002   PAD
    0x08001414   0x08001414   0x000000f8   Code   RO         1170    .text               c_w.l(fseek.o)
    0x0800150c   0x0800150c   0x0000000a   Code   RO         1176    .text               c_w.l(defsig_exit.o)
    0x08001516   0x08001516   0x00000002   PAD
    0x08001518   0x08001518   0x00000034   Code   RO         1178    .text               c_w.l(defsig_rtred_inner.o)
    0x0800154c   0x0800154c   0x0000003e   Code   RO         1180    .text               c_w.l(strlen.o)
    0x0800158a   0x0800158a   0x00000002   PAD
    0x0800158c   0x0800158c   0x0000000c   Code   RO         1194    .text               c_w.l(sys_exit.o)
    0x08001598   0x08001598   0x00000000   Code   RO         1209    .text               c_w.l(maybetermalloc1.o)
    0x08001598   0x08001598   0x00000034   Code   RO         1211    .text               c_w.l(h1_extend.o)
    0x080015cc   0x080015cc   0x00000042   Code   RO         1215    .text               c_w.l(ftell.o)
    0x0800160e   0x0800160e   0x00000032   Code   RO         1219    .text               c_w.l(defsig_general.o)
    0x08001640   0x08001640   0x0000000e   Code   RO         1221    .text               c_w.l(defsig_rtmem_outer.o)
    0x0800164e   0x0800164e   0x0000000e   Code   RO         1232    .text               c_w.l(sys_wrch.o)
    0x0800165c   0x0800165c   0x00000008   Code   RO         1239    .text               c_w.l(rt_errno_addr_intlibspace.o)
    0x08001664   0x08001664   0x00000050   Code   RO         1243    .text               c_w.l(defsig_rtmem_inner.o)
    0x080016b4   0x080016b4   0x00000002   Code   RO          118    .text.BusFault_Handler  stm32f1xx_it.o
    0x080016b6   0x080016b6   0x00000002   PAD
    0x080016b8   0x080016b8   0x0000000c   Code   RO          130    .text.DMA1_Channel7_IRQHandler  stm32f1xx_it.o
    0x080016c4   0x080016c4   0x00000002   Code   RO          124    .text.DebugMon_Handler  stm32f1xx_it.o
    0x080016c6   0x080016c6   0x00000002   PAD
    0x080016c8   0x080016c8   0x0000000a   Code   RO           51    .text.Error_Handler  main.o
    0x080016d2   0x080016d2   0x00000002   PAD
    0x080016d4   0x080016d4   0x000000b6   Code   RO          446    .text.HAL_DMA_Abort_IT  stm32f1xx_hal_dma.o
    0x0800178a   0x0800178a   0x00000002   PAD
    0x0800178c   0x0800178c   0x000001a0   Code   RO          450    .text.HAL_DMA_IRQHandler  stm32f1xx_hal_dma.o
    0x0800192c   0x0800192c   0x00000084   Code   RO          436    .text.HAL_DMA_Init  stm32f1xx_hal_dma.o
    0x080019b0   0x080019b0   0x000000a0   Code   RO          442    .text.HAL_DMA_Start_IT  stm32f1xx_hal_dma.o
    0x08001a50   0x08001a50   0x00000028   Code   RO          320    .text.HAL_Delay     stm32f1xx_hal.o
    0x08001a78   0x08001a78   0x0000020e   Code   RO          412    .text.HAL_GPIO_Init  stm32f1xx_hal_gpio.o
    0x08001c86   0x08001c86   0x00000002   PAD
    0x08001c88   0x08001c88   0x0000000a   Code   RO          416    .text.HAL_GPIO_ReadPin  stm32f1xx_hal_gpio.o
    0x08001c92   0x08001c92   0x00000002   PAD
    0x08001c94   0x08001c94   0x0000000c   Code   RO          312    .text.HAL_GetTick   stm32f1xx_hal.o
    0x08001ca0   0x08001ca0   0x00000002   Code   RO          280    .text.HAL_I2C_ErrorCallback  stm32f1xx_hal_i2c.o
    0x08001ca2   0x08001ca2   0x00000002   PAD
    0x08001ca4   0x08001ca4   0x00000164   Code   RO          162    .text.HAL_I2C_Init  stm32f1xx_hal_i2c.o
    0x08001e08   0x08001e08   0x00000002   Code   RO          266    .text.HAL_I2C_MasterRxCpltCallback  stm32f1xx_hal_i2c.o
    0x08001e0a   0x08001e0a   0x00000002   PAD
    0x08001e0c   0x08001e0c   0x0000001e   Code   RO           11    .text.HAL_I2C_MemRxCpltCallback  mpu6050.o
    0x08001e2a   0x08001e2a   0x00000002   PAD
    0x08001e2c   0x08001e2c   0x0000034e   Code   RO          210    .text.HAL_I2C_Mem_Read  stm32f1xx_hal_i2c.o
    0x0800217a   0x0800217a   0x00000002   PAD
    0x0800217c   0x0800217c   0x00000244   Code   RO          220    .text.HAL_I2C_Mem_Read_DMA  stm32f1xx_hal_i2c.o
    0x080023c0   0x080023c0   0x0000015c   Code   RO          206    .text.HAL_I2C_Mem_Write  stm32f1xx_hal_i2c.o
    0x0800251c   0x0800251c   0x000000a0   Code   RO           83    .text.HAL_I2C_MspInit  i2c.o
    0x080025bc   0x080025bc   0x00000002   Code   RO          270    .text.HAL_I2C_SlaveRxCpltCallback  stm32f1xx_hal_i2c.o
    0x080025be   0x080025be   0x00000002   PAD
    0x080025c0   0x080025c0   0x00000002   Code   RO          268    .text.HAL_I2C_SlaveTxCpltCallback  stm32f1xx_hal_i2c.o
    0x080025c2   0x080025c2   0x00000002   PAD
    0x080025c4   0x080025c4   0x0000001a   Code   RO          310    .text.HAL_IncTick   stm32f1xx_hal.o
    0x080025de   0x080025de   0x00000002   PAD
    0x080025e0   0x080025e0   0x00000026   Code   RO          300    .text.HAL_Init      stm32f1xx_hal.o
    0x08002606   0x08002606   0x00000002   PAD
    0x08002608   0x08002608   0x00000048   Code   RO          302    .text.HAL_InitTick  stm32f1xx_hal.o
    0x08002650   0x08002650   0x00000042   Code   RO          139    .text.HAL_MspInit   stm32f1xx_hal_msp.o
    0x08002692   0x08002692   0x00000002   PAD
    0x08002694   0x08002694   0x00000022   Code   RO          472    .text.HAL_NVIC_EnableIRQ  stm32f1xx_hal_cortex.o
    0x080026b6   0x080026b6   0x00000002   PAD
    0x080026b8   0x080026b8   0x00000056   Code   RO          470    .text.HAL_NVIC_SetPriority  stm32f1xx_hal_cortex.o
    0x0800270e   0x0800270e   0x00000002   PAD
    0x08002710   0x08002710   0x00000020   Code   RO          468    .text.HAL_NVIC_SetPriorityGrouping  stm32f1xx_hal_cortex.o
    0x08002730   0x08002730   0x000001ba   Code   RO          364    .text.HAL_RCC_ClockConfig  stm32f1xx_hal_rcc.o
    0x080028ea   0x080028ea   0x00000002   PAD
    0x080028ec   0x080028ec   0x00000026   Code   RO          376    .text.HAL_RCC_GetPCLK1Freq  stm32f1xx_hal_rcc.o
    0x08002912   0x08002912   0x00000002   PAD
    0x08002914   0x08002914   0x00000026   Code   RO          378    .text.HAL_RCC_GetPCLK2Freq  stm32f1xx_hal_rcc.o
    0x0800293a   0x0800293a   0x00000002   PAD
    0x0800293c   0x0800293c   0x00000400   Code   RO          362    .text.HAL_RCC_OscConfig  stm32f1xx_hal_rcc.o
    0x08002d3c   0x08002d3c   0x0000002c   Code   RO          480    .text.HAL_SYSTICK_Config  stm32f1xx_hal_cortex.o
    0x08002d68   0x08002d68   0x000000e2   Code   RO          633    .text.HAL_UART_Init  stm32f1xx_hal_uart.o
    0x08002e4a   0x08002e4a   0x00000002   PAD
    0x08002e4c   0x08002e4c   0x0000007e   Code   RO           99    .text.HAL_UART_MspInit  usart.o
    0x08002eca   0x08002eca   0x00000002   PAD
    0x08002ecc   0x08002ecc   0x00000002   Code   RO          114    .text.HardFault_Handler  stm32f1xx_it.o
    0x08002ece   0x08002ece   0x00000002   PAD
    0x08002ed0   0x08002ed0   0x0000003a   Code   RO          198    .text.I2C_DMAError  stm32f1xx_hal_i2c.o
    0x08002f0a   0x08002f0a   0x00000002   PAD
    0x08002f0c   0x08002f0c   0x00000130   Code   RO          196    .text.I2C_DMAXferCplt  stm32f1xx_hal_i2c.o
    0x0800303c   0x0800303c   0x00000112   Code   RO          212    .text.I2C_RequestMemoryRead  stm32f1xx_hal_i2c.o
    0x0800314e   0x0800314e   0x00000002   PAD
    0x08003150   0x08003150   0x000000c8   Code   RO          208    .text.I2C_RequestMemoryWrite  stm32f1xx_hal_i2c.o
    0x08003218   0x08003218   0x000000ba   Code   RO          176    .text.I2C_WaitOnBTFFlagUntilTimeout  stm32f1xx_hal_i2c.o
    0x080032d2   0x080032d2   0x00000002   PAD
    0x080032d4   0x080032d4   0x000001ca   Code   RO          172    .text.I2C_WaitOnFlagUntilTimeout  stm32f1xx_hal_i2c.o
    0x0800349e   0x0800349e   0x00000002   PAD
    0x080034a0   0x080034a0   0x000000d6   Code   RO          290    .text.I2C_WaitOnMasterAddressFlagUntilTimeout  stm32f1xx_hal_i2c.o
    0x08003576   0x08003576   0x00000002   PAD
    0x08003578   0x08003578   0x00000090   Code   RO          180    .text.I2C_WaitOnRXNEFlagUntilTimeout  stm32f1xx_hal_i2c.o
    0x08003608   0x08003608   0x000000ba   Code   RO          174    .text.I2C_WaitOnTXEFlagUntilTimeout  stm32f1xx_hal_i2c.o
    0x080036c2   0x080036c2   0x00000002   PAD
    0x080036c4   0x080036c4   0x000000b6   Code   RO           27    .text.MPU6050_DataConvert  mpu6050.o
    0x0800377a   0x0800377a   0x00000002   PAD
    0x0800377c   0x0800377c   0x00000012   Code   RO           29    .text.MPU6050_DataReady  mpu6050.o
    0x0800378e   0x0800378e   0x00000002   PAD
    0x08003790   0x08003790   0x00000094   Code   RO           25    .text.MPU6050_Get6AxisRawData  mpu6050.o
    0x08003824   0x08003824   0x00000250   Code   RO           21    .text.MPU6050_Initialization  mpu6050.o
    0x08003a74   0x08003a74   0x00000012   Code   RO           31    .text.MPU6050_ProcessData  mpu6050.o
    0x08003a86   0x08003a86   0x00000002   PAD
    0x08003a88   0x08003a88   0x00000034   Code   RO           72    .text.MX_DMA_Init   dma.o
    0x08003abc   0x08003abc   0x00000066   Code   RO           64    .text.MX_GPIO_Init  gpio.o
    0x08003b22   0x08003b22   0x00000002   PAD
    0x08003b24   0x08003b24   0x00000042   Code   RO           81    .text.MX_I2C1_Init  i2c.o
    0x08003b66   0x08003b66   0x00000002   PAD
    0x08003b68   0x08003b68   0x0000003c   Code   RO           97    .text.MX_USART1_UART_Init  usart.o
    0x08003ba4   0x08003ba4   0x00000002   Code   RO          116    .text.MemManage_Handler  stm32f1xx_it.o
    0x08003ba6   0x08003ba6   0x00000002   PAD
    0x08003ba8   0x08003ba8   0x00000002   Code   RO          112    .text.NMI_Handler   stm32f1xx_it.o
    0x08003baa   0x08003baa   0x00000002   PAD
    0x08003bac   0x08003bac   0x00000002   Code   RO          126    .text.PendSV_Handler  stm32f1xx_it.o
    0x08003bae   0x08003bae   0x00000002   PAD
    0x08003bb0   0x08003bb0   0x00000002   Code   RO          122    .text.SVC_Handler   stm32f1xx_it.o
    0x08003bb2   0x08003bb2   0x00000002   PAD
    0x08003bb4   0x08003bb4   0x00000004   Code   RO          128    .text.SysTick_Handler  stm32f1xx_it.o
    0x08003bb8   0x08003bb8   0x00000002   Code   RO          753    .text.SystemInit    system_stm32f1xx.o
    0x08003bba   0x08003bba   0x00000002   PAD
    0x08003bbc   0x08003bbc   0x00000002   Code   RO          120    .text.UsageFault_Handler  stm32f1xx_it.o
    0x08003bbe   0x08003bbe   0x00000002   PAD
    0x08003bc0   0x08003bc0   0x00000174   Code   RO           47    .text.main          main.o
    0x08003d34   0x08003d34   0x0000003e   Code   RO          909    CL$$btod_d2e        c_w.l(btod.o)
    0x08003d72   0x08003d72   0x00000046   Code   RO          911    CL$$btod_d2e_denorm_low  c_w.l(btod.o)
    0x08003db8   0x08003db8   0x00000060   Code   RO          910    CL$$btod_d2e_norm_op1  c_w.l(btod.o)
    0x08003e18   0x08003e18   0x00000338   Code   RO          919    CL$$btod_div_common  c_w.l(btod.o)
    0x08004150   0x08004150   0x000000dc   Code   RO          916    CL$$btod_e2e        c_w.l(btod.o)
    0x0800422c   0x0800422c   0x0000002a   Code   RO          913    CL$$btod_ediv       c_w.l(btod.o)
    0x08004256   0x08004256   0x0000002a   Code   RO          912    CL$$btod_emul       c_w.l(btod.o)
    0x08004280   0x08004280   0x00000244   Code   RO          918    CL$$btod_mult_common  c_w.l(btod.o)
    0x080044c4   0x080044c4   0x00000028   Code   RO          950    i.__ARM_fpclassify  m_ws.l(fpclassify.o)
    0x080044ec   0x080044ec   0x0000000e   Code   RO          808    i._is_digit         c_w.l(__printf_wp.o)
    0x080044fa   0x080044fa   0x0000001c   Code   RO          860    i.fputc             c_w.l(fputc.o)
    0x08004516   0x08004516   0x00000002   PAD
    0x08004518   0x08004518   0x0000002c   Code   RO          944    locale$$code        c_w.l(lc_numeric_c.o)
    0x08004544   0x08004544   0x00000062   Code   RO          827    x$fpl$d2f           fz_ws.l(d2f.o)
    0x080045a6   0x080045a6   0x00000002   PAD
    0x080045a8   0x080045a8   0x00000150   Code   RO          829    x$fpl$dadd          fz_ws.l(daddsub_clz.o)
    0x080046f8   0x080046f8   0x0000009c   Code   RO          871    x$fpl$dnaninf       fz_ws.l(dnaninf.o)
    0x08004794   0x08004794   0x0000000c   Code   RO          873    x$fpl$dretinf       fz_ws.l(dretinf.o)
    0x080047a0   0x080047a0   0x000001dc   Code   RO          831    x$fpl$dsub          fz_ws.l(daddsub_clz.o)
    0x0800497c   0x0800497c   0x00000056   Code   RO          835    x$fpl$f2d           fz_ws.l(f2d.o)
    0x080049d2   0x080049d2   0x00000002   PAD
    0x080049d4   0x080049d4   0x00000184   Code   RO          838    x$fpl$fdiv          fz_ws.l(fdiv.o)
    0x08004b58   0x08004b58   0x00000030   Code   RO          842    x$fpl$fflt          fz_ws.l(fflt_clz.o)
    0x08004b88   0x08004b88   0x0000008c   Code   RO          875    x$fpl$fnaninf       fz_ws.l(fnaninf.o)
    0x08004c14   0x08004c14   0x0000000a   Code   RO          877    x$fpl$fretinf       fz_ws.l(fretinf.o)
    0x08004c1e   0x08004c1e   0x00000004   Code   RO          847    x$fpl$printf1       fz_ws.l(printf1.o)
    0x08004c22   0x08004c22   0x00000000   Code   RO          879    x$fpl$usenofp       fz_ws.l(usenofp.o)
    0x08004c22   0x08004c22   0x00000028   Data   RO          781    .constdata          c_w.l(_printf_hex_int.o)
    0x08004c4a   0x08004c4a   0x00000011   Data   RO          811    .constdata          c_w.l(__printf_flags_wp.o)
    0x08004c5b   0x08004c5b   0x00000001   PAD
    0x08004c5c   0x08004c5c   0x00000094   Data   RO          907    .constdata          c_w.l(bigflt0.o)
    0x08004cf0   0x08004cf0   0x00000004   Data   RO          954    .constdata          c_w.l(sys_io_names.o)
    0x08004cf4   0x08004cf4   0x00000004   Data   RO          955    .constdata          c_w.l(sys_io_names.o)
    0x08004cf8   0x08004cf8   0x00000004   Data   RO          956    .constdata          c_w.l(sys_io_names.o)
    0x08004cfc   0x08004cfc   0x00000010   Data   RO          758    .rodata.AHBPrescTable  system_stm32f1xx.o
    0x08004d0c   0x08004d0c   0x00000008   Data   RO          759    .rodata.APBPrescTable  system_stm32f1xx.o
    0x08004d14   0x08004d14   0x00000002   Data   RO          389    .rodata.HAL_RCC_GetSysClockFreq.aPredivFactorTable  stm32f1xx_hal_rcc.o
    0x08004d16   0x08004d16   0x00000010   Data   RO          388    .rodata.cst16       stm32f1xx_hal_rcc.o
    0x08004d26   0x08004d26   0x00000053   Data   RO           34    .rodata.str1.1      mpu6050.o
    0x08004d79   0x08004d79   0x00000003   PAD
    0x08004d7c   0x08004d7c   0x00000020   Data   RO         1269    Region$$Table       anon$$obj.o
    0x08004d9c   0x08004d9c   0x0000001c   Data   RO          943    locale$$data        c_w.l(lc_numeric_c.o)


    Execution Region RW_IRAM1 (Exec base: 0x20000000, Load base: 0x08004db8, Size: 0x00000890, Max: 0x00005000, ABSOLUTE)

    Exec Addr    Load Addr    Size         Type   Attr      Idx    E Section Name        Object

    0x20000000   0x08004db8   0x00000004   Data   RW          866    .data               c_w.l(stdio_streams.o)
    0x20000004   0x08004dbc   0x00000004   Data   RW          867    .data               c_w.l(stdio_streams.o)
    0x20000008   0x08004dc0   0x00000004   Data   RW          868    .data               c_w.l(stdio_streams.o)
    0x2000000c   0x08004dc4   0x00000008   Data   RW          351    .data..L_MergedGlobals  stm32f1xx_hal.o
    0x20000014   0x08004dcc   0x00000004   Data   RW          757    .data.SystemCoreClock  system_stm32f1xx.o
    0x20000018        -       0x00000054   Zero   RW          863    .bss                c_w.l(stdio_streams.o)
    0x2000006c        -       0x00000054   Zero   RW          864    .bss                c_w.l(stdio_streams.o)
    0x200000c0        -       0x00000054   Zero   RW          865    .bss                c_w.l(stdio_streams.o)
    0x20000114        -       0x00000060   Zero   RW          960    .bss                c_w.l(libspace.o)
    0x20000174        -       0x00000008   Zero   RW           36    .bss..L_MergedGlobals  mpu6050.o
    0x2000017c        -       0x0000002c   Zero   RW           35    .bss.MPU6050        mpu6050.o
    0x200001a8        -       0x00000001   Zero   RW           33    .bss.dma_complete   mpu6050.o
    0x200001a9   0x08004dd0   0x00000003   PAD
    0x200001ac        -       0x00000044   Zero   RW           88    .bss.hdma_i2c1_rx   i2c.o
    0x200001f0        -       0x00000054   Zero   RW           87    .bss.hi2c1          i2c.o
    0x20000244        -       0x00000048   Zero   RW          103    .bss.huart1         usart.o
    0x2000028c        -       0x00000004   Zero   RW          350    .bss.uwTick         stm32f1xx_hal.o
    0x20000290        -       0x00000200   Zero   RW            2    HEAP                startup_stm32f103xb.o
    0x20000490        -       0x00000400   Zero   RW            1    STACK               startup_stm32f103xb.o


==============================================================================

Image component sizes


      Code (inc. data)   RO Data    RW Data    ZI Data      Debug   Object Name

        52          0          0          0          0       2176   dma.o
       102          0          0          0          0       1379   gpio.o
       226          0          0          0        152       4582   i2c.o
       382        100          0          0          0       3755   main.o
       988        144         83          0         53       8131   mpu6050.o
        64         26        236          0       1536        792   startup_stm32f103xb.o
       188          0          0          8          4       5753   stm32f1xx_hal.o
       196          0          0          0          0       8407   stm32f1xx_hal_cortex.o
       890          0          0          0          0       8274   stm32f1xx_hal_dma.o
       536         22          0          0          0       4681   stm32f1xx_hal_gpio.o
      4162          0          0          0          0      44979   stm32f1xx_hal_i2c.o
        66          0          0          0          0       1202   stm32f1xx_hal_msp.o
      1542          0         18          0          0       7941   stm32f1xx_hal_rcc.o
       226          0          0          0          0      32613   stm32f1xx_hal_uart.o
        32          0          0          0          0       2663   stm32f1xx_it.o
         2          0         24          4          0       1591   system_stm32f1xx.o
       186          0          0          0         72       4309   usart.o

    ----------------------------------------------------------------------
      9920        292        396         12       1820     143228   Object Totals
         0          0         32          0          0          0   (incl. Generated)
        80          0          3          0          3          0   (incl. Padding)

    ----------------------------------------------------------------------

      Code (inc. data)   RO Data    RW Data    ZI Data      Debug   Library Member Name

         8          0          0          0          0         68   __main.o
       312          4         17          0          0         92   __printf_flags_wp.o
        14          0          0          0          0         68   __printf_wp.o
         0          0          0          0          0          0   __rtentry.o
        12          0          0          0          0          0   __rtentry2.o
         6          0          0          0          0          0   __rtentry4.o
        94          8          0          0          0          0   __scatter.o
        26          0          0          0          0          0   __scatter_copy.o
        28          0          0          0          0          0   __scatter_zi.o
        48          6          0          0          0         96   _printf_char_common.o
        36          4          0          0          0         80   _printf_char_file.o
         6          0          0          0          0          0   _printf_f.o
      1052          0          0          0          0        148   _printf_fp_dec.o
       128         16          0          0          0         84   _printf_fp_infnan.o
        88          4         40          0          0         88   _printf_hex_int.o
       178          0          0          0          0         88   _printf_intcommon.o
        78          0          0          0          0        108   _printf_pad.o
         0          0          0          0          0          0   _printf_percent.o
         4          0          0          0          0          0   _printf_percent_end.o
         6          0          0          0          0          0   _printf_x.o
       228          4        148          0          0         96   bigflt0.o
      1936        128          0          0          0        668   btod.o
        10          0          0          0          0         68   defsig_exit.o
        50          0          0          0          0         88   defsig_general.o
        80         58          0          0          0         76   defsig_rtmem_inner.o
        14          0          0          0          0         80   defsig_rtmem_outer.o
        52         38          0          0          0         76   defsig_rtred_inner.o
        14          0          0          0          0         80   defsig_rtred_outer.o
        18          0          0          0          0         80   exit.o
        76          0          0          0          0         88   fclose.o
         8          0          0          0          0         68   ferror.o
       482          0          0          0          0         92   flsbuf.o
       240          6          0          0          0        128   fopen.o
        28          0          0          0          0         68   fputc.o
       248          6          0          0          0         84   fseek.o
        66          0          0          0          0         76   ftell.o
        94          0          0          0          0         80   h1_alloc.o
        52          0          0          0          0         68   h1_extend.o
        78          0          0          0          0         80   h1_free.o
        12          0          0          0          0         84   h1_init.o
         6          0          0          0          0        152   heapauxi.o
         4          0          0          0          0        136   hguard.o
         0          0          0          0          0          0   indicate_semi.o
       138          0          0          0          0        168   init_alloc.o
       312         46          0          0          0        112   initio.o
        44         10         28          0          0         76   lc_numeric_c.o
         2          0          0          0          0          0   libinit.o
        30          0          0          0          0          0   libinit2.o
         2          0          0          0          0          0   libshutdown.o
         6          0          0          0          0          0   libshutdown2.o
         8          4          0          0         96         68   libspace.o
       138          0          0          0          0         80   lludiv10.o
         0          0          0          0          0          0   maybetermalloc1.o
        24          4          0          0          0         84   noretval__2printf.o
        44          4          0          0          0         84   puts.o
         8          4          0          0          0         68   rt_errno_addr_intlibspace.o
         8          4          0          0          0         68   rt_heap_descriptor_intlibspace.o
         8          4          0          0          0         68   rt_locale_intlibspace.o
        78          0          0          0          0         80   rt_memclr_w.o
         2          0          0          0          0          0   rtexit.o
        10          0          0          0          0          0   rtexit2.o
        70          0          0          0          0         80   setvbuf.o
       264          6          0          0          0        160   stdio.o
         0          0          0         12        252          0   stdio_streams.o
       128          0          0          0          0         68   strcmpv7m.o
        62          0          0          0          0         76   strlen.o
        12          4          0          0          0         68   sys_exit.o
       102          0          0          0          0        240   sys_io.o
         0          0         12          0          0          0   sys_io_names.o
        74          0          0          0          0         80   sys_stackheap_outer.o
        14          0          0          0          0         76   sys_wrch.o
         2          0          0          0          0         68   use_no_semi.o
        98          4          0          0          0         92   d2f.o
       812         16          0          0          0        296   daddsub_clz.o
       156          4          0          0          0         92   dnaninf.o
        12          0          0          0          0         68   dretinf.o
        86          4          0          0          0         84   f2d.o
       388         76          0          0          0         96   fdiv.o
        48          0          0          0          0         68   fflt_clz.o
       140          4          0          0          0         84   fnaninf.o
        10          0          0          0          0         68   fretinf.o
         4          0          0          0          0         68   printf1.o
         0          0          0          0          0          0   usenofp.o
        40          0          0          0          0         68   fpclassify.o

    ----------------------------------------------------------------------
      9334        480        246         12        348       6392   Library Totals
        30          0          1          0          0          0   (incl. Padding)

    ----------------------------------------------------------------------

      Code (inc. data)   RO Data    RW Data    ZI Data      Debug   Library Name

      7510        372        245         12        348       5308   c_w.l
      1754        108          0          0          0       1016   fz_ws.l
        40          0          0          0          0         68   m_ws.l

    ----------------------------------------------------------------------
      9334        480        246         12        348       6392   Library Totals

    ----------------------------------------------------------------------

==============================================================================


      Code (inc. data)   RO Data    RW Data    ZI Data      Debug   

     19254        772        642         24       2168     145900   Grand Totals
     19254        772        642         24       2168     145900   ELF Image Totals
     19254        772        642         24          0          0   ROM Totals

==============================================================================

    Total RO  Size (Code + RO Data)                19896 (  19.43kB)
    Total RW  Size (RW Data + ZI Data)              2192 (   2.14kB)
    Total ROM Size (Code + RO Data + RW Data)      19920 (  19.45kB)

==============================================================================

